Component: ARM Compiler 5.06 update 7 (build 960) Tool: armlink [4d3601]

==============================================================================

Section Cross References

    startup_stm32f051x8.o(RESET) refers to startup_stm32f051x8.o(STACK) for __initial_sp
    startup_stm32f051x8.o(RESET) refers to startup_stm32f051x8.o(.text) for Reset_Handler
    startup_stm32f051x8.o(RESET) refers to stm32f0xx_it.o(i.NMI_Handler) for NMI_Handler
    startup_stm32f051x8.o(RESET) refers to stm32f0xx_it.o(i.HardFault_Handler) for HardFault_Handler
    startup_stm32f051x8.o(RESET) refers to stm32f0xx_it.o(i.SVC_Handler) for SVC_Handler
    startup_stm32f051x8.o(RESET) refers to stm32f0xx_it.o(i.PendSV_Handler) for PendSV_Handler
    startup_stm32f051x8.o(RESET) refers to stm32f0xx_it.o(i.SysTick_Handler) for SysTick_Handler
    startup_stm32f051x8.o(RESET) refers to stm32f0xx_it.o(i.DMA1_Channel1_IRQHandler) for DMA1_Channel1_IRQHandler
    startup_stm32f051x8.o(RESET) refers to stm32f0xx_it.o(i.DMA1_Channel2_3_IRQHandler) for DMA1_Channel2_3_IRQHandler
    startup_stm32f051x8.o(RESET) refers to stm32f0xx_it.o(i.ADC1_COMP_IRQHandler) for ADC1_COMP_IRQHandler
    startup_stm32f051x8.o(RESET) refers to stm32f0xx_it.o(i.TIM3_IRQHandler) for TIM3_IRQHandler
    startup_stm32f051x8.o(RESET) refers to stm32f0xx_it.o(i.USART1_IRQHandler) for USART1_IRQHandler
    startup_stm32f051x8.o(.text) refers to system_stm32f0xx.o(i.SystemInit) for SystemInit
    startup_stm32f051x8.o(.text) refers to entry.o(.ARM.Collect$$$$00000000) for __main
    application.o(i.ILLUMINATE_STEPS_ON_HMI) refers to hmi_communication.o(i.SEND_TO_HMI) for SEND_TO_HMI
    application.o(i.ILLUMINATE_STEPS_ON_HMI) refers to hmi_handler.o(.data) for steps_hmi_addresses_array
    application.o(i.ILLUMINATE_STEPS_ON_HMI) refers to application.o(.data) for .data
    application.o(i.ILLUMINATE_STEPS_ON_HMI) refers to firing.o(.data) for pwm_value
    application.o(i.Process_Runing) refers to application.o(i.RELAYS_OPERATION) for RELAYS_OPERATION
    application.o(i.Process_Runing) refers to hmi_communication.o(i.SerialEvent) for SerialEvent
    application.o(i.Process_Runing) refers to time_handler.o(i.MULTI_PURPOSE_TIMER) for MULTI_PURPOSE_TIMER
    application.o(i.Process_Runing) refers to measurement.o(i.MEASUREMENT_CALCULATION) for MEASUREMENT_CALCULATION
    application.o(i.Process_Runing) refers to measurement.o(i.calculate_average_for_display) for calculate_average_for_display
    application.o(i.Process_Runing) refers to ffltui.o(.text) for __aeabi_ui2f
    application.o(i.Process_Runing) refers to pid.o(i.PIDController_Update) for PIDController_Update
    application.o(i.Process_Runing) refers to ffixui.o(.text) for __aeabi_f2uiz
    application.o(i.Process_Runing) refers to application.o(i.update_steps_and_pwm) for update_steps_and_pwm
    application.o(i.Process_Runing) refers to application.o(i.Read_All_Signals) for Read_All_Signals
    application.o(i.Process_Runing) refers to hmi_communication.o(.data) for FRAMES_RX_FLAG
    application.o(i.Process_Runing) refers to measurement.o(.data) for complete_measure_flag_for_display
    application.o(i.Process_Runing) refers to auto_mode.o(.data) for current_setting
    application.o(i.Process_Runing) refers to pid.o(.bss) for pid
    application.o(i.Process_Runing) refers to application.o(.data) for .data
    application.o(i.RELAYS_OPERATION) refers to application.o(i.__ARM_common_switch8) for __ARM_common_switch8
    application.o(i.RELAYS_OPERATION) refers to stm32f0xx_hal_gpio.o(i.HAL_GPIO_WritePin) for HAL_GPIO_WritePin
    application.o(i.RELAYS_OPERATION) refers to application.o(.data) for .data
    application.o(i.RELAYS_OPERATION) refers to hmi_handler.o(.data) for STEP_STATE_ARRAY
    application.o(i.Read_All_Signals) refers to application.o(i.__ARM_common_switch8) for __ARM_common_switch8
    application.o(i.Read_All_Signals) refers to stm32f0xx_hal_gpio.o(i.HAL_GPIO_ReadPin) for HAL_GPIO_ReadPin
    application.o(i.Read_All_Signals) refers to application.o(.data) for .data
    application.o(i.all_contactors_updated) refers to application.o(.data) for .data
    application.o(i.all_contactors_updated) refers to hmi_handler.o(.data) for STEP_STATE_ARRAY
    application.o(i.search_if_any_step_on) refers to application.o(.data) for .data
    application.o(i.update_steps_and_pwm) refers to auto_mode.o(i.auto_operation) for auto_operation
    application.o(i.update_steps_and_pwm) refers to auto_mode.o(.data) for current_setting
    application.o(i.update_steps_and_pwm) refers to application.o(.data) for .data
    application.o(i.update_steps_and_pwm) refers to firing.o(.data) for new_firing_order_flag
    application.o(i.update_steps_and_pwm) refers to measurement.o(.data) for total_measured_ampere
    auto_mode.o(i.auto_operation) refers to auto_mode.o(i.calculate_array_of_currents) for calculate_array_of_currents
[...]
    i.SEND_TO_HMI                            0x08003400   Section        0  hmi_communication.o(i.SEND_TO_HMI)
    i.SVC_Handler                            0x08003430   Section        0  stm32f0xx_it.o(i.SVC_Handler)
    i.SerialEvent                            0x08003434   Section        0  hmi_communication.o(i.SerialEvent)
    i.Start_Operation                        0x080034cc   Section        0  time_based_table_operation.o(i.Start_Operation)
    i.Stop_Operation                         0x080034f0   Section        0  time_based_table_operation.o(i.Stop_Operation)
    i.Store_Value                            0x0800350c   Section        0  measurement_history.o(i.Store_Value)
    i.SysTick_Handler                        0x08003578   Section        0  stm32f0xx_it.o(i.SysTick_Handler)
    i.SystemClock_Config                     0x08003580   Section        0  main.o(i.SystemClock_Config)
    i.SystemInit                             0x080035dc   Section        0  system_stm32f0xx.o(i.SystemInit)
    i.TIM3_IRQHandler                        0x08003638   Section        0  stm32f0xx_it.o(i.TIM3_IRQHandler)
    i.TIM_Base_SetConfig                     0x08003648   Section        0  stm32f0xx_hal_tim.o(i.TIM_Base_SetConfig)
    i.TIM_CCxChannelCmd                      0x080036dc   Section        0  stm32f0xx_hal_tim.o(i.TIM_CCxChannelCmd)
    i.TIM_ETR_SetConfig                      0x080036f2   Section        0  stm32f0xx_hal_tim.o(i.TIM_ETR_SetConfig)
    i.TIM_ITRx_SetConfig                     0x08003708   Section        0  stm32f0xx_hal_tim.o(i.TIM_ITRx_SetConfig)
    TIM_ITRx_SetConfig                       0x08003709   Thumb Code    16  stm32f0xx_hal_tim.o(i.TIM_ITRx_SetConfig)
    i.TIM_OC1_SetConfig                      0x08003718   Section        0  stm32f0xx_hal_tim.o(i.TIM_OC1_SetConfig)
    TIM_OC1_SetConfig                        0x08003719   Thumb Code   120  stm32f0xx_hal_tim.o(i.TIM_OC1_SetConfig)
    i.TIM_OC2_SetConfig                      0x080037a0   Section        0  stm32f0xx_hal_tim.o(i.TIM_OC2_SetConfig)
    i.TIM_OC3_SetConfig                      0x08003820   Section        0  stm32f0xx_hal_tim.o(i.TIM_OC3_SetConfig)
    TIM_OC3_SetConfig                        0x08003821   Thumb Code   114  stm32f0xx_hal_tim.o(i.TIM_OC3_SetConfig)
    i.TIM_OC4_SetConfig                      0x080038a4   Section        0  stm32f0xx_hal_tim.o(i.TIM_OC4_SetConfig)
    TIM_OC4_SetConfig                        0x080038a5   Thumb Code    90  stm32f0xx_hal_tim.o(i.TIM_OC4_SetConfig)
    i.TIM_TI1_ConfigInputStage               0x08003910   Section        0  stm32f0xx_hal_tim.o(i.TIM_TI1_ConfigInputStage)
    TIM_TI1_ConfigInputStage                 0x08003911   Thumb Code    34  stm32f0xx_hal_tim.o(i.TIM_TI1_ConfigInputStage)
    i.TIM_TI2_ConfigInputStage               0x08003932   Section        0  stm32f0xx_hal_tim.o(i.TIM_TI2_ConfigInputStage)
    TIM_TI2_ConfigInputStage                 0x08003933   Thumb Code    38  stm32f0xx_hal_tim.o(i.TIM_TI2_ConfigInputStage)
    i.UART_AdvFeatureConfig                  0x08003958   Section        0  stm32f0xx_hal_uart.o(i.UART_AdvFeatureConfig)
    i.UART_CheckIdleState                    0x08003a24   Section        0  stm32f0xx_hal_uart.o(i.UART_CheckIdleState)
    i.UART_DMAAbortOnError                   0x08003a8c   Section        0  stm32f0xx_hal_uart.o(i.UART_DMAAbortOnError)
    UART_DMAAbortOnError                     0x08003a8d   Thumb Code    20  stm32f0xx_hal_uart.o(i.UART_DMAAbortOnError)
    i.UART_DMAError                          0x08003aa0   Section        0  stm32f0xx_hal_uart.o(i.UART_DMAError)
    UART_DMAError                            0x08003aa1   Thumb Code    74  stm32f0xx_hal_uart.o(i.UART_DMAError)
    i.UART_DMAReceiveCplt                    0x08003aea   Section        0  stm32f0xx_hal_uart.o(i.UART_DMAReceiveCplt)
    UART_DMAReceiveCplt                      0x08003aeb   Thumb Code    64  stm32f0xx_hal_uart.o(i.UART_DMAReceiveCplt)
    i.UART_DMARxHalfCplt                     0x08003b2a   Section        0  stm32f0xx_hal_uart.o(i.UART_DMARxHalfCplt)
    UART_DMARxHalfCplt                       0x08003b2b   Thumb Code    10  stm32f0xx_hal_uart.o(i.UART_DMARxHalfCplt)
    i.UART_DMATransmitCplt                   0x08003b34   Section        0  stm32f0xx_hal_uart.o(i.UART_DMATransmitCplt)
    UART_DMATransmitCplt                     0x08003b35   Thumb Code    48  stm32f0xx_hal_uart.o(i.UART_DMATransmitCplt)
    i.UART_DMATxHalfCplt                     0x08003b64   Section        0  stm32f0xx_hal_uart.o(i.UART_DMATxHalfCplt)
    UART_DMATxHalfCplt                       0x08003b65   Thumb Code    10  stm32f0xx_hal_uart.o(i.UART_DMATxHalfCplt)
    i.UART_EndRxTransfer                     0x08003b6e   Section        0  stm32f0xx_hal_uart.o(i.UART_EndRxTransfer)
    UART_EndRxTransfer                       0x08003b6f   Thumb Code    30  stm32f0xx_hal_uart.o(i.UART_EndRxTransfer)
    i.UART_EndTransmit_IT                    0x08003b8c   Section        0  stm32f0xx_hal_uart.o(i.UART_EndTransmit_IT)
    i.UART_EndTxTransfer                     0x08003ba6   Section        0  stm32f0xx_hal_uart.o(i.UART_EndTxTransfer)
    UART_EndTxTransfer                       0x08003ba7   Thumb Code    18  stm32f0xx_hal_uart.o(i.UART_EndTxTransfer)
    i.UART_Receive_IT                        0x08003bb8   Section        0  stm32f0xx_hal_uart.o(i.UART_Receive_IT)
    i.UART_SetConfig                         0x08003c34   Section        0  stm32f0xx_hal_uart.o(i.UART_SetConfig)
    i.UART_Transmit_IT                       0x08003d64   Section        0  stm32f0xx_hal_uart.o(i.UART_Transmit_IT)
    i.UART_WaitOnFlagUntilTimeout            0x08003dca   Section        0  stm32f0xx_hal_uart.o(i.UART_WaitOnFlagUntilTimeout)
    i.USART1_IRQHandler                      0x08003e2c   Section        0  stm32f0xx_it.o(i.USART1_IRQHandler)
    i.__ARM_clz                              0x08003e3c   Section        0  depilogue.o(i.__ARM_clz)
    i.__ARM_common_switch8                   0x08003e6a   Section        0  application.o(i.__ARM_common_switch8)
    i.__scatterload_copy                     0x08003e84   Section       14  handlers.o(i.__scatterload_copy)
    i.__scatterload_null                     0x08003e92   Section        2  handlers.o(i.__scatterload_null)
    i.__scatterload_zeroinit                 0x08003e94   Section       14  handlers.o(i.__scatterload_zeroinit)
    i.all_contactors_updated                 0x08003ea4   Section        0  application.o(i.all_contactors_updated)
    i.auto_calibration                       0x08003ecc   Section        0  measurement.o(i.auto_calibration)
    i.auto_operation                         0x08003ff8   Section        0  auto_mode.o(i.auto_operation)
    i.calculate_array_of_currents            0x08004038   Section        0  auto_mode.o(i.calculate_array_of_currents)
    i.calculate_average_for_display          0x0800408c   Section        0  measurement.o(i.calculate_average_for_display)
    i.calculate_capacity                     0x08004138   Section        0  capacity_measurement.o(i.calculate_capacity)
    i.calculate_difference_array             0x0800415c   Section        0  auto_mode.o(i.calculate_difference_array)
    i.calculate_possible_probabilities       0x08004184   Section        0  auto_mode.o(i.calculate_possible_probabilities)
    i.calculate_process_begin_end            0x080041c8   Section        0  auto_mode.o(i.calculate_process_begin_end)
    i.calculate_total_capacity               0x0800420c   Section        0  capacity_measurement.o(i.calculate_total_capacity)
    i.capacity_start_calculations            0x08004230   Section        0  capacity_measurement.o(i.capacity_start_calculations)
    i.check_end_voltage_limitation           0x08004240   Section        0  auto_mode.o(i.check_end_voltage_limitation)
    i.check_input_current_limits             0x0800427c   Section        0  auto_mode.o(i.check_input_current_limits)
    i.determine_pwm_value                    0x08004328   Section        0  auto_mode.o(i.determine_pwm_value)
    i.display_measure_history                0x08004384   Section        0  measurement_history.o(i.display_measure_history)
    i.find_best_choice                       0x080043d0   Section        0  auto_mode.o(i.find_best_choice)
    i.firing                                 0x08004424   Section        0  firing.o(i.firing)
    i.flashing_registeration                 0x080044d4   Section        0  hmi_handler.o(i.flashing_registeration)
    i.get_capacity_and_stop_calculations     0x08004564   Section        0  capacity_measurement.o(i.get_capacity_and_stop_calculations)
    i.initiate_multiset_point_mode           0x0800459c   Section        0  auto_mode.o(i.initiate_multiset_point_mode)
    i.main                                   0x080045dc   Section        0  main.o(i.main)
    i.measure_10_msec                        0x08004630   Section        0  measurement.o(i.measure_10_msec)
    i.measure_start_dma_adc                  0x0800467c   Section        0  measurement.o(i.measure_start_dma_adc)
    i.measure_timer_it                       0x080046a4   Section        0  measurement.o(i.measure_timer_it)
    i.multi_set_point_operation              0x080046e4   Section        0  auto_mode.o(i.multi_set_point_operation)
    i.on_the_suitable_steps                  0x08004858   Section        0  auto_mode.o(i.on_the_suitable_steps)
    i.read_next_address_without_dequeue      0x08004888   Section        0  queue_dgus_rx.o(i.read_next_address_without_dequeue)
    i.refresh_hmi_screen_while_unpushed      0x080048b4   Section        0  hmi_handler.o(i.refresh_hmi_screen_while_unpushed)
    i.replace                                0x080048d8   Section        0  auto_mode.o(i.replace)
    i.search_if_any_step_on                  0x080048e4   Section        0  application.o(i.search_if_any_step_on)
    i.search_on_queue                        0x08004900   Section        0  queue_dgus_rx.o(i.search_on_queue)
    i.send_tx_queue_hmi_communication        0x08004980   Section        0  hmi_communication.o(i.send_tx_queue_hmi_communication)
    i.set_half_sec_counter                   0x08004aa4   Section        0  time_handler.o(i.set_half_sec_counter)
    i.start_hmi_uart                         0x08004ab0   Section        0  hmi_communication.o(i.start_hmi_uart)
    i.update_operation                       0x08004ac8   Section        0  auto_mode.o(i.update_operation)
    i.update_steps_and_pwm                   0x08004bbc   Section        0  application.o(i.update_steps_and_pwm)
    .constdata                               0x08004c50   Section       16  system_stm32f0xx.o(.constdata)
    .constdata                               0x08004c60   Section        8  system_stm32f0xx.o(.constdata)
    .data                                    0x20000000   Section       24  application.o(.data)
    old_setting                              0x20000004   Data           2  application.o(.data)
    after_pid_setting                        0x20000006   Data           2  application.o(.data)
    .data                                    0x20000018   Section       96  arrays_calibration_firing.o(.data)
    .data                                    0x20000078   Section       96  arrays_calibration_firing.o(.data)
    .data                                    0x200000d8   Section       96  arrays_calibration_firing.o(.data)
    .data                                    0x20000138   Section       96  arrays_calibration_firing.o(.data)
    .data                                    0x20000198   Section      112  auto_mode.o(.data)
    status                                   0x200001a6   Data           1  auto_mode.o(.data)
    max_input_count                          0x200001a7   Data           1  auto_mode.o(.data)
    .data                                    0x20000208   Section        6  firing.o(.data)
    .data                                    0x20000210   Section       59  hmi_communication.o(.data)
    messege_arranger_flag                    0x20000214   Data           1  hmi_communication.o(.data)
    messege_arranger_arr_1                   0x20000215   Data           1  hmi_communication.o(.data)
    messege_arranger_arr_2                   0x20000216   Data           1  hmi_communication.o(.data)
    .data                                    0x2000024b   Section        1  hmi_communication.o(.data)
    .data                                    0x2000024c   Section       44  hmi_handler.o(.data)
    tog                                      0x2000024f   Data           1  hmi_handler.o(.data)
    .data                                    0x20000278   Section       48  measurement.o(.data)
    contactors_response_COUNTER              0x20000284   Data           2  measurement.o(.data)
    max                                      0x20000286   Data           2  measurement.o(.data)
    .data                                    0x200002a8   Section       16  queue_dgus_rx.o(.data)
    .data                                    0x200002b8   Section       20  time_handler.o(.data)
    x                                        0x200002c8   Data           4  time_handler.o(.data)
    .data                                    0x200002cc   Section        6  measurement_history.o(.data)
    .data                                    0x200002d4   Section       16  time_based_table_operation.o(.data)
    Interval_Process_Status                  0x200002d4   Data           1  time_based_table_operation.o(.data)
    Interval_Action_Type                     0x200002d5   Data           1  time_based_table_operation.o(.data)
    Overall_Process_Status                   0x200002d6   Data           1  time_based_table_operation.o(.data)
    Duration_Counter                         0x200002d8   Data           2  time_based_table_operation.o(.data)
    miles_counter                            0x200002dc   Data           4  time_based_table_operation.o(.data)
    .data                                    0x200002e4   Section       16  capacity_measurement.o(.data)
    start_flag_iteration_capacity_calculations 0x200002e4   Data           1  capacity_measurement.o(.data)
    start_flag_total_capacity_calculations   0x200002e5   Data           1  capacity_measurement.o(.data)
    capacity_current_accumulator             0x200002e8   Data           4  capacity_measurement.o(.data)
    _10mils_counter                          0x200002ec   Data           4  capacity_measurement.o(.data)
    total_capacity                           0x200002f0   Data           4  capacity_measurement.o(.data)
    .data                                    0x200002f4   Section        4  stm32f0xx_hal.o(.data)
    .data                                    0x200002f8   Section        4  system_stm32f0xx.o(.data)
    .bss                                     0x200002fc   Section     2000  auto_mode.o(.bss)
    .bss                                     0x20000acc   Section      124  hmi_communication.o(.bss)
    send_dma_buff                            0x20000ae4   Data         100  hmi_communication.o(.bss)
    .bss                                     0x20000b48   Section      294  hmi_handler.o(.bss)
    .bss                                     0x20000c6e   Section       64  hmi_handler.o(.bss)
    .bss                                     0x20000cb0   Section      144  measurement.o(.bss)
    .bss                                     0x20000d40   Section       56  pid.o(.bss)
    .bss                                     0x20000d78   Section      808  queue_dgus_rx.o(.bss)
    .bss                                     0x200010a0   Section      288  measurement_history.o(.bss)
    .bss                                     0x200011c0   Section       10  time_based_table_operation.o(.bss)
    Setting_Data                             0x200011c0   Data          10  time_based_table_operation.o(.bss)
    .bss                                     0x200011cc   Section      144  adc.o(.bss)
    .bss                                     0x2000125c   Section      128  tim.o(.bss)
    .bss                                     0x200012dc   Section      248  usart.o(.bss)
    STACK                                    0x200013d8   Section     1024  startup_stm32f051x8.o(STACK)

    Global Symbols

    Symbol Name                              Value     Ov Type        Size  Object(Section)

    BuildAttributes$$THM_ISAv3M$S$PE$A:L22$X:L11$S22$IEEE1$IW$USESV6$~STKCKD$USESV7$~SHL$OTIME$ROPI$EBA8$MICROLIB$REQ8$PRES8$EABIv2 0x00000000   Number         0  anon$$obj.o ABSOLUTE
    __ARM_use_no_argv                        0x00000000   Number         0  main.o ABSOLUTE
    __arm_fini_                               - Undefined Weak Reference
    __cpp_initialize__aeabi_                  - Undefined Weak Reference
    __cxa_finalize                            - Undefined Weak Reference
    _clock_init                               - Undefined Weak Reference
    _microlib_exit                            - Undefined Weak Reference
    __Vectors_Size                           0x000000bc   Number         0  startup_stm32f051x8.o ABSOLUTE
    __Vectors                                0x08000000   Data           4  startup_stm32f051x8.o(RESET)
    __Vectors_End                            0x080000bc   Data           0  startup_stm32f051x8.o(RESET)
    __main                                   0x080000bd   Thumb Code     0  entry.o(.ARM.Collect$$$$00000000)
    _main_stk                                0x080000bd   Thumb Code     0  entry2.o(.ARM.Collect$$$$00000001)
    _main_scatterload                        0x080000c1   Thumb Code     0  entry5.o(.ARM.Collect$$$$00000004)
    __main_after_scatterload                 0x080000c5   Thumb Code     0  entry5.o(.ARM.Collect$$$$00000004)
    _main_clock                              0x080000c5   Thumb Code     0  entry7b.o(.ARM.Collect$$$$00000008)
    _main_cpp_init                           0x080000c5   Thumb Code     0  entry8b.o(.ARM.Collect$$$$0000000A)
    _main_init                               0x080000c5   Thumb Code     0  entry9a.o(.ARM.Collect$$$$0000000B)
    __rt_lib_shutdown_fini                   0x080000cd   Thumb Code     0  entry12b.o(.ARM.Collect$$$$0000000E)
    __rt_final_cpp                           0x080000d1   Thumb Code     0  entry10a.o(.ARM.Collect$$$$0000000F)
    __rt_final_exit                          0x080000d1   Thumb Code     0  entry11a.o(.ARM.Collect$$$$00000011)
    Reset_Handler                            0x080000d5   Thumb Code     8  startup_stm32f051x8.o(.text)
    CEC_IRQHandler                           0x080000e7   Thumb Code     0  startup_stm32f051x8.o(.text)
    DMA1_Channel4_5_IRQHandler               0x080000e7   Thumb Code     0  startup_stm32f051x8.o(.text)
    EXTI0_1_IRQHandler                       0x080000e7   Thumb Code     0  startup_stm32f051x8.o(.text)
    EXTI2_3_IRQHandler                       0x080000e7   Thumb Code     0  startup_stm32f051x8.o(.text)
    EXTI4_15_IRQHandler                      0x080000e7   Thumb Code     0  startup_stm32f051x8.o(.text)
    FLASH_IRQHandler                         0x080000e7   Thumb Code     0  startup_stm32f051x8.o(.text)
    I2C1_IRQHandler                          0x080000e7   Thumb Code     0  startup_stm32f051x8.o(.text)
    I2C2_IRQHandler                          0x080000e7   Thumb Code     0  startup_stm32f051x8.o(.text)
    PVD_IRQHandler                           0x080000e7   Thumb Code     0  startup_stm32f051x8.o(.text)
    RCC_IRQHandler                           0x080000e7   Thumb Code     0  startup_stm32f051x8.o(.text)
    RTC_IRQHandler                           0x080000e7   Thumb Code     0  startup_stm32f051x8.o(.text)
    SPI1_IRQHandler                          0x080000e7   Thumb Code     0  startup_stm32f051x8.o(.text)
    SPI2_IRQHandler                          0x080000e7   Thumb Code     0  startup_stm32f051x8.o(.text)
    TIM14_IRQHandler                         0x080000e7   Thumb Code     0  startup_stm32f051x8.o(.text)
    TIM15_IRQHandler                         0x080000e7   Thumb Code     0  startup_stm32f051x8.o(.text)
    TIM16_IRQHandler                         0x080000e7   Thumb Code     0  startup_stm32f051x8.o(.text)
    TIM17_IRQHandler                         0x080000e7   Thumb Code     0  startup_stm32f051x8.o(.text)
    TIM1_BRK_UP_TRG_COM_IRQHandler           0x080000e7   Thumb Code     0  startup_stm32f051x8.o(.text)
    TIM1_CC_IRQHandler                       0x080000e7   Thumb Code     0  startup_stm32f051x8.o(.text)
    TIM2_IRQHandler                          0x080000e7   Thumb Code     0  startup_stm32f051x8.o(.text)
    TIM6_DAC_IRQHandler                      0x080000e7   Thumb Code     0  startup_stm32f051x8.o(.text)
    TSC_IRQHandler                           0x080000e7   Thumb Code     0  startup_stm32f051x8.o(.text)
    USART2_IRQHandler                        0x080000e7   Thumb Code     0  startup_stm32f051x8.o(.text)
    WWDG_IRQHandler                          0x080000e7   Thumb Code     0  startup_stm32f051x8.o(.text)
    __aeabi_uidiv                            0x080000f1   Thumb Code     0  uidiv.o(.text)
    __aeabi_uidivmod                         0x080000f1   Thumb Code    44  uidiv.o(.text)
    __aeabi_idiv                             0x0800011d   Thumb Code     0  idiv.o(.text)
    __aeabi_idivmod                          0x0800011d   Thumb Code    40  idiv.o(.text)
    __aeabi_llsr                             0x08000145   Thumb Code    34  llushr.o(.text)
    _ll_ushift_r                             0x08000145   Thumb Code     0  llushr.o(.text)
    __aeabi_memcpy                           0x08000167   Thumb Code    36  memcpya.o(.text)
    __aeabi_memcpy4                          0x08000167   Thumb Code     0  memcpya.o(.text)
    __aeabi_memcpy8                          0x08000167   Thumb Code     0  memcpya.o(.text)
    __aeabi_memset                           0x0800018b   Thumb Code    14  memseta.o(.text)
    __aeabi_memset4                          0x0800018b   Thumb Code     0  memseta.o(.text)
    __aeabi_memset8                          0x0800018b   Thumb Code     0  memseta.o(.text)
    __aeabi_memclr                           0x08000199   Thumb Code     4  memseta.o(.text)
    __aeabi_memclr4                          0x08000199   Thumb Code     0  memseta.o(.text)
    __aeabi_memclr8                          0x08000199   Thumb Code     0  memseta.o(.text)
    _memset$wrapper                          0x0800019d   Thumb Code    18  memseta.o(.text)
    __aeabi_fadd                             0x080001af   Thumb Code   162  fadd.o(.text)
    __aeabi_fsub                             0x08000251   Thumb Code     8  fadd.o(.text)
    __aeabi_frsub                            0x08000259   Thumb Code     8  fadd.o(.text)
    __aeabi_fmul                             0x08000261   Thumb Code   122  fmul.o(.text)
    __aeabi_fdiv                             0x080002db   Thumb Code   124  fdiv.o(.text)
    __ARM_scalbnf                            0x08000357   Thumb Code    24  fscalb.o(.text)
    scalbnf                                  0x08000357   Thumb Code     0  fscalb.o(.text)
    __aeabi_dadd                             0x08000371   Thumb Code   330  dadd.o(.text)
    __aeabi_dsub                             0x080004bb   Thumb Code    12  dadd.o(.text)
    __aeabi_drsub                            0x080004c7   Thumb Code    12  dadd.o(.text)
    __aeabi_dmul                             0x080004d9   Thumb Code   202  dmul.o(.text)
    __aeabi_ddiv                             0x080005a9   Thumb Code   234  ddiv.o(.text)
    __aeabi_i2f                              0x08000699   Thumb Code    22  fflti.o(.text)
    __aeabi_ui2f                             0x080006af   Thumb Code    14  ffltui.o(.text)
    __aeabi_ui2d                             0x080006bd   Thumb Code    24  dfltui.o(.text)
    __aeabi_ul2d                             0x080006d9   Thumb Code    22  dfltul.o(.text)
    __aeabi_f2iz                             0x080006f5   Thumb Code    50  ffixi.o(.text)
    __aeabi_f2uiz                            0x08000727   Thumb Code    40  ffixui.o(.text)
    __aeabi_d2iz                             0x08000751   Thumb Code    62  dfixi.o(.text)
    __aeabi_d2uiz                            0x08000799   Thumb Code    50  dfixui.o(.text)
    __aeabi_f2d                              0x080007d5   Thumb Code    40  f2d.o(.text)
    __aeabi_cdcmpeq                          0x080007fd   Thumb Code     0  cdcmple.o(.text)
    __aeabi_cdcmple                          0x080007fd   Thumb Code    38  cdcmple.o(.text)
    __aeabi_cdrcmple                         0x08000825   Thumb Code    38  cdrcmple.o(.text)
    __aeabi_d2f                              0x0800084d   Thumb Code    56  d2f.o(.text)
    __aeabi_cfcmpeq                          0x08000885   Thumb Code     0  cfcmple.o(.text)
    __aeabi_cfcmple                          0x08000885   Thumb Code    20  cfcmple.o(.text)
    __aeabi_cfrcmple                         0x08000899   Thumb Code    20  cfrcmple.o(.text)
    __aeabi_llsl                             0x080008ad   Thumb Code    32  llshl.o(.text)
    _ll_shift_l                              0x080008ad   Thumb Code     0  llshl.o(.text)
    __aeabi_lasr                             0x080008cd   Thumb Code    38  llsshr.o(.text)
    _ll_sshift_r                             0x080008cd   Thumb Code     0  llsshr.o(.text)
    __I$use$fp                               0x080008f3   Thumb Code     0  iusefp.o(.text)
    _float_round                             0x080008f3   Thumb Code    16  fepilogue.o(.text)
    _float_epilogue                          0x08000903   Thumb Code   114  fepilogue.o(.text)
    _double_round                            0x08000975   Thumb Code    26  depilogue.o(.text)
    _double_epilogue                         0x0800098f   Thumb Code   164  depilogue.o(.text)
    __scatterload                            0x08000a35   Thumb Code    28  init.o(.text)
    __scatterload_rt2                        0x08000a35   Thumb Code     0  init.o(.text)
    __decompress                             0x08000a59   Thumb Code     0  __dczerorl2.o(.text)
    __decompress1                            0x08000a59   Thumb Code    86  __dczerorl2.o(.text)
    ADC1_COMP_IRQHandler                     0x08000ab1   Thumb Code    10  stm32f0xx_it.o(i.ADC1_COMP_IRQHandler)
    DISPLAY_MEASUREMENT                      0x08000bd5   Thumb Code    32  hmi_handler.o(i.DISPLAY_MEASUREMENT)
    DMA1_Channel1_IRQHandler                 0x08000bfd   Thumb Code    10  stm32f0xx_it.o(i.DMA1_Channel1_IRQHandler)
    DMA1_Channel2_3_IRQHandler               0x08000c0d   Thumb Code    16  stm32f0xx_it.o(i.DMA1_Channel2_3_IRQHandler)
    Dequeue                                  0x08000c71   Thumb Code    78  queue_dgus_rx.o(i.Dequeue)
    Duration_Counter_Process                 0x08000cc9   Thumb Code    58  time_based_table_operation.o(i.Duration_Counter_Process)
    Enqueue                                  0x08000d0d   Thumb Code    92  queue_dgus_rx.o(i.Enqueue)
    Error_Handler                            0x08000d71   Thumb Code     2  main.o(i.Error_Handler)
    FLASH_ON_HMI                             0x08000d75   Thumb Code   102  hmi_handler.o(i.FLASH_ON_HMI)
    Get_Interval_Currentstatus               0x08000de5   Thumb Code    12  time_based_table_operation.o(i.Get_Interval_Currentstatus)
    HAL_ADCEx_Calibration_Start              0x08000df5   Thumb Code   176  stm32f0xx_hal_adc_ex.o(i.HAL_ADCEx_Calibration_Start)
    HAL_ADC_ConfigChannel                    0x08000ea5   Thumb Code   284  stm32f0xx_hal_adc.o(i.HAL_ADC_ConfigChannel)
    HAL_ADC_ConvCpltCallback                 0x08000fd1   Thumb Code     8  measurement.o(i.HAL_ADC_ConvCpltCallback)
    HAL_ADC_ConvHalfCpltCallback             0x08000fd9   Thumb Code     2  stm32f0xx_hal_adc.o(i.HAL_ADC_ConvHalfCpltCallback)
    HAL_ADC_ErrorCallback                    0x08000fdb   Thumb Code     2  stm32f0xx_hal_adc.o(i.HAL_ADC_ErrorCallback)
    HAL_ADC_IRQHandler                       0x08000fdd   Thumb Code   208  stm32f0xx_hal_adc.o(i.HAL_ADC_IRQHandler)
    HAL_ADC_Init                             0x080010ad   Thumb Code   364  stm32f0xx_hal_adc.o(i.HAL_ADC_Init)
    HAL_ADC_LevelOutOfWindowCallback         0x08001221   Thumb Code     2  stm32f0xx_hal_adc.o(i.HAL_ADC_LevelOutOfWindowCallback)
    HAL_ADC_MspInit                          0x08001225   Thumb Code   138  adc.o(i.HAL_ADC_MspInit)
    HAL_ADC_Start_DMA                        0x080012c5   Thumb Code   144  stm32f0xx_hal_adc.o(i.HAL_ADC_Start_DMA)
    HAL_DMA_Abort_IT                         0x08001365   Thumb Code    72  stm32f0xx_hal_dma.o(i.HAL_DMA_Abort_IT)
    HAL_DMA_IRQHandler                       0x080013ad   Thumb Code   156  stm32f0xx_hal_dma.o(i.HAL_DMA_IRQHandler)
    HAL_DMA_Init                             0x08001449   Thumb Code    84  stm32f0xx_hal_dma.o(i.HAL_DMA_Init)
    HAL_DMA_Start_IT                         0x080014a1   Thumb Code   106  stm32f0xx_hal_dma.o(i.HAL_DMA_Start_IT)
    HAL_Delay                                0x0800150b   Thumb Code    28  stm32f0xx_hal.o(i.HAL_Delay)
    HAL_GPIO_Init                            0x08001529   Thumb Code   302  stm32f0xx_hal_gpio.o(i.HAL_GPIO_Init)
    HAL_GPIO_ReadPin                         0x08001671   Thumb Code    10  stm32f0xx_hal_gpio.o(i.HAL_GPIO_ReadPin)
    HAL_GPIO_WritePin                        0x0800167b   Thumb Code    12  stm32f0xx_hal_gpio.o(i.HAL_GPIO_WritePin)
    HAL_GetTick                              0x08001689   Thumb Code     6  stm32f0xx_hal.o(i.HAL_GetTick)
    HAL_IncTick                              0x08001695   Thumb Code    10  stm32f0xx_hal.o(i.HAL_IncTick)
    HAL_Init                                 0x080016a5   Thumb Code    26  stm32f0xx_hal.o(i.HAL_Init)
    HAL_InitTick                             0x080016c5   Thumb Code    34  stm32f0xx_hal.o(i.HAL_InitTick)
    HAL_MspInit                              0x080016e9   Thumb Code    34  stm32f0xx_hal_msp.o(i.HAL_MspInit)
    HAL_NVIC_EnableIRQ                       0x08001711   Thumb Code    14  stm32f0xx_hal_cortex.o(i.HAL_NVIC_EnableIRQ)
    HAL_NVIC_SetPriority                     0x08001725   Thumb Code     8  stm32f0xx_hal_cortex.o(i.HAL_NVIC_SetPriority)
    HAL_RCCEx_PeriphCLKConfig                0x0800172d   Thumb Code   236  stm32f0xx_hal_rcc_ex.o(i.HAL_RCCEx_PeriphCLKConfig)
    HAL_RCC_ClockConfig                      0x08001825   Thumb Code   280  stm32f0xx_hal_rcc.o(i.HAL_RCC_ClockConfig)
    HAL_RCC_GetHCLKFreq                      0x08001951   Thumb Code     6  stm32f0xx_hal_rcc.o(i.HAL_RCC_GetHCLKFreq)
    HAL_RCC_GetPCLK1Freq                     0x0800195d   Thumb Code    20  stm32f0xx_hal_rcc.o(i.HAL_RCC_GetPCLK1Freq)
    HAL_RCC_GetSysClockFreq                  0x0800197d   Thumb Code    76  stm32f0xx_hal_rcc.o(i.HAL_RCC_GetSysClockFreq)
    HAL_RCC_OscConfig                        0x080019f5   Thumb Code   840  stm32f0xx_hal_rcc.o(i.HAL_RCC_OscConfig)
    HAL_SYSTICK_Config                       0x08001d49   Thumb Code    38  stm32f0xx_hal_cortex.o(i.HAL_SYSTICK_Config)
    HAL_TIMEx_BreakCallback                  0x08001d79   Thumb Code     2  stm32f0xx_hal_tim_ex.o(i.HAL_TIMEx_BreakCallback)
    HAL_TIMEx_CommutationCallback            0x08001d7b   Thumb Code     2  stm32f0xx_hal_tim_ex.o(i.HAL_TIMEx_CommutationCallback)
    HAL_TIMEx_ConfigBreakDeadTime            0x08001d7d   Thumb Code    96  stm32f0xx_hal_tim_ex.o(i.HAL_TIMEx_ConfigBreakDeadTime)
    HAL_TIMEx_MasterConfigSynchronization    0x08001ddd   Thumb Code    72  stm32f0xx_hal_tim_ex.o(i.HAL_TIMEx_MasterConfigSynchronization)
    HAL_TIM_Base_Init                        0x08001e25   Thumb Code    52  stm32f0xx_hal_tim.o(i.HAL_TIM_Base_Init)
    HAL_TIM_Base_MspInit                     0x08001e59   Thumb Code    66  tim.o(i.HAL_TIM_Base_MspInit)
    HAL_TIM_Base_Start_IT                    0x08001ea9   Thumb Code    22  stm32f0xx_hal_tim.o(i.HAL_TIM_Base_Start_IT)
    HAL_TIM_ConfigClockSource                0x08001ebf   Thumb Code   238  stm32f0xx_hal_tim.o(i.HAL_TIM_ConfigClockSource)
    HAL_TIM_IC_CaptureCallback               0x08001fad   Thumb Code     2  stm32f0xx_hal_tim.o(i.HAL_TIM_IC_CaptureCallback)
    HAL_TIM_IRQHandler                       0x08001faf   Thumb Code   354  stm32f0xx_hal_tim.o(i.HAL_TIM_IRQHandler)
    HAL_TIM_MspPostInit                      0x08002111   Thumb Code    70  tim.o(i.HAL_TIM_MspPostInit)
    HAL_TIM_OC_DelayElapsedCallback          0x08002161   Thumb Code     2  stm32f0xx_hal_tim.o(i.HAL_TIM_OC_DelayElapsedCallback)
    HAL_TIM_PWM_ConfigChannel                0x08002163   Thumb Code   208  stm32f0xx_hal_tim.o(i.HAL_TIM_PWM_ConfigChannel)
    HAL_TIM_PWM_Init                         0x08002233   Thumb Code    52  stm32f0xx_hal_tim.o(i.HAL_TIM_PWM_Init)
    HAL_TIM_PWM_MspInit                      0x08002267   Thumb Code     2  stm32f0xx_hal_tim.o(i.HAL_TIM_PWM_MspInit)
    HAL_TIM_PWM_PulseFinishedCallback        0x08002269   Thumb Code     2  stm32f0xx_hal_tim.o(i.HAL_TIM_PWM_PulseFinishedCallback)
    HAL_TIM_PWM_Start                        0x0800226d   Thumb Code    62  stm32f0xx_hal_tim.o(i.HAL_TIM_PWM_Start)
    HAL_TIM_PWM_Stop                         0x080022bd   Thumb Code    96  stm32f0xx_hal_tim.o(i.HAL_TIM_PWM_Stop)
    HAL_TIM_PeriodElapsedCallback            0x08002331   Thumb Code    94  time_handler.o(i.HAL_TIM_PeriodElapsedCallback)
    HAL_TIM_TriggerCallback                  0x0800239d   Thumb Code     2  stm32f0xx_hal_tim.o(i.HAL_TIM_TriggerCallback)
    HAL_UARTEx_WakeupCallback                0x0800239f   Thumb Code     2  stm32f0xx_hal_uart_ex.o(i.HAL_UARTEx_WakeupCallback)
    HAL_UART_ErrorCallback                   0x080023a1   Thumb Code     2  stm32f0xx_hal_uart.o(i.HAL_UART_ErrorCallback)
    HAL_UART_IRQHandler                      0x080023a5   Thumb Code   304  stm32f0xx_hal_uart.o(i.HAL_UART_IRQHandler)
    HAL_UART_Init                            0x080024d9   Thumb Code   108  stm32f0xx_hal_uart.o(i.HAL_UART_Init)
    HAL_UART_MspInit                         0x08002545   Thumb Code   186  usart.o(i.HAL_UART_MspInit)
    HAL_UART_Receive_DMA                     0x08002615   Thumb Code   150  stm32f0xx_hal_uart.o(i.HAL_UART_Receive_DMA)
    HAL_UART_RxCpltCallback                  0x080026b9   Thumb Code    96  hmi_communication.o(i.HAL_UART_RxCpltCallback)
    HAL_UART_RxHalfCpltCallback              0x08002721   Thumb Code     2  stm32f0xx_hal_uart.o(i.HAL_UART_RxHalfCpltCallback)
    HAL_UART_Transmit_DMA                    0x08002725   Thumb Code   138  stm32f0xx_hal_uart.o(i.HAL_UART_Transmit_DMA)
    HAL_UART_TxCpltCallback                  0x080027bd   Thumb Code     2  stm32f0xx_hal_uart.o(i.HAL_UART_TxCpltCallback)
    HAL_UART_TxHalfCpltCallback              0x080027bf   Thumb Code     2  stm32f0xx_hal_uart.o(i.HAL_UART_TxHalfCpltCallback)
    HMI_Addresses                            0x080027c1   Thumb Code   406  hmi_handler.o(i.HMI_Addresses)
    HardFault_Handler                        0x080029a9   Thumb Code     2  stm32f0xx_it.o(i.HardFault_Handler)
    ILLUMINATE_STEPS_ON_HMI                  0x080029ad   Thumb Code    68  application.o(i.ILLUMINATE_STEPS_ON_HMI)
    Interval_Switching_Action                0x080029fd   Thumb Code    82  time_based_table_operation.o(i.Interval_Switching_Action)
    IsEmpty                                  0x08002a59   Thumb Code    16  queue_dgus_rx.o(i.IsEmpty)
    IsFull                                   0x08002a6d   Thumb Code    16  queue_dgus_rx.o(i.IsFull)
    MEASUREMENT_CALCULATION                  0x08002a81   Thumb Code   318  measurement.o(i.MEASUREMENT_CALCULATION)
    MULTI_PURPOSE_TIMER                      0x08002bf5   Thumb Code   224  time_handler.o(i.MULTI_PURPOSE_TIMER)
    MX_ADC_Init                              0x08002ced   Thumb Code   136  adc.o(i.MX_ADC_Init)
    MX_DMA_Init                              0x08002d7d   Thumb Code    52  dma.o(i.MX_DMA_Init)
    MX_GPIO_Init                             0x08002db5   Thumb Code   230  gpio.o(i.MX_GPIO_Init)
    MX_TIM1_Init                             0x08002eb5   Thumb Code   202  tim.o(i.MX_TIM1_Init)
    MX_TIM3_Init                             0x08002f8d   Thumb Code    98  tim.o(i.MX_TIM3_Init)
    MX_USART1_UART_Init                      0x08002ff9   Thumb Code    48  usart.o(i.MX_USART1_UART_Init)
    NMI_Handler                              0x08003031   Thumb Code     2  stm32f0xx_it.o(i.NMI_Handler)
    OFF_CURRENT                              0x08003079   Thumb Code    18  firing.o(i.OFF_CURRENT)
    PIDController_Update                     0x08003099   Thumb Code   226  pid.o(i.PIDController_Update)
    Pause_Operation                          0x0800317d   Thumb Code     8  time_based_table_operation.o(i.Pause_Operation)
    PendSV_Handler                           0x08003189   Thumb Code     2  stm32f0xx_it.o(i.PendSV_Handler)
    Process_Runing                           0x0800318d   Thumb Code   124  application.o(i.Process_Runing)
    RELAYS_OPERATION                         0x0800322d   Thumb Code   322  application.o(i.RELAYS_OPERATION)
    Read_All_Signals                         0x08003381   Thumb Code    98  application.o(i.Read_All_Signals)
    Resume_Operation                         0x080033f5   Thumb Code     8  time_based_table_operation.o(i.Resume_Operation)
    SEND_TO_HMI                              0x08003401   Thumb Code    40  hmi_communication.o(i.SEND_TO_HMI)
    SVC_Handler                              0x08003431   Thumb Code     2  stm32f0xx_it.o(i.SVC_Handler)
    SerialEvent                              0x08003435   Thumb Code   140  hmi_communication.o(i.SerialEvent)
    Start_Operation                          0x080034cd   Thumb Code    28  time_based_table_operation.o(i.Start_Operation)
    Stop_Operation                           0x080034f1   Thumb Code    20  time_based_table_operation.o(i.Stop_Operation)
    Store_Value                              0x0800350d   Thumb Code    90  measurement_history.o(i.Store_Value)
    SysTick_Handler                          0x08003579   Thumb Code     8  stm32f0xx_it.o(i.SysTick_Handler)
    SystemClock_Config                       0x08003581   Thumb Code    92  main.o(i.SystemClock_Config)
    SystemInit                               0x080035dd   Thumb Code    78  system_stm32f0xx.o(i.SystemInit)
    TIM3_IRQHandler                          0x08003639   Thumb Code    10  stm32f0xx_it.o(i.TIM3_IRQHandler)
    TIM_Base_SetConfig                       0x08003649   Thumb Code   124  stm32f0xx_hal_tim.o(i.TIM_Base_SetConfig)
    TIM_CCxChannelCmd                        0x080036dd   Thumb Code    22  stm32f0xx_hal_tim.o(i.TIM_CCxChannelCmd)
    TIM_ETR_SetConfig                        0x080036f3   Thumb Code    22  stm32f0xx_hal_tim.o(i.TIM_ETR_SetConfig)
    TIM_OC2_SetConfig                        0x080037a1   Thumb Code   110  stm32f0xx_hal_tim.o(i.TIM_OC2_SetConfig)
    UART_AdvFeatureConfig                    0x08003959   Thumb Code   202  stm32f0xx_hal_uart.o(i.UART_AdvFeatureConfig)
    UART_CheckIdleState                      0x08003a25   Thumb Code    96  stm32f0xx_hal_uart.o(i.UART_CheckIdleState)
    UART_EndTransmit_IT                      0x08003b8d   Thumb Code    26  stm32f0xx_hal_uart.o(i.UART_EndTransmit_IT)
    UART_Receive_IT                          0x08003bb9   Thumb Code   122  stm32f0xx_hal_uart.o(i.UART_Receive_IT)
    UART_SetConfig                           0x08003c35   Thumb Code   280  stm32f0xx_hal_uart.o(i.UART_SetConfig)
    UART_Transmit_IT                         0x08003d65   Thumb Code   102  stm32f0xx_hal_uart.o(i.UART_Transmit_IT)
    UART_WaitOnFlagUntilTimeout              0x08003dcb   Thumb Code    98  stm32f0xx_hal_uart.o(i.UART_WaitOnFlagUntilTimeout)
    USART1_IRQHandler                        0x08003e2d   Thumb Code    10  stm32f0xx_it.o(i.USART1_IRQHandler)
    __ARM_clz                                0x08003e3d   Thumb Code    46  depilogue.o(i.__ARM_clz)
    __ARM_common_switch8                     0x08003e6b   Thumb Code    26  application.o(i.__ARM_common_switch8)
    __scatterload_copy                       0x08003e85   Thumb Code    14  handlers.o(i.__scatterload_copy)
    __scatterload_null                       0x08003e93   Thumb Code     2  handlers.o(i.__scatterload_null)
    __scatterload_zeroinit                   0x08003e95   Thumb Code    14  handlers.o(i.__scatterload_zeroinit)
    all_contactors_updated                   0x08003ea5   Thumb Code    30  application.o(i.all_contactors_updated)
    auto_calibration                         0x08003ecd   Thumb Code   298  measurement.o(i.auto_calibration)
    auto_operation                           0x08003ff9   Thumb Code    50  auto_mode.o(i.auto_operation)
    calculate_array_of_currents              0x08004039   Thumb Code    72  auto_mode.o(i.calculate_array_of_currents)
    calculate_average_for_display            0x0800408d   Thumb Code   164  measurement.o(i.calculate_average_for_display)
    calculate_capacity                       0x08004139   Thumb Code    26  capacity_measurement.o(i.calculate_capacity)
    calculate_difference_array               0x0800415d   Thumb Code    32  auto_mode.o(i.calculate_difference_array)
    calculate_possible_probabilities         0x08004185   Thumb Code    64  auto_mode.o(i.calculate_possible_probabilities)
    calculate_process_begin_end              0x080041c9   Thumb Code    64  auto_mode.o(i.calculate_process_begin_end)
    calculate_total_capacity                 0x0800420d   Thumb Code    32  capacity_measurement.o(i.calculate_total_capacity)
    capacity_start_calculations              0x08004231   Thumb Code    12  capacity_measurement.o(i.capacity_start_calculations)
    check_end_voltage_limitation             0x08004241   Thumb Code    48  auto_mode.o(i.check_end_voltage_limitation)
    check_input_current_limits               0x0800427d   Thumb Code   158  auto_mode.o(i.check_input_current_limits)
    determine_pwm_value                      0x08004329   Thumb Code    74  auto_mode.o(i.determine_pwm_value)
    display_measure_history                  0x08004385   Thumb Code    72  measurement_history.o(i.display_measure_history)
    find_best_choice                         0x080043d1   Thumb Code    76  auto_mode.o(i.find_best_choice)
    firing                                   0x08004425   Thumb Code   144  firing.o(i.firing)
    flashing_registeration                   0x080044d5   Thumb Code   134  hmi_handler.o(i.flashing_registeration)
    get_capacity_and_stop_calculations       0x08004565   Thumb Code    50  capacity_measurement.o(i.get_capacity_and_stop_calculations)
    initiate_multiset_point_mode             0x0800459d   Thumb Code    56  auto_mode.o(i.initiate_multiset_point_mode)
    main                                     0x080045dd   Thumb Code    80  main.o(i.main)
    measure_10_msec                          0x08004631   Thumb Code    66  measurement.o(i.measure_10_msec)
    measure_start_dma_adc                    0x0800467d   Thumb Code    26  measurement.o(i.measure_start_dma_adc)
    measure_timer_it                         0x080046a5   Thumb Code    56  measurement.o(i.measure_timer_it)
    multi_set_point_operation                0x080046e5   Thumb Code   354  auto_mode.o(i.multi_set_point_operation)
    on_the_suitable_steps                    0x08004859   Thumb Code    40  auto_mode.o(i.on_the_suitable_steps)
    read_next_address_without_dequeue        0x08004889   Thumb Code    36  queue_dgus_rx.o(i.read_next_address_without_dequeue)
    refresh_hmi_screen_while_unpushed        0x080048b5   Thumb Code    30  hmi_handler.o(i.refresh_hmi_screen_while_unpushed)
    replace                                  0x080048d9   Thumb Code    10  auto_mode.o(i.replace)
    search_if_any_step_on                    0x080048e5   Thumb Code    24  application.o(i.search_if_any_step_on)
    search_on_queue                          0x08004901   Thumb Code   120  queue_dgus_rx.o(i.search_on_queue)
    send_tx_queue_hmi_communication          0x08004981   Thumb Code   276  hmi_communication.o(i.send_tx_queue_hmi_communication)
    set_half_sec_counter                     0x08004aa5   Thumb Code     6  time_handler.o(i.set_half_sec_counter)
    start_hmi_uart                           0x08004ab1   Thumb Code    14  hmi_communication.o(i.start_hmi_uart)
    update_operation                         0x08004ac9   Thumb Code   232  auto_mode.o(i.update_operation)
    update_steps_and_pwm                     0x08004bbd   Thumb Code   122  application.o(i.update_steps_and_pwm)
    AHBPrescTable                            0x08004c50   Data          16  system_stm32f0xx.o(.constdata)
    APBPrescTable                            0x08004c60   Data           8  system_stm32f0xx.o(.constdata)
    Region$$Table$$Base                      0x08004c68   Number         0  anon$$obj.o(Region$$Table)
    Region$$Table$$Limit                     0x08004c88   Number         0  anon$$obj.o(Region$$Table)
    STOP_FIXED_STEPS_FLAG                    0x20000000   Data           1  application.o(.data)
    correction_value                         0x20000002   Data           2  application.o(.data)
    Input_Array                              0x20000008   Data           8  application.o(.data)
    old_inputs                               0x20000010   Data           8  application.o(.data)
    calibration_adc_array_volt               0x20000018   Data          96  arrays_calibration_firing.o(.data)
    calibration_array_in_voltage             0x20000078   Data          96  arrays_calibration_firing.o(.data)
    calibration_array_in_ampere              0x200000d8   Data          96  arrays_calibration_firing.o(.data)
    calibration_adc_array_current            0x20000138   Data          96  arrays_calibration_firing.o(.data)
    single_setpoint_flag                     0x20000198   Data           1  auto_mode.o(.data)
    user_defined_process_begining            0x20000199   Data           1  auto_mode.o(.data)
    sd_card_user_defined_process_begining    0x2000019a   Data           1  auto_mode.o(.data)
    user_defined_process_ending              0x2000019b   Data           1  auto_mode.o(.data)
    multi_set_point_status_flag              0x2000019c   Data           1  auto_mode.o(.data)
    counter_of_no_of_entered_process         0x2000019d   Data           1  auto_mode.o(.data)
    UPDATE_FINE_TUNE_OPERATION_IN_AUTO_MODE  0x2000019e   Data           1  auto_mode.o(.data)
    mode                                     0x2000019f   Data           1  auto_mode.o(.data)
    hmi_process_begin                        0x200001a0   Data           1  auto_mode.o(.data)
    hmi_process_end                          0x200001a1   Data           1  auto_mode.o(.data)
    sd_card_process_begin                    0x200001a2   Data           1  auto_mode.o(.data)
    limit_of_end_voltage                     0x200001a3   Data           1  auto_mode.o(.data)
    auto_mode_data_source                    0x200001a4   Data           1  auto_mode.o(.data)
    prev_id                                  0x200001a5   Data           1  auto_mode.o(.data)
    pid_fine_tune_value                      0x200001a8   Data           2  auto_mode.o(.data)
    current_setting                          0x200001aa   Data           2  auto_mode.o(.data)
    best_index                               0x200001ac   Data           2  auto_mode.o(.data)
    I_fine_tune_total                        0x200001b0   Data           4  auto_mode.o(.data)
    yy                                       0x200001b4   Data           4  auto_mode.o(.data)
    yyy                                      0x200001b8   Data           4  auto_mode.o(.data)
    R_fine_tune_total                        0x200001c0   Data           8  auto_mode.o(.data)
    R                                        0x200001c8   Data          64  auto_mode.o(.data)
    new_firing_order_flag                    0x20000208   Data           1  firing.o(.data)
    START_FINE_TUNE_OPERATION_IN_MANUAL_MODE 0x20000209   Data           1  firing.o(.data)
    manual_fine_tune_step_value              0x2000020a   Data           2  firing.o(.data)
    pwm_value                                0x2000020c   Data           2  firing.o(.data)
    FRAMES_RX_FLAG                           0x20000210   Data           1  hmi_communication.o(.data)
    rx_buff                                  0x20000211   Data           1  hmi_communication.o(.data)
    read                                     0x20000212   Data           1  hmi_communication.o(.data)
    no_of_messeges                           0x20000213   Data           1  hmi_communication.o(.data)
    write                                    0x20000217   Data           1  hmi_communication.o(.data)
    rx_flag                                  0x20000218   Data           1  hmi_communication.o(.data)
    Address                                  0x2000021c   Data           4  hmi_communication.o(.data)
    Value                                    0x20000220   Data           4  hmi_communication.o(.data)
    text_array                               0x20000224   Data          39  hmi_communication.o(.data)
    problem                                  0x2000024b   Data           1  hmi_communication.o(.data)
    beepbeep_time                            0x2000024c   Data           1  hmi_handler.o(.data)
    new_current_unpushed_flag                0x2000024d   Data           1  hmi_handler.o(.data)
    counter_of_flashing_addresses            0x2000024e   Data           1  hmi_handler.o(.data)
    STEP_STATE_ARRAY                         0x20000250   Data           8  hmi_handler.o(.data)
    steps_hmi_addresses_array                0x20000258   Data          32  hmi_handler.o(.data)
    start_calculating_flag                   0x20000278   Data           1  measurement.o(.data)
    complete_measure_flag_for_display        0x20000279   Data           1  measurement.o(.data)
    complete_measure_flag_for_end_voltage    0x2000027a   Data           1  measurement.o(.data)
    complete_measure_flag_for_pid            0x2000027b   Data           1  measurement.o(.data)
    counter_display                          0x2000027c   Data           1  measurement.o(.data)
    samples_counter                          0x2000027e   Data           2  measurement.o(.data)
    total_measured_ampere_for_display        0x20000280   Data           2  measurement.o(.data)
    total_measured_ampere                    0x20000282   Data           2  measurement.o(.data)
    value_for_diplay                         0x20000288   Data           2  measurement.o(.data)
    accumulator_total_measured_ampere_for_display 0x2000028c   Data           4  measurement.o(.data)
    R_MEASURED_FINE_TUNE                     0x20000290   Data           4  measurement.o(.data)
    x                                        0x20000294   Data           6  measurement.o(.data)
    AVERAGE_ADC_IN_REEL_UNIT                 0x2000029a   Data           6  measurement.o(.data)
    accumlated_samples_per_channel           0x200002a0   Data           8  measurement.o(.data)
    error_flag                               0x200002a8   Data           1  queue_dgus_rx.o(.data)
    block                                    0x200002a9   Data           1  queue_dgus_rx.o(.data)
    messeges_count                           0x200002ac   Data           4  queue_dgus_rx.o(.data)
    front                                    0x200002b0   Data           4  queue_dgus_rx.o(.data)
    rear                                     0x200002b4   Data           4  queue_dgus_rx.o(.data)
    _500miles_flag                           0x200002b8   Data           1  time_handler.o(.data)
    _1mile_flag                              0x200002b9   Data           1  time_handler.o(.data)
    _3mile_flag                              0x200002ba   Data           1  time_handler.o(.data)
    _10miles_flag                            0x200002bb   Data           1  time_handler.o(.data)
    _100miles_flag                           0x200002bc   Data           1  time_handler.o(.data)
    enque_counter                            0x200002bd   Data           1  time_handler.o(.data)
    half_seconds_counter                     0x200002be   Data           2  time_handler.o(.data)
    FAN_STOP_counter                         0x200002c0   Data           2  time_handler.o(.data)
    counter_of_100_micros_for_general_use    0x200002c4   Data           4  time_handler.o(.data)
    counter_next_prev                        0x200002cc   Data           1  measurement_history.o(.data)
    record_on_flag                           0x200002cd   Data           1  measurement_history.o(.data)
    variable                                 0x200002ce   Data           1  measurement_history.o(.data)
    half_sec_count_history                   0x200002d0   Data           2  measurement_history.o(.data)
    Current_Duration_Data                    0x200002e0   Data           4  time_based_table_operation.o(.data)
    uwTick                                   0x200002f4   Data           4  stm32f0xx_hal.o(.data)
    SystemCoreClock                          0x200002f8   Data           4  system_stm32f0xx.o(.data)
    hmi_current_time_and_capacity_values_array 0x200002fc   Data         432  auto_mode.o(.bss)
    array_of_currents                        0x200004ac   Data          32  auto_mode.o(.bss)
    array_of_possible_probabilities          0x200004cc   Data         512  auto_mode.o(.bss)
    array_of_diffirence                      0x200006cc   Data        1024  auto_mode.o(.bss)
    rx_array                                 0x20000acc   Data          24  hmi_communication.o(.bss)
    displayed_hmi_values                     0x20000b48   Data         294  hmi_handler.o(.bss)
    array_of_flashing_adresses               0x20000c6e   Data          64  hmi_handler.o(.bss)
    sum_sample                               0x20000cb0   Data          24  measurement.o(.bss)
    accumlated_summtion                      0x20000cc8   Data          24  measurement.o(.bss)
    AVERAGE_ADC                              0x20000ce0   Data          12  measurement.o(.bss)
    measure_accumulator_value                0x20000cf0   Data          24  measurement.o(.bss)
    accumulator_display                      0x20000d08   Data          12  measurement.o(.bss)
    fixed_steps_measured_currents            0x20000d14   Data          32  measurement.o(.bss)
    sample                                   0x20000d34   Data          12  measurement.o(.bss)
    pid                                      0x20000d40   Data          56  pid.o(.bss)
    A                                        0x20000d78   Data         808  queue_dgus_rx.o(.bss)
    array_current                            0x200010a0   Data         144  measurement_history.o(.bss)
    array_volt                               0x20001130   Data         144  measurement_history.o(.bss)
    hadc                                     0x200011cc   Data          76  adc.o(.bss)
    hdma_adc                                 0x20001218   Data          68  adc.o(.bss)
    htim1                                    0x2000125c   Data          64  tim.o(.bss)
    htim3                                    0x2000129c   Data          64  tim.o(.bss)
    huart1                                   0x200012dc   Data         112  usart.o(.bss)
    hdma_usart1_tx                           0x2000134c   Data          68  usart.o(.bss)
    hdma_usart1_rx                           0x20001390   Data          68  usart.o(.bss)
    __initial_sp                             0x200017d8   Data           0  startup_stm32f051x8.o(STACK)



==============================================================================

Memory Map of the image

  Image Entry point : 0x080000bd

  Load Region LR_IROM1 (Base: 0x08000000, Size: 0x00004f84, Max: 0x00010000, ABSOLUTE, COMPRESSED[0x00004dd4])

    Execution Region ER_IROM1 (Exec base: 0x08000000, Load base: 0x08000000, Size: 0x00004c88, Max: 0x00010000, ABSOLUTE)

    Exec Addr    Load Addr    Size         Type   Attr      Idx    E Section Name        Object

    0x08000000   0x08000000   0x000000bc   Data   RO            3    RESET               startup_stm32f051x8.o
    0x080000bc   0x080000bc   0x00000000   Code   RO         4149  * .ARM.Collect$$$$00000000  mc_p.l(entry.o)
    0x080000bc   0x080000bc   0x00000004   Code   RO         4206    .ARM.Collect$$$$00000001  mc_p.l(entry2.o)
    0x080000c0   0x080000c0   0x00000004   Code   RO         4209    .ARM.Collect$$$$00000004  mc_p.l(entry5.o)
    0x080000c4   0x080000c4   0x00000000   Code   RO         4211    .ARM.Collect$$$$00000008  mc_p.l(entry7b.o)
    0x080000c4   0x080000c4   0x00000000   Code   RO         4213    .ARM.Collect$$$$0000000A  mc_p.l(entry8b.o)
    0x080000c4   0x080000c4   0x00000008   Code   RO         4214    .ARM.Collect$$$$0000000B  mc_p.l(entry9a.o)
    0x080000cc   0x080000cc   0x00000004   Code   RO         4221    .ARM.Collect$$$$0000000E  mc_p.l(entry12b.o)
    0x080000d0   0x080000d0   0x00000000   Code   RO         4216    .ARM.Collect$$$$0000000F  mc_p.l(entry10a.o)
    0x080000d0   0x080000d0   0x00000000   Code   RO         4218    .ARM.Collect$$$$00000011  mc_p.l(entry11a.o)
    0x080000d0   0x080000d0   0x00000004   Code   RO         4207    .ARM.Collect$$$$00002712  mc_p.l(entry2.o)
    0x080000d4   0x080000d4   0x0000001c   Code   RO            4    .text               startup_stm32f051x8.o
    0x080000f0   0x080000f0   0x0000002c   Code   RO         4152    .text               mc_p.l(uidiv.o)
    0x0800011c   0x0800011c   0x00000028   Code   RO         4154    .text               mc_p.l(idiv.o)
    0x08000144   0x08000144   0x00000022   Code   RO         4156    .text               mc_p.l(llushr.o)
    0x08000166   0x08000166   0x00000024   Code   RO         4158    .text               mc_p.l(memcpya.o)
    0x0800018a   0x0800018a   0x00000024   Code   RO         4160    .text               mc_p.l(memseta.o)
    0x080001ae   0x080001ae   0x000000b2   Code   RO         4164    .text               mf_p.l(fadd.o)
    0x08000260   0x08000260   0x0000007a   Code   RO         4166    .text               mf_p.l(fmul.o)
    0x080002da   0x080002da   0x0000007c   Code   RO         4168    .text               mf_p.l(fdiv.o)
    0x08000356   0x08000356   0x00000018   Code   RO         4170    .text               mf_p.l(fscalb.o)
    0x0800036e   0x0800036e   0x00000002   PAD
    0x08000370   0x08000370   0x00000168   Code   RO         4172    .text               mf_p.l(dadd.o)
    0x080004d8   0x080004d8   0x000000d0   Code   RO         4174    .text               mf_p.l(dmul.o)
    0x080005a8   0x080005a8   0x000000f0   Code   RO         4176    .text               mf_p.l(ddiv.o)
    0x08000698   0x08000698   0x00000016   Code   RO         4178    .text               mf_p.l(fflti.o)
    0x080006ae   0x080006ae   0x0000000e   Code   RO         4180    .text               mf_p.l(ffltui.o)
    0x080006bc   0x080006bc   0x0000001c   Code   RO         4182    .text               mf_p.l(dfltui.o)
    0x080006d8   0x080006d8   0x0000001c   Code   RO         4184    .text               mf_p.l(dfltul.o)
    0x080006f4   0x080006f4   0x00000032   Code   RO         4186    .text               mf_p.l(ffixi.o)
    0x08000726   0x08000726   0x00000028   Code   RO         4188    .text               mf_p.l(ffixui.o)
    0x0800074e   0x0800074e   0x00000002   PAD
    0x08000750   0x08000750   0x00000048   Code   RO         4190    .text               mf_p.l(dfixi.o)
    0x08000798   0x08000798   0x0000003c   Code   RO         4192    .text               mf_p.l(dfixui.o)
    0x080007d4   0x080007d4   0x00000028   Code   RO         4194    .text               mf_p.l(f2d.o)
    0x080007fc   0x080007fc   0x00000028   Code   RO         4196    .text               mf_p.l(cdcmple.o)
    0x08000824   0x08000824   0x00000028   Code   RO         4198    .text               mf_p.l(cdrcmple.o)
    0x0800084c   0x0800084c   0x00000038   Code   RO         4200    .text               mf_p.l(d2f.o)
    0x08000884   0x08000884   0x00000014   Code   RO         4202    .text               mf_p.l(cfcmple.o)
    0x08000898   0x08000898   0x00000014   Code   RO         4204    .text               mf_p.l(cfrcmple.o)
    0x080008ac   0x080008ac   0x00000020   Code   RO         4222    .text               mc_p.l(llshl.o)
    0x080008cc   0x080008cc   0x00000026   Code   RO         4224    .text               mc_p.l(llsshr.o)
    0x080008f2   0x080008f2   0x00000000   Code   RO         4226    .text               mc_p.l(iusefp.o)
    0x080008f2   0x080008f2   0x00000082   Code   RO         4227    .text               mf_p.l(fepilogue.o)
    0x08000974   0x08000974   0x000000be   Code   RO         4229    .text               mf_p.l(depilogue.o)
    0x08000a32   0x08000a32   0x00000002   PAD
    0x08000a34   0x08000a34   0x00000024   Code   RO         4233    .text               mc_p.l(init.o)
    0x08000a58   0x08000a58   0x00000056   Code   RO         4243    .text               mc_p.l(__dczerorl2.o)
    0x08000aae   0x08000aae   0x00000002   PAD
    0x08000ab0   0x08000ab0   0x00000010   Code   RO         1246    i.ADC1_COMP_IRQHandler  stm32f0xx_it.o
    0x08000ac0   0x08000ac0   0x0000006c   Code   RO         1345    i.ADC_DMAConvCplt   stm32f0xx_hal_adc.o
    0x08000b2c   0x08000b2c   0x0000001a   Code   RO         1346    i.ADC_DMAError      stm32f0xx_hal_adc.o
    0x08000b46   0x08000b46   0x0000000a   Code   RO         1347    i.ADC_DMAHalfConvCplt  stm32f0xx_hal_adc.o
    0x08000b50   0x08000b50   0x00000084   Code   RO         1349    i.ADC_Enable        stm32f0xx_hal_adc.o
    0x08000bd4   0x08000bd4   0x00000028   Code   RO          502    i.DISPLAY_MEASUREMENT  hmi_handler.o
    0x08000bfc   0x08000bfc   0x00000010   Code   RO         1247    i.DMA1_Channel1_IRQHandler  stm32f0xx_it.o
    0x08000c0c   0x08000c0c   0x00000018   Code   RO         1248    i.DMA1_Channel2_3_IRQHandler  stm32f0xx_it.o
    0x08000c24   0x08000c24   0x00000024   Code   RO         3617    i.DMA_CalcBaseAndBitshift  stm32f0xx_hal_dma.o
    0x08000c48   0x08000c48   0x00000028   Code   RO         3618    i.DMA_SetConfig     stm32f0xx_hal_dma.o
    0x08000c70   0x08000c70   0x00000058   Code   RO          714    i.Dequeue           queue_dgus_rx.o
    0x08000cc8   0x08000cc8   0x00000044   Code   RO          867    i.Duration_Counter_Process  time_based_table_operation.o
    0x08000d0c   0x08000d0c   0x00000064   Code   RO          715    i.Enqueue           queue_dgus_rx.o
    0x08000d70   0x08000d70   0x00000002   Code   RO         1036    i.Error_Handler     main.o
    0x08000d72   0x08000d72   0x00000002   PAD
    0x08000d74   0x08000d74   0x00000070   Code   RO          503    i.FLASH_ON_HMI      hmi_handler.o
    0x08000de4   0x08000de4   0x00000010   Code   RO          868    i.Get_Interval_Currentstatus  time_based_table_operation.o
    0x08000df4   0x08000df4   0x000000b0   Code   RO         1520    i.HAL_ADCEx_Calibration_Start  stm32f0xx_hal_adc_ex.o
    0x08000ea4   0x08000ea4   0x0000012c   Code   RO         1351    i.HAL_ADC_ConfigChannel  stm32f0xx_hal_adc.o
    0x08000fd0   0x08000fd0   0x00000008   Code   RO          565    i.HAL_ADC_ConvCpltCallback  measurement.o
    0x08000fd8   0x08000fd8   0x00000002   Code   RO         1353    i.HAL_ADC_ConvHalfCpltCallback  stm32f0xx_hal_adc.o
    0x08000fda   0x08000fda   0x00000002   Code   RO         1355    i.HAL_ADC_ErrorCallback  stm32f0xx_hal_adc.o
    0x08000fdc   0x08000fdc   0x000000d0   Code   RO         1359    i.HAL_ADC_IRQHandler  stm32f0xx_hal_adc.o
    0x080010ac   0x080010ac   0x00000174   Code   RO         1360    i.HAL_ADC_Init      stm32f0xx_hal_adc.o
    0x08001220   0x08001220   0x00000002   Code   RO         1361    i.HAL_ADC_LevelOutOfWindowCallback  stm32f0xx_hal_adc.o
    0x08001222   0x08001222   0x00000002   PAD
    0x08001224   0x08001224   0x000000a0   Code   RO         1101    i.HAL_ADC_MspInit   adc.o
    0x080012c4   0x080012c4   0x000000a0   Code   RO         1367    i.HAL_ADC_Start_DMA  stm32f0xx_hal_adc.o
    0x08001364   0x08001364   0x00000048   Code   RO         3620    i.HAL_DMA_Abort_IT  stm32f0xx_hal_dma.o
    0x080013ac   0x080013ac   0x0000009c   Code   RO         3624    i.HAL_DMA_IRQHandler  stm32f0xx_hal_dma.o
    0x08001448   0x08001448   0x00000058   Code   RO         3625    i.HAL_DMA_Init      stm32f0xx_hal_dma.o
    0x080014a0   0x080014a0   0x0000006a   Code   RO         3629    i.HAL_DMA_Start_IT  stm32f0xx_hal_dma.o
    0x0800150a   0x0800150a   0x0000001c   Code   RO         2949    i.HAL_Delay         stm32f0xx_hal.o
    0x08001526   0x08001526   0x00000002   PAD
    0x08001528   0x08001528   0x00000148   Code   RO         3558    i.HAL_GPIO_Init     stm32f0xx_hal_gpio.o
    0x08001670   0x08001670   0x0000000a   Code   RO         3560    i.HAL_GPIO_ReadPin  stm32f0xx_hal_gpio.o
    0x0800167a   0x0800167a   0x0000000c   Code   RO         3562    i.HAL_GPIO_WritePin  stm32f0xx_hal_gpio.o
    0x08001686   0x08001686   0x00000002   PAD
    0x08001688   0x08001688   0x0000000c   Code   RO         2953    i.HAL_GetTick       stm32f0xx_hal.o
    0x08001694   0x08001694   0x00000010   Code   RO         2957    i.HAL_IncTick       stm32f0xx_hal.o
    0x080016a4   0x080016a4   0x00000020   Code   RO         2958    i.HAL_Init          stm32f0xx_hal.o
    0x080016c4   0x080016c4   0x00000022   Code   RO         2959    i.HAL_InitTick      stm32f0xx_hal.o
    0x080016e6   0x080016e6   0x00000002   PAD
    0x080016e8   0x080016e8   0x00000028   Code   RO         1324    i.HAL_MspInit       stm32f0xx_hal_msp.o
    0x08001710   0x08001710   0x00000014   Code   RO         3715    i.HAL_NVIC_EnableIRQ  stm32f0xx_hal_cortex.o
    0x08001724   0x08001724   0x00000008   Code   RO         3719    i.HAL_NVIC_SetPriority  stm32f0xx_hal_cortex.o
    0x0800172c   0x0800172c   0x000000f8   Code   RO         2914    i.HAL_RCCEx_PeriphCLKConfig  stm32f0xx_hal_rcc_ex.o
    0x08001824   0x08001824   0x0000012c   Code   RO         2821    i.HAL_RCC_ClockConfig  stm32f0xx_hal_rcc.o
    0x08001950   0x08001950   0x0000000c   Code   RO         2826    i.HAL_RCC_GetHCLKFreq  stm32f0xx_hal_rcc.o
    0x0800195c   0x0800195c   0x00000020   Code   RO         2828    i.HAL_RCC_GetPCLK1Freq  stm32f0xx_hal_rcc.o
    0x0800197c   0x0800197c   0x00000078   Code   RO         2829    i.HAL_RCC_GetSysClockFreq  stm32f0xx_hal_rcc.o
    0x080019f4   0x080019f4   0x00000354   Code   RO         2832    i.HAL_RCC_OscConfig  stm32f0xx_hal_rcc.o
    0x08001d48   0x08001d48   0x00000030   Code   RO         3723    i.HAL_SYSTICK_Config  stm32f0xx_hal_cortex.o
    0x08001d78   0x08001d78   0x00000002   Code   RO         2179    i.HAL_TIMEx_BreakCallback  stm32f0xx_hal_tim_ex.o
    0x08001d7a   0x08001d7a   0x00000002   Code   RO         2180    i.HAL_TIMEx_CommutationCallback  stm32f0xx_hal_tim_ex.o
    0x08001d7c   0x08001d7c   0x00000060   Code   RO         2181    i.HAL_TIMEx_ConfigBreakDeadTime  stm32f0xx_hal_tim_ex.o
    0x08001ddc   0x08001ddc   0x00000048   Code   RO         2196    i.HAL_TIMEx_MasterConfigSynchronization  stm32f0xx_hal_tim_ex.o
    0x08001e24   0x08001e24   0x00000034   Code   RO         1542    i.HAL_TIM_Base_Init  stm32f0xx_hal_tim.o
    0x08001e58   0x08001e58   0x00000050   Code   RO         1159    i.HAL_TIM_Base_MspInit  tim.o
    0x08001ea8   0x08001ea8   0x00000016   Code   RO         1547    i.HAL_TIM_Base_Start_IT  stm32f0xx_hal_tim.o
    0x08001ebe   0x08001ebe   0x000000ee   Code   RO         1551    i.HAL_TIM_ConfigClockSource  stm32f0xx_hal_tim.o
    0x08001fac   0x08001fac   0x00000002   Code   RO         1573    i.HAL_TIM_IC_CaptureCallback  stm32f0xx_hal_tim.o
    0x08001fae   0x08001fae   0x00000162   Code   RO         1586    i.HAL_TIM_IRQHandler  stm32f0xx_hal_tim.o
    0x08002110   0x08002110   0x00000050   Code   RO         1160    i.HAL_TIM_MspPostInit  tim.o
    0x08002160   0x08002160   0x00000002   Code   RO         1589    i.HAL_TIM_OC_DelayElapsedCallback  stm32f0xx_hal_tim.o
    0x08002162   0x08002162   0x000000d0   Code   RO         1610    i.HAL_TIM_PWM_ConfigChannel  stm32f0xx_hal_tim.o
    0x08002232   0x08002232   0x00000034   Code   RO         1613    i.HAL_TIM_PWM_Init  stm32f0xx_hal_tim.o
    0x08002266   0x08002266   0x00000002   Code   RO         1615    i.HAL_TIM_PWM_MspInit  stm32f0xx_hal_tim.o
    0x08002268   0x08002268   0x00000002   Code   RO         1616    i.HAL_TIM_PWM_PulseFinishedCallback  stm32f0xx_hal_tim.o
    0x0800226a   0x0800226a   0x00000002   PAD
    0x0800226c   0x0800226c   0x00000050   Code   RO         1617    i.HAL_TIM_PWM_Start  stm32f0xx_hal_tim.o
    0x080022bc   0x080022bc   0x00000074   Code   RO         1620    i.HAL_TIM_PWM_Stop  stm32f0xx_hal_tim.o
    0x08002330   0x08002330   0x0000006c   Code   RO          767    i.HAL_TIM_PeriodElapsedCallback  time_handler.o
    0x0800239c   0x0800239c   0x00000002   Code   RO         1627    i.HAL_TIM_TriggerCallback  stm32f0xx_hal_tim.o
    0x0800239e   0x0800239e   0x00000002   Code   RO         2765    i.HAL_UARTEx_WakeupCallback  stm32f0xx_hal_uart_ex.o
    0x080023a0   0x080023a0   0x00000002   Code   RO         2440    i.HAL_UART_ErrorCallback  stm32f0xx_hal_uart.o
    0x080023a2   0x080023a2   0x00000002   PAD
    0x080023a4   0x080023a4   0x00000134   Code   RO         2443    i.HAL_UART_IRQHandler  stm32f0xx_hal_uart.o
    0x080024d8   0x080024d8   0x0000006c   Code   RO         2444    i.HAL_UART_Init     stm32f0xx_hal_uart.o
    0x08002544   0x08002544   0x000000d0   Code   RO         1209    i.HAL_UART_MspInit  usart.o
    0x08002614   0x08002614   0x000000a4   Code   RO         2448    i.HAL_UART_Receive_DMA  stm32f0xx_hal_uart.o
    0x080026b8   0x080026b8   0x00000068   Code   RO          434    i.HAL_UART_RxCpltCallback  hmi_communication.o
    0x08002720   0x08002720   0x00000002   Code   RO         2451    i.HAL_UART_RxHalfCpltCallback  stm32f0xx_hal_uart.o
    0x08002722   0x08002722   0x00000002   PAD
    0x08002724   0x08002724   0x00000098   Code   RO         2453    i.HAL_UART_Transmit_DMA  stm32f0xx_hal_uart.o
    0x080027bc   0x080027bc   0x00000002   Code   RO         2455    i.HAL_UART_TxCpltCallback  stm32f0xx_hal_uart.o
    0x080027be   0x080027be   0x00000002   Code   RO         2456    i.HAL_UART_TxHalfCpltCallback  stm32f0xx_hal_uart.o
    0x080027c0   0x080027c0   0x000001e8   Code   RO          504    i.HMI_Addresses     hmi_handler.o
    0x080029a8   0x080029a8   0x00000002   Code   RO         1249    i.HardFault_Handler  stm32f0xx_it.o
    0x080029aa   0x080029aa   0x00000002   PAD
    0x080029ac   0x080029ac   0x00000050   Code   RO           13    i.ILLUMINATE_STEPS_ON_HMI  application.o
    0x080029fc   0x080029fc   0x0000005c   Code   RO          869    i.Interval_Switching_Action  time_based_table_operation.o
    0x08002a58   0x08002a58   0x00000014   Code   RO          716    i.IsEmpty           queue_dgus_rx.o
    0x08002a6c   0x08002a6c   0x00000014   Code   RO          717    i.IsFull            queue_dgus_rx.o
    0x08002a80   0x08002a80   0x00000174   Code   RO          566    i.MEASUREMENT_CALCULATION  measurement.o
    0x08002bf4   0x08002bf4   0x000000f8   Code   RO          768    i.MULTI_PURPOSE_TIMER  time_handler.o
    0x08002cec   0x08002cec   0x00000090   Code   RO         1102    i.MX_ADC_Init       adc.o
    0x08002d7c   0x08002d7c   0x00000038   Code   RO         1138    i.MX_DMA_Init       dma.o
    0x08002db4   0x08002db4   0x00000100   Code   RO         1080    i.MX_GPIO_Init      gpio.o
    0x08002eb4   0x08002eb4   0x000000d8   Code   RO         1161    i.MX_TIM1_Init      tim.o
    0x08002f8c   0x08002f8c   0x0000006c   Code   RO         1162    i.MX_TIM3_Init      tim.o
    0x08002ff8   0x08002ff8   0x00000038   Code   RO         1210    i.MX_USART1_UART_Init  usart.o
    0x08003030   0x08003030   0x00000002   Code   RO         1250    i.NMI_Handler       stm32f0xx_it.o
    0x08003032   0x08003032   0x00000002   PAD
    0x08003034   0x08003034   0x00000044   Code   RO         3725    i.NVIC_SetPriority  stm32f0xx_hal_cortex.o
    0x08003078   0x08003078   0x00000020   Code   RO          389    i.OFF_CURRENT       firing.o
    0x08003098   0x08003098   0x000000e2   Code   RO          653    i.PIDController_Update  pid.o
    0x0800317a   0x0800317a   0x00000002   PAD
    0x0800317c   0x0800317c   0x0000000c   Code   RO          871    i.Pause_Operation   time_based_table_operation.o
    0x08003188   0x08003188   0x00000002   Code   RO         1251    i.PendSV_Handler    stm32f0xx_it.o
    0x0800318a   0x0800318a   0x00000002   PAD
    0x0800318c   0x0800318c   0x000000a0   Code   RO           14    i.Process_Runing    application.o
    0x0800322c   0x0800322c   0x00000154   Code   RO           15    i.RELAYS_OPERATION  application.o
    0x08003380   0x08003380   0x00000074   Code   RO           16    i.Read_All_Signals  application.o
    0x080033f4   0x080033f4   0x0000000c   Code   RO          872    i.Resume_Operation  time_based_table_operation.o
    0x08003400   0x08003400   0x00000030   Code   RO          435    i.SEND_TO_HMI       hmi_communication.o
    0x08003430   0x08003430   0x00000002   Code   RO         1252    i.SVC_Handler       stm32f0xx_it.o
    0x08003432   0x08003432   0x00000002   PAD
    0x08003434   0x08003434   0x00000098   Code   RO          436    i.SerialEvent       hmi_communication.o
    0x080034cc   0x080034cc   0x00000024   Code   RO          873    i.Start_Operation   time_based_table_operation.o
    0x080034f0   0x080034f0   0x0000001c   Code   RO          874    i.Stop_Operation    time_based_table_operation.o
    0x0800350c   0x0800350c   0x0000006c   Code   RO          810    i.Store_Value       measurement_history.o
    0x08003578   0x08003578   0x00000008   Code   RO         1253    i.SysTick_Handler   stm32f0xx_it.o
    0x08003580   0x08003580   0x0000005c   Code   RO         1037    i.SystemClock_Config  main.o
    0x080035dc   0x080035dc   0x0000005c   Code   RO         4118    i.SystemInit        system_stm32f0xx.o
    0x08003638   0x08003638   0x00000010   Code   RO         1254    i.TIM3_IRQHandler   stm32f0xx_it.o
    0x08003648   0x08003648   0x00000094   Code   RO         1628    i.TIM_Base_SetConfig  stm32f0xx_hal_tim.o
    0x080036dc   0x080036dc   0x00000016   Code   RO         1629    i.TIM_CCxChannelCmd  stm32f0xx_hal_tim.o
    0x080036f2   0x080036f2   0x00000016   Code   RO         1635    i.TIM_ETR_SetConfig  stm32f0xx_hal_tim.o
    0x08003708   0x08003708   0x00000010   Code   RO         1636    i.TIM_ITRx_SetConfig  stm32f0xx_hal_tim.o
    0x08003718   0x08003718   0x00000088   Code   RO         1637    i.TIM_OC1_SetConfig  stm32f0xx_hal_tim.o
    0x080037a0   0x080037a0   0x00000080   Code   RO         1638    i.TIM_OC2_SetConfig  stm32f0xx_hal_tim.o
    0x08003820   0x08003820   0x00000084   Code   RO         1639    i.TIM_OC3_SetConfig  stm32f0xx_hal_tim.o
    0x080038a4   0x080038a4   0x0000006c   Code   RO         1640    i.TIM_OC4_SetConfig  stm32f0xx_hal_tim.o
    0x08003910   0x08003910   0x00000022   Code   RO         1642    i.TIM_TI1_ConfigInputStage  stm32f0xx_hal_tim.o
    0x08003932   0x08003932   0x00000026   Code   RO         1644    i.TIM_TI2_ConfigInputStage  stm32f0xx_hal_tim.o
    0x08003958   0x08003958   0x000000ca   Code   RO         2457    i.UART_AdvFeatureConfig  stm32f0xx_hal_uart.o
    0x08003a22   0x08003a22   0x00000002   PAD
    0x08003a24   0x08003a24   0x00000068   Code   RO         2458    i.UART_CheckIdleState  stm32f0xx_hal_uart.o
    0x08003a8c   0x08003a8c   0x00000014   Code   RO         2459    i.UART_DMAAbortOnError  stm32f0xx_hal_uart.o
    0x08003aa0   0x08003aa0   0x0000004a   Code   RO         2460    i.UART_DMAError     stm32f0xx_hal_uart.o
    0x08003aea   0x08003aea   0x00000040   Code   RO         2461    i.UART_DMAReceiveCplt  stm32f0xx_hal_uart.o
    0x08003b2a   0x08003b2a   0x0000000a   Code   RO         2463    i.UART_DMARxHalfCplt  stm32f0xx_hal_uart.o
    0x08003b34   0x08003b34   0x00000030   Code   RO         2465    i.UART_DMATransmitCplt  stm32f0xx_hal_uart.o
    0x08003b64   0x08003b64   0x0000000a   Code   RO         2467    i.UART_DMATxHalfCplt  stm32f0xx_hal_uart.o
    0x08003b6e   0x08003b6e   0x0000001e   Code   RO         2469    i.UART_EndRxTransfer  stm32f0xx_hal_uart.o
    0x08003b8c   0x08003b8c   0x0000001a   Code   RO         2470    i.UART_EndTransmit_IT  stm32f0xx_hal_uart.o
    0x08003ba6   0x08003ba6   0x00000012   Code   RO         2471    i.UART_EndTxTransfer  stm32f0xx_hal_uart.o
    0x08003bb8   0x08003bb8   0x0000007a   Code   RO         2472    i.UART_Receive_IT   stm32f0xx_hal_uart.o
    0x08003c32   0x08003c32   0x00000002   PAD
    0x08003c34   0x08003c34   0x00000130   Code   RO         2473    i.UART_SetConfig    stm32f0xx_hal_uart.o
    0x08003d64   0x08003d64   0x00000066   Code   RO         2474    i.UART_Transmit_IT  stm32f0xx_hal_uart.o
    0x08003dca   0x08003dca   0x00000062   Code   RO         2475    i.UART_WaitOnFlagUntilTimeout  stm32f0xx_hal_uart.o
    0x08003e2c   0x08003e2c   0x00000010   Code   RO         1255    i.USART1_IRQHandler  stm32f0xx_it.o
    0x08003e3c   0x08003e3c   0x0000002e   Code   RO         4231    i.__ARM_clz         mf_p.l(depilogue.o)
    0x08003e6a   0x08003e6a   0x0000001a   Code   RO           74    i.__ARM_common_switch8  application.o
    0x08003e84   0x08003e84   0x0000000e   Code   RO         4237    i.__scatterload_copy  mc_p.l(handlers.o)
    0x08003e92   0x08003e92   0x00000002   Code   RO         4238    i.__scatterload_null  mc_p.l(handlers.o)
    0x08003e94   0x08003e94   0x0000000e   Code   RO         4239    i.__scatterload_zeroinit  mc_p.l(handlers.o)
    0x08003ea2   0x08003ea2   0x00000002   PAD
    0x08003ea4   0x08003ea4   0x00000028   Code   RO           17    i.all_contactors_updated  application.o
    0x08003ecc   0x08003ecc   0x0000012a   Code   RO          567    i.auto_calibration  measurement.o
    0x08003ff6   0x08003ff6   0x00000002   PAD
    0x08003ff8   0x08003ff8   0x00000040   Code   RO          247    i.auto_operation    auto_mode.o
    0x08004038   0x08004038   0x00000054   Code   RO          248    i.calculate_array_of_currents  auto_mode.o
    0x0800408c   0x0800408c   0x000000ac   Code   RO          568    i.calculate_average_for_display  measurement.o
    0x08004138   0x08004138   0x00000024   Code   RO          936    i.calculate_capacity  capacity_measurement.o
    0x0800415c   0x0800415c   0x00000028   Code   RO          249    i.calculate_difference_array  auto_mode.o
    0x08004184   0x08004184   0x00000044   Code   RO          250    i.calculate_possible_probabilities  auto_mode.o
    0x080041c8   0x080041c8   0x00000044   Code   RO          251    i.calculate_process_begin_end  auto_mode.o
    0x0800420c   0x0800420c   0x00000024   Code   RO          937    i.calculate_total_capacity  capacity_measurement.o
    0x08004230   0x08004230   0x00000010   Code   RO          940    i.capacity_start_calculations  capacity_measurement.o
    0x08004240   0x08004240   0x0000003c   Code   RO          252    i.check_end_voltage_limitation  auto_mode.o
    0x0800427c   0x0800427c   0x000000ac   Code   RO          253    i.check_input_current_limits  auto_mode.o
    0x08004328   0x08004328   0x0000005c   Code   RO          254    i.determine_pwm_value  auto_mode.o
    0x08004384   0x08004384   0x0000004c   Code   RO          813    i.display_measure_history  measurement_history.o
    0x080043d0   0x080043d0   0x00000054   Code   RO          255    i.find_best_choice  auto_mode.o
    0x08004424   0x08004424   0x000000b0   Code   RO          390    i.firing            firing.o
    0x080044d4   0x080044d4   0x00000090   Code   RO          506    i.flashing_registeration  hmi_handler.o
    0x08004564   0x08004564   0x00000038   Code   RO          942    i.get_capacity_and_stop_calculations  capacity_measurement.o
    0x0800459c   0x0800459c   0x00000040   Code   RO          256    i.initiate_multiset_point_mode  auto_mode.o
    0x080045dc   0x080045dc   0x00000054   Code   RO         1039    i.main              main.o
    0x08004630   0x08004630   0x0000004c   Code   RO          569    i.measure_10_msec   measurement.o
    0x0800467c   0x0800467c   0x00000028   Code   RO          570    i.measure_start_dma_adc  measurement.o
    0x080046a4   0x080046a4   0x00000040   Code   RO          571    i.measure_timer_it  measurement.o
    0x080046e4   0x080046e4   0x00000174   Code   RO          257    i.multi_set_point_operation  auto_mode.o
    0x08004858   0x08004858   0x00000030   Code   RO          258    i.on_the_suitable_steps  auto_mode.o
    0x08004888   0x08004888   0x0000002c   Code   RO          718    i.read_next_address_without_dequeue  queue_dgus_rx.o
    0x080048b4   0x080048b4   0x00000024   Code   RO          507    i.refresh_hmi_screen_while_unpushed  hmi_handler.o
    0x080048d8   0x080048d8   0x0000000a   Code   RO          259    i.replace           auto_mode.o
    0x080048e2   0x080048e2   0x00000002   PAD
    0x080048e4   0x080048e4   0x0000001c   Code   RO           18    i.search_if_any_step_on  application.o
    0x08004900   0x08004900   0x00000080   Code   RO          719    i.search_on_queue   queue_dgus_rx.o
    0x08004980   0x08004980   0x00000124   Code   RO          437    i.send_tx_queue_hmi_communication  hmi_communication.o
    0x08004aa4   0x08004aa4   0x0000000c   Code   RO          769    i.set_half_sec_counter  time_handler.o
    0x08004ab0   0x08004ab0   0x00000018   Code   RO          438    i.start_hmi_uart    hmi_communication.o
    0x08004ac8   0x08004ac8   0x000000f4   Code   RO          261    i.update_operation  auto_mode.o
    0x08004bbc   0x08004bbc   0x00000094   Code   RO           19    i.update_steps_and_pwm  application.o
    0x08004c50   0x08004c50   0x00000010   Data   RO         4119    .constdata          system_stm32f0xx.o
    0x08004c60   0x08004c60   0x00000008   Data   RO         4120    .constdata          system_stm32f0xx.o
    0x08004c68   0x08004c68   0x00000020   Data   RO         4235    Region$$Table       anon$$obj.o


    Execution Region RW_IRAM1 (Exec base: 0x20000000, Load base: 0x08004c88, Size: 0x000017d8, Max: 0x00002000, ABSOLUTE, COMPRESSED[0x0000014c])

    Exec Addr    Load Addr    Size         Type   Attr      Idx    E Section Name        Object

    0x20000000   COMPRESSED   0x00000018   Data   RW           20    .data               application.o
    0x20000018   COMPRESSED   0x00000060   Data   RW          223    .data               arrays_calibration_firing.o
    0x20000078   COMPRESSED   0x00000060   Data   RW          224    .data               arrays_calibration_firing.o
    0x200000d8   COMPRESSED   0x00000060   Data   RW          225    .data               arrays_calibration_firing.o
    0x20000138   COMPRESSED   0x00000060   Data   RW          226    .data               arrays_calibration_firing.o
    0x20000198   COMPRESSED   0x00000070   Data   RW          264    .data               auto_mode.o
    0x20000208   COMPRESSED   0x00000006   Data   RW          391    .data               firing.o
    0x2000020e   COMPRESSED   0x00000002   PAD
    0x20000210   COMPRESSED   0x0000003b   Data   RW          441    .data               hmi_communication.o
    0x2000024b   COMPRESSED   0x00000001   Data   RW          444    .data               hmi_communication.o
    0x2000024c   COMPRESSED   0x0000002c   Data   RW          510    .data               hmi_handler.o
    0x20000278   COMPRESSED   0x00000030   Data   RW          576    .data               measurement.o
    0x200002a8   COMPRESSED   0x00000010   Data   RW          721    .data               queue_dgus_rx.o
    0x200002b8   COMPRESSED   0x00000014   Data   RW          770    .data               time_handler.o
    0x200002cc   COMPRESSED   0x00000006   Data   RW          815    .data               measurement_history.o
    0x200002d2   COMPRESSED   0x00000002   PAD
    0x200002d4   COMPRESSED   0x00000010   Data   RW          876    .data               time_based_table_operation.o
    0x200002e4   COMPRESSED   0x00000010   Data   RW          945    .data               capacity_measurement.o
    0x200002f4   COMPRESSED   0x00000004   Data   RW         2964    .data               stm32f0xx_hal.o
    0x200002f8   COMPRESSED   0x00000004   Data   RW         4121    .data               system_stm32f0xx.o
    0x200002fc        -       0x000007d0   Zero   RW          262    .bss                auto_mode.o
    0x20000acc        -       0x0000007c   Zero   RW          439    .bss                hmi_communication.o
    0x20000b48        -       0x00000126   Zero   RW          508    .bss                hmi_handler.o
    0x20000c6e        -       0x00000040   Zero   RW          509    .bss                hmi_handler.o
    0x20000cae   COMPRESSED   0x00000002   PAD
    0x20000cb0        -       0x00000090   Zero   RW          574    .bss                measurement.o
    0x20000d40        -       0x00000038   Zero   RW          654    .bss                pid.o
    0x20000d78        -       0x00000328   Zero   RW          720    .bss                queue_dgus_rx.o
    0x200010a0        -       0x00000120   Zero   RW          814    .bss                measurement_history.o
    0x200011c0        -       0x0000000a   Zero   RW          875    .bss                time_based_table_operation.o
    0x200011ca   COMPRESSED   0x00000002   PAD
    0x200011cc        -       0x00000090   Zero   RW         1103    .bss                adc.o
    0x2000125c        -       0x00000080   Zero   RW         1163    .bss                tim.o
    0x200012dc        -       0x000000f8   Zero   RW         1211    .bss                usart.o
    0x200013d4   COMPRESSED   0x00000004   PAD
    0x200013d8        -       0x00000400   Zero   RW            1    STACK               startup_stm32f051x8.o


==============================================================================

Image component sizes


      Code (inc. data)   RO Data    RW Data    ZI Data      Debug   Object Name

       304         30          0          0        144       1752   adc.o
       938        164          0         24          0     331487   application.o
         0          0          0        384          0       1015   arrays_calibration_firing.o
      1470        140          0        112       2000      12806   auto_mode.o
       144         24          0         16          0       2663   capacity_measurement.o
        56          4          0          0          0        734   dma.o
       208         46          0          6          0       2759   firing.o
       256         26          0          0          0        987   gpio.o
       620         54          0         60        124       5811   hmi_communication.o
       820        116          0         44        358       5714   hmi_handler.o
       178          4          0          0          0       2150   main.o
      1030         94          0         48        144       7803   measurement.o
       184         22          0          6        288       3081   measurement_history.o
       226          0          0          0         56       1941   pid.o
       400         42          0         16        808       4622   queue_dgus_rx.o
        28          8        188          0       1024        636   startup_stm32f051x8.o
       122         18          0          4          0       3659   stm32f0xx_hal.o
      1322         52          0          0          0       8406   stm32f0xx_hal_adc.o
       176          0          0          0          0       1394   stm32f0xx_hal_adc_ex.o
       144         24          0          0          0       8925   stm32f0xx_hal_cortex.o
       498         14          0          0          0       4850   stm32f0xx_hal_dma.o
       350         26          0          0          0       2891   stm32f0xx_hal_gpio.o
        40          6          0          0          0        810   stm32f0xx_hal_msp.o
      1316         94          0          0          0       5033   stm32f0xx_hal_rcc.o
       248         12          0          0          0       1388   stm32f0xx_hal_rcc_ex.o
      1916        132          0          0          0      16333   stm32f0xx_hal_tim.o
       172          0          0          0          0       3138   stm32f0xx_hal_tim_ex.o
      1972         64          0          0          0      16072   stm32f0xx_hal_uart.o
         2          0          0          0          0        992   stm32f0xx_hal_uart_ex.o
       104         32          0          0          0       4424   stm32f0xx_it.o
        92         14         24          4          0       1155   system_stm32f0xx.o
       484         48          0          0        128       3041   tim.o
       264         48          0         16         10       4952   time_based_table_operation.o
       368         44          0         20          0       3617   time_handler.o
       264         30          0          0        248       1792   usart.o

    ----------------------------------------------------------------------
     16750       1432        244        764       5340     478833   Object Totals
         0          0         32          0          0          0   (incl. Generated)
        34          0          0          4          8          0   (incl. Padding)

    ----------------------------------------------------------------------

      Code (inc. data)   RO Data    RW Data    ZI Data      Debug   Library Member Name

        86          0          0          0          0          0   __dczerorl2.o
         0          0          0          0          0          0   entry.o
         0          0          0          0          0          0   entry10a.o
         0          0          0          0          0          0   entry11a.o
         4          0          0          0          0          0   entry12b.o
         8          4          0          0          0          0   entry2.o
         4          0          0          0          0          0   entry5.o
         0          0          0          0          0          0   entry7b.o
         0          0          0          0          0          0   entry8b.o
         8          4          0          0          0          0   entry9a.o
        30          0          0          0          0          0   handlers.o
        40          0          0          0          0         72   idiv.o
        36          8          0          0          0         68   init.o
         0          0          0          0          0          0   iusefp.o
        32          0          0          0          0         68   llshl.o
        38          0          0          0          0         68   llsshr.o
        34          0          0          0          0         68   llushr.o
        36          0          0          0          0         60   memcpya.o
        36          0          0          0          0        100   memseta.o
        44          0          0          0          0         72   uidiv.o
        40          2          0          0          0         68   cdcmple.o
        40          2          0          0          0         68   cdrcmple.o
        20          0          0          0          0         68   cfcmple.o
        20          0          0          0          0         68   cfrcmple.o
        56          0          0          0          0         68   d2f.o
       360          6          0          0          0        140   dadd.o
       240          6          0          0          0         84   ddiv.o
       236          0          0          0          0        216   depilogue.o
        72         10          0          0          0         72   dfixi.o
        60         10          0          0          0         68   dfixui.o
        28          4          0          0          0         68   dfltui.o
        28          6          0          0          0         68   dfltul.o
       208          6          0          0          0         88   dmul.o
        40          0          0          0          0         60   f2d.o
       178          0          0          0          0        108   fadd.o
       124          0          0          0          0         72   fdiv.o
       130          0          0          0          0        144   fepilogue.o
        50          0          0          0          0         60   ffixi.o
        40          0          0          0          0         60   ffixui.o
        22          0          0          0          0         68   fflti.o
        14          0          0          0          0         68   ffltui.o
       122          0          0          0          0         72   fmul.o
        24          0          0          0          0         60   fscalb.o

    ----------------------------------------------------------------------
      2598         68          0          0          0       2492   Library Totals
        10          0          0          0          0          0   (incl. Padding)

    ----------------------------------------------------------------------

      Code (inc. data)   RO Data    RW Data    ZI Data      Debug   Library Name

       436         16          0          0          0        576   mc_p.l
      2152         52          0          0          0       1916   mf_p.l

    ----------------------------------------------------------------------
      2598         68          0          0          0       2492   Library Totals

    ----------------------------------------------------------------------

==============================================================================


      Code (inc. data)   RO Data    RW Data    ZI Data      Debug   

     19348       1500        244        764       5340     472585   Grand Totals
     19348       1500        244        332       5340     472585   ELF Image Totals (compressed)
     19348       1500        244        332          0          0   ROM Totals

==============================================================================

    Total RO  Size (Code + RO Data)                19592 (  19.13kB)
    Total RW  Size (RW Data + ZI Data)              6104 (   5.96kB)
    Total ROM Size (Code + RO Data + RW Data)      19924 (  19.46kB)

==============================================================================

