Component: ARM Compiler 5.06 update 7 (build 960) Tool: armlink [4d3601]

==============================================================================

Section Cross References

    startup_stm32f051x8.o(RESET) refers to startup_stm32f051x8.o(STACK) for __initial_sp
    startup_stm32f051x8.o(RESET) refers to startup_stm32f051x8.o(.text) for Reset_Handler
    startup_stm32f051x8.o(RESET) refers to stm32f0xx_it.o(i.NMI_Handler) for NMI_Handler
    startup_stm32f051x8.o(RESET) refers to stm32f0xx_it.o(i.HardFault_Handler) for HardFault_Handler
    startup_stm32f051x8.o(RESET) refers to stm32f0xx_it.o(i.SVC_Handler) for SVC_Handler
    startup_stm32f051x8.o(RESET) refers to stm32f0xx_it.o(i.PendSV_Handler) for PendSV_Handler
    startup_stm32f051x8.o(RESET) refers to stm32f0xx_it.o(i.SysTick_Handler) for SysTick_Handler
    startup_stm32f051x8.o(RESET) refers to stm32f0xx_it.o(i.DMA1_Channel1_IRQHandler) for DMA1_Channel1_IRQHandler
    startup_stm32f051x8.o(RESET) refers to stm32f0xx_it.o(i.DMA1_Channel2_3_IRQHandler) for DMA1_Channel2_3_IRQHandler
    startup_stm32f051x8.o(RESET) refers to stm32f0xx_it.o(i.ADC1_COMP_IRQHandler) for ADC1_COMP_IRQHandler
    startup_stm32f051x8.o(RESET) refers to stm32f0xx_it.o(i.TIM3_IRQHandler) for TIM3_IRQHandler
    startup_stm32f051x8.o(RESET) refers to stm32f0xx_it.o(i.USART1_IRQHandler) for USART1_IRQHandler
    startup_stm32f051x8.o(.text) refers to system_stm32f0xx.o(i.SystemInit) for SystemInit
    startup_stm32f051x8.o(.text) refers to entry.o(.ARM.Collect$$$$00000000) for __main
    application.o(i.ILLUMINATE_STEPS_ON_HMI) refers to hmi_communication.o(i.SEND_TO_HMI) for SEND_TO_HMI
    application.o(i.ILLUMINATE_STEPS_ON_HMI) refers to hmi_handler.o(.data) for steps_hmi_addresses_array
    application.o(i.ILLUMINATE_STEPS_ON_HMI) refers to application.o(.data) for .data
    application.o(i.ILLUMINATE_STEPS_ON_HMI) refers to firing.o(.data) for pwm_value
    application.o(i.Process_Runing) refers to application.o(i.RELAYS_OPERATION) for RELAYS_OPERATION
    application.o(i.Process_Runing) refers to hmi_communication.o(i.SerialEvent) for SerialEvent
    application.o(i.Process_Runing) refers to time_handler.o(i.MULTI_PURPOSE_TIMER) for MULTI_PURPOSE_TIMER
    application.o(i.Process_Runing) refers to measurement.o(i.MEASUREMENT_CALCULATION) for MEASUREMENT_CALCULATION
    application.o(i.Process_Runing) refers to measurement.o(i.calculate_average_for_display) for calculate_average_for_display
    application.o(i.Process_Runing) refers to ffltui.o(.text) for __aeabi_ui2f
    application.o(i.Process_Runing) refers to pid.o(i.PIDController_Update) for PIDController_Update
    application.o(i.Process_Runing) refers to ffixui.o(.text) for __aeabi_f2uiz
    application.o(i.Process_Runing) refers to application.o(i.update_steps_and_pwm) for update_steps_and_pwm
    application.o(i.Process_Runing) refers to application.o(i.Read_All_Signals) for Read_All_Signals
    application.o(i.Process_Runing) refers to hmi_communication.o(.data) for FRAMES_RX_FLAG
    application.o(i.Process_Runing) refers to measurement.o(.data) for complete_measure_flag_for_display
    application.o(i.Process_Runing) refers to auto_mode.o(.data) for current_setting
    application.o(i.Process_Runing) refers to pid.o(.bss) for pid
    application.o(i.Process_Runing) refers to application.o(.data) for .data
    application.o(i.RELAYS_OPERATION) refers to application.o(i.__ARM_common_switch8) for __ARM_common_switch8
    application.o(i.RELAYS_OPERATION) refers to stm32f0xx_hal_gpio.o(i.HAL_GPIO_WritePin) for HAL_GPIO_WritePin
    application.o(i.RELAYS_OPERATION) refers to application.o(.data) for .data
    application.o(i.RELAYS_OPERATION) refers to hmi_handler.o(.data) for STEP_STATE_ARRAY
    application.o(i.Read_All_Signals) refers to application.o(i.__ARM_common_switch8) for __ARM_common_switch8
    application.o(i.Read_All_Signals) refers to stm32f0xx_hal_gpio.o(i.HAL_GPIO_ReadPin) for HAL_GPIO_ReadPin
    application.o(i.Read_All_Signals) refers to application.o(.data) for .data
    application.o(i.all_contactors_updated) refers to application.o(.data) for .data
    application.o(i.all_contactors_updated) refers to hmi_handler.o(.data) for STEP_STATE_ARRAY
    application.o(i.search_if_any_step_on) refers to application.o(.data) for .data
    application.o(i.update_steps_and_pwm) refers to auto_mode.o(i.auto_operation) for auto_operation
    application.o(i.update_steps_and_pwm) refers to auto_mode.o(.data) for current_setting
    application.o(i.update_steps_and_pwm) refers to application.o(.data) for .data
    application.o(i.update_steps_and_pwm) refers to firing.o(.data) for new_firing_order_flag
    application.o(i.update_steps_and_pwm) refers to measurement.o(.data) for total_measured_ampere
    auto_mode.o(i.auto_operation) refers to auto_mode.o(i.calculate_array_of_currents) for calculate_array_of_currents
[...]
    i.HAL_UART_RxHalfCpltCallback            0x08002724   Section        0  stm32f0xx_hal_uart.o(i.HAL_UART_RxHalfCpltCallback)
    i.HAL_UART_Transmit_DMA                  0x08002728   Section        0  stm32f0xx_hal_uart.o(i.HAL_UART_Transmit_DMA)
    i.HAL_UART_TxCpltCallback                0x080027c0   Section        0  stm32f0xx_hal_uart.o(i.HAL_UART_TxCpltCallback)
    i.HAL_UART_TxHalfCpltCallback            0x080027c2   Section        0  stm32f0xx_hal_uart.o(i.HAL_UART_TxHalfCpltCallback)
    i.HMI_Addresses                          0x080027c4   Section        0  hmi_handler.o(i.HMI_Addresses)
    i.HardFault_Handler                      0x08002988   Section        0  stm32f0xx_it.o(i.HardFault_Handler)
    i.ILLUMINATE_STEPS_ON_HMI                0x0800298c   Section        0  application.o(i.ILLUMINATE_STEPS_ON_HMI)
    i.Interval_Switching_Action              0x080029dc   Section        0  time_based_table_operation.o(i.Interval_Switching_Action)
    i.IsEmpty                                0x08002a2c   Section        0  queue_dgus_rx.o(i.IsEmpty)
    i.IsFull                                 0x08002a40   Section        0  queue_dgus_rx.o(i.IsFull)
    i.MEASUREMENT_CALCULATION                0x08002a54   Section        0  measurement.o(i.MEASUREMENT_CALCULATION)
    i.MULTI_PURPOSE_TIMER                    0x08002bac   Section        0  time_handler.o(i.MULTI_PURPOSE_TIMER)
    i.MX_ADC_Init                            0x08002c98   Section        0  adc.o(i.MX_ADC_Init)
    i.MX_DMA_Init                            0x08002d28   Section        0  dma.o(i.MX_DMA_Init)
    i.MX_GPIO_Init                           0x08002d60   Section        0  gpio.o(i.MX_GPIO_Init)
    i.MX_TIM1_Init                           0x08002e60   Section        0  tim.o(i.MX_TIM1_Init)
    i.MX_TIM3_Init                           0x08002f38   Section        0  tim.o(i.MX_TIM3_Init)
    i.MX_USART1_UART_Init                    0x08002fa4   Section        0  usart.o(i.MX_USART1_UART_Init)
    i.NMI_Handler                            0x08002fdc   Section        0  stm32f0xx_it.o(i.NMI_Handler)
    i.NVIC_SetPriority                       0x08002fe0   Section        0  stm32f0xx_hal_cortex.o(i.NVIC_SetPriority)
    NVIC_SetPriority                         0x08002fe1   Thumb Code    60  stm32f0xx_hal_cortex.o(i.NVIC_SetPriority)
    i.OFF_CURRENT                            0x08003024   Section        0  firing.o(i.OFF_CURRENT)
    i.PIDController_Update                   0x08003044   Section        0  pid.o(i.PIDController_Update)
    i.Pause_Operation                        0x08003128   Section        0  time_based_table_operation.o(i.Pause_Operation)
    i.PendSV_Handler                         0x08003134   Section        0  stm32f0xx_it.o(i.PendSV_Handler)
    i.Process_Runing                         0x08003138   Section        0  application.o(i.Process_Runing)
    i.RELAYS_OPERATION                       0x080031d8   Section        0  application.o(i.RELAYS_OPERATION)
    i.Read_All_Signals                       0x0800332c   Section        0  application.o(i.Read_All_Signals)
    i.Resume_Operation                       0x080033a0   Section        0  time_based_table_operation.o(i.Resume_Operation)
    i.SEND_TO_HMI                            0x080033ac   Section        0  hmi_communication.o(i.SEND_TO_HMI)
    i.SVC_Handler                            0x080033dc   Section        0  stm32f0xx_it.o(i.SVC_Handler)
    i.SerialEvent                            0x080033e0   Section        0  hmi_communication.o(i.SerialEvent)
    i.Start_Operation                        0x08003478   Section        0  time_based_table_operation.o(i.Start_Operation)
    i.Stop_Operation                         0x0800349c   Section        0  time_based_table_operation.o(i.Stop_Operation)
    i.Store_Value                            0x080034b8   Section        0  measurement_history.o(i.Store_Value)
    i.SysTick_Handler                        0x08003520   Section        0  stm32f0xx_it.o(i.SysTick_Handler)
    i.SystemClock_Config                     0x08003528   Section        0  main.o(i.SystemClock_Config)
    i.SystemInit                             0x08003584   Section        0  system_stm32f0xx.o(i.SystemInit)
    i.TIM3_IRQHandler                        0x080035e0   Section        0  stm32f0xx_it.o(i.TIM3_IRQHandler)
    i.TIM_Base_SetConfig                     0x080035f0   Section        0  stm32f0xx_hal_tim.o(i.TIM_Base_SetConfig)
    i.TIM_CCxChannelCmd                      0x08003684   Section        0  stm32f0xx_hal_tim.o(i.TIM_CCxChannelCmd)
    i.TIM_ETR_SetConfig                      0x0800369a   Section        0  stm32f0xx_hal_tim.o(i.TIM_ETR_SetConfig)
    i.TIM_ITRx_SetConfig                     0x080036b0   Section        0  stm32f0xx_hal_tim.o(i.TIM_ITRx_SetConfig)
    TIM_ITRx_SetConfig                       0x080036b1   Thumb Code    16  stm32f0xx_hal_tim.o(i.TIM_ITRx_SetConfig)
    i.TIM_OC1_SetConfig                      0x080036c0   Section        0  stm32f0xx_hal_tim.o(i.TIM_OC1_SetConfig)
    TIM_OC1_SetConfig                        0x080036c1   Thumb Code   120  stm32f0xx_hal_tim.o(i.TIM_OC1_SetConfig)
    i.TIM_OC2_SetConfig                      0x08003748   Section        0  stm32f0xx_hal_tim.o(i.TIM_OC2_SetConfig)
    i.TIM_OC3_SetConfig                      0x080037c8   Section        0  stm32f0xx_hal_tim.o(i.TIM_OC3_SetConfig)
    TIM_OC3_SetConfig                        0x080037c9   Thumb Code   114  stm32f0xx_hal_tim.o(i.TIM_OC3_SetConfig)
    i.TIM_OC4_SetConfig                      0x0800384c   Section        0  stm32f0xx_hal_tim.o(i.TIM_OC4_SetConfig)
    TIM_OC4_SetConfig                        0x0800384d   Thumb Code    90  stm32f0xx_hal_tim.o(i.TIM_OC4_SetConfig)
    i.TIM_TI1_ConfigInputStage               0x080038b8   Section        0  stm32f0xx_hal_tim.o(i.TIM_TI1_ConfigInputStage)
    TIM_TI1_ConfigInputStage                 0x080038b9   Thumb Code    34  stm32f0xx_hal_tim.o(i.TIM_TI1_ConfigInputStage)
    i.TIM_TI2_ConfigInputStage               0x080038da   Section        0  stm32f0xx_hal_tim.o(i.TIM_TI2_ConfigInputStage)
    TIM_TI2_ConfigInputStage                 0x080038db   Thumb Code    38  stm32f0xx_hal_tim.o(i.TIM_TI2_ConfigInputStage)
    i.UART_AdvFeatureConfig                  0x08003900   Section        0  stm32f0xx_hal_uart.o(i.UART_AdvFeatureConfig)
    i.UART_CheckIdleState                    0x080039cc   Section        0  stm32f0xx_hal_uart.o(i.UART_CheckIdleState)
    i.UART_DMAAbortOnError                   0x08003a34   Section        0  stm32f0xx_hal_uart.o(i.UART_DMAAbortOnError)
    UART_DMAAbortOnError                     0x08003a35   Thumb Code    20  stm32f0xx_hal_uart.o(i.UART_DMAAbortOnError)
    i.UART_DMAError                          0x08003a48   Section        0  stm32f0xx_hal_uart.o(i.UART_DMAError)
    UART_DMAError                            0x08003a49   Thumb Code    74  stm32f0xx_hal_uart.o(i.UART_DMAError)
    i.UART_DMAReceiveCplt                    0x08003a92   Section        0  stm32f0xx_hal_uart.o(i.UART_DMAReceiveCplt)
    UART_DMAReceiveCplt                      0x08003a93   Thumb Code    64  stm32f0xx_hal_uart.o(i.UART_DMAReceiveCplt)
    i.UART_DMARxHalfCplt                     0x08003ad2   Section        0  stm32f0xx_hal_uart.o(i.UART_DMARxHalfCplt)
    UART_DMARxHalfCplt                       0x08003ad3   Thumb Code    10  stm32f0xx_hal_uart.o(i.UART_DMARxHalfCplt)
    i.UART_DMATransmitCplt                   0x08003adc   Section        0  stm32f0xx_hal_uart.o(i.UART_DMATransmitCplt)
    UART_DMATransmitCplt                     0x08003add   Thumb Code    48  stm32f0xx_hal_uart.o(i.UART_DMATransmitCplt)
    i.UART_DMATxHalfCplt                     0x08003b0c   Section        0  stm32f0xx_hal_uart.o(i.UART_DMATxHalfCplt)
    UART_DMATxHalfCplt                       0x08003b0d   Thumb Code    10  stm32f0xx_hal_uart.o(i.UART_DMATxHalfCplt)
    i.UART_EndRxTransfer                     0x08003b16   Section        0  stm32f0xx_hal_uart.o(i.UART_EndRxTransfer)
    UART_EndRxTransfer                       0x08003b17   Thumb Code    30  stm32f0xx_hal_uart.o(i.UART_EndRxTransfer)
    i.UART_EndTransmit_IT                    0x08003b34   Section        0  stm32f0xx_hal_uart.o(i.UART_EndTransmit_IT)
    i.UART_EndTxTransfer                     0x08003b4e   Section        0  stm32f0xx_hal_uart.o(i.UART_EndTxTransfer)
    UART_EndTxTransfer                       0x08003b4f   Thumb Code    18  stm32f0xx_hal_uart.o(i.UART_EndTxTransfer)
    i.UART_Receive_IT                        0x08003b60   Section        0  stm32f0xx_hal_uart.o(i.UART_Receive_IT)
    i.UART_SetConfig                         0x08003bdc   Section        0  stm32f0xx_hal_uart.o(i.UART_SetConfig)
    i.UART_Transmit_IT                       0x08003d0c   Section        0  stm32f0xx_hal_uart.o(i.UART_Transmit_IT)
    i.UART_WaitOnFlagUntilTimeout            0x08003d72   Section        0  stm32f0xx_hal_uart.o(i.UART_WaitOnFlagUntilTimeout)
    i.USART1_IRQHandler                      0x08003dd4   Section        0  stm32f0xx_it.o(i.USART1_IRQHandler)
    i.__ARM_clz                              0x08003de4   Section        0  depilogue.o(i.__ARM_clz)
    i.__ARM_common_switch8                   0x08003e12   Section        0  application.o(i.__ARM_common_switch8)
    i.__scatterload_copy                     0x08003e2c   Section       14  handlers.o(i.__scatterload_copy)
    i.__scatterload_null                     0x08003e3a   Section        2  handlers.o(i.__scatterload_null)
    i.__scatterload_zeroinit                 0x08003e3c   Section       14  handlers.o(i.__scatterload_zeroinit)
    i.all_contactors_updated                 0x08003e4c   Section        0  application.o(i.all_contactors_updated)
    i.auto_calibration                       0x08003e74   Section        0  measurement.o(i.auto_calibration)
    i.auto_operation                         0x08003fa0   Section        0  auto_mode.o(i.auto_operation)
    i.calculate_array_of_currents            0x08003fe0   Section        0  auto_mode.o(i.calculate_array_of_currents)
    i.calculate_average_for_display          0x08004034   Section        0  measurement.o(i.calculate_average_for_display)
    i.calculate_difference_array             0x080040e0   Section        0  auto_mode.o(i.calculate_difference_array)
    i.calculate_possible_probabilities       0x08004108   Section        0  auto_mode.o(i.calculate_possible_probabilities)
    i.calculate_process_begin_end            0x0800414c   Section        0  auto_mode.o(i.calculate_process_begin_end)
    i.check_end_voltage_limitation           0x08004180   Section        0  auto_mode.o(i.check_end_voltage_limitation)
    i.check_input_current_limits             0x080041bc   Section        0  auto_mode.o(i.check_input_current_limits)
    i.determine_pwm_value                    0x08004264   Section        0  auto_mode.o(i.determine_pwm_value)
    i.display_measure_history                0x080042c0   Section        0  measurement_history.o(i.display_measure_history)
    i.find_best_choice                       0x0800430c   Section        0  auto_mode.o(i.find_best_choice)
    i.firing                                 0x08004360   Section        0  firing.o(i.firing)
    i.flashing_registeration                 0x08004410   Section        0  hmi_handler.o(i.flashing_registeration)
    i.initiate_multiset_point_mode           0x080044a0   Section        0  auto_mode.o(i.initiate_multiset_point_mode)
    i.main                                   0x080044e0   Section        0  main.o(i.main)
    i.measure_10_msec                        0x08004534   Section        0  measurement.o(i.measure_10_msec)
    i.measure_start_dma_adc                  0x08004580   Section        0  measurement.o(i.measure_start_dma_adc)
    i.measure_timer_it                       0x080045a8   Section        0  measurement.o(i.measure_timer_it)
    i.multi_set_point_operation              0x080045e8   Section        0  auto_mode.o(i.multi_set_point_operation)
    i.on_the_suitable_steps                  0x08004758   Section        0  auto_mode.o(i.on_the_suitable_steps)
    i.read_next_address_without_dequeue      0x08004788   Section        0  queue_dgus_rx.o(i.read_next_address_without_dequeue)
    i.refresh_hmi_screen_while_unpushed      0x080047b4   Section        0  hmi_handler.o(i.refresh_hmi_screen_while_unpushed)
    i.replace                                0x080047d8   Section        0  auto_mode.o(i.replace)
    i.search_if_any_step_on                  0x080047e4   Section        0  application.o(i.search_if_any_step_on)
    i.search_on_queue                        0x08004800   Section        0  queue_dgus_rx.o(i.search_on_queue)
    i.send_tx_queue_hmi_communication        0x08004880   Section        0  hmi_communication.o(i.send_tx_queue_hmi_communication)
    i.set_half_sec_counter                   0x080049a4   Section        0  time_handler.o(i.set_half_sec_counter)
    i.start_hmi_uart                         0x080049b0   Section        0  hmi_communication.o(i.start_hmi_uart)
    i.update_operation                       0x080049c8   Section        0  auto_mode.o(i.update_operation)
    i.update_steps_and_pwm                   0x08004aa4   Section        0  application.o(i.update_steps_and_pwm)
    .constdata                               0x08004b38   Section       16  system_stm32f0xx.o(.constdata)
    .constdata                               0x08004b48   Section        8  system_stm32f0xx.o(.constdata)
    .data                                    0x20000000   Section       24  application.o(.data)
    old_setting                              0x20000004   Data           2  application.o(.data)
    after_pid_setting                        0x20000006   Data           2  application.o(.data)
    .data                                    0x20000018   Section       80  arrays_calibration_firing.o(.data)
    .data                                    0x20000068   Section       80  arrays_calibration_firing.o(.data)
    .data                                    0x200000b8   Section      104  auto_mode.o(.data)
    status                                   0x200000c3   Data           1  auto_mode.o(.data)
    max_input_count                          0x200000c4   Data           1  auto_mode.o(.data)
    .data                                    0x20000120   Section        6  firing.o(.data)
    .data                                    0x20000128   Section       59  hmi_communication.o(.data)
    messege_arranger_flag                    0x2000012c   Data           1  hmi_communication.o(.data)
    messege_arranger_arr_1                   0x2000012d   Data           1  hmi_communication.o(.data)
    messege_arranger_arr_2                   0x2000012e   Data           1  hmi_communication.o(.data)
    .data                                    0x20000163   Section        1  hmi_communication.o(.data)
    .data                                    0x20000164   Section       44  hmi_handler.o(.data)
    tog                                      0x20000167   Data           1  hmi_handler.o(.data)
    .data                                    0x20000190   Section       48  measurement.o(.data)
    contactors_response_COUNTER              0x2000019c   Data           2  measurement.o(.data)
    max                                      0x2000019e   Data           2  measurement.o(.data)
    .data                                    0x200001c0   Section       16  queue_dgus_rx.o(.data)
    .data                                    0x200001d0   Section       32  time_handler.o(.data)
    x                                        0x200001e0   Data           4  time_handler.o(.data)
    .data                                    0x200001f0   Section        6  measurement_history.o(.data)
    .data                                    0x200001f8   Section       12  time_based_table_operation.o(.data)
    Interval_Process_Status                  0x200001f8   Data           1  time_based_table_operation.o(.data)
    Interval_Action_Type                     0x200001f9   Data           1  time_based_table_operation.o(.data)
    Overall_Process_Status                   0x200001fa   Data           1  time_based_table_operation.o(.data)
    Duration_Counter                         0x200001fc   Data           2  time_based_table_operation.o(.data)
    .data                                    0x20000204   Section        4  stm32f0xx_hal.o(.data)
    .data                                    0x20000208   Section        4  system_stm32f0xx.o(.data)
    .bss                                     0x2000020c   Section     1712  auto_mode.o(.bss)
    .bss                                     0x200008bc   Section      124  hmi_communication.o(.bss)
    send_dma_buff                            0x200008d4   Data         100  hmi_communication.o(.bss)
    .bss                                     0x20000938   Section      294  hmi_handler.o(.bss)
    .bss                                     0x20000a5e   Section       64  hmi_handler.o(.bss)
    .bss                                     0x20000aa0   Section      144  measurement.o(.bss)
    .bss                                     0x20000b30   Section       56  pid.o(.bss)
    .bss                                     0x20000b68   Section      808  queue_dgus_rx.o(.bss)
    .bss                                     0x20000e90   Section      288  measurement_history.o(.bss)
    .bss                                     0x20000fb0   Section       10  time_based_table_operation.o(.bss)
    Setting_Data                             0x20000fb0   Data          10  time_based_table_operation.o(.bss)
    .bss                                     0x20000fbc   Section      144  adc.o(.bss)
    .bss                                     0x2000104c   Section      128  tim.o(.bss)
    .bss                                     0x200010cc   Section      248  usart.o(.bss)
    STACK                                    0x200011c8   Section     1024  startup_stm32f051x8.o(STACK)

    Global Symbols

    Symbol Name                              Value     Ov Type        Size  Object(Section)

    BuildAttributes$$THM_ISAv3M$S$PE$A:L22$X:L11$S22$IEEE1$IW$USESV6$~STKCKD$USESV7$~SHL$OTIME$ROPI$EBA8$MICROLIB$REQ8$PRES8$EABIv2 0x00000000   Number         0  anon$$obj.o ABSOLUTE
    __ARM_use_no_argv                        0x00000000   Number         0  main.o ABSOLUTE
    __arm_fini_                               - Undefined Weak Reference
    __cpp_initialize__aeabi_                  - Undefined Weak Reference
    __cxa_finalize                            - Undefined Weak Reference
    _clock_init                               - Undefined Weak Reference
    _microlib_exit                            - Undefined Weak Reference
    __Vectors_Size                           0x000000bc   Number         0  startup_stm32f051x8.o ABSOLUTE
    __Vectors                                0x08000000   Data           4  startup_stm32f051x8.o(RESET)
    __Vectors_End                            0x080000bc   Data           0  startup_stm32f051x8.o(RESET)
    __main                                   0x080000bd   Thumb Code     0  entry.o(.ARM.Collect$$$$00000000)
    _main_stk                                0x080000bd   Thumb Code     0  entry2.o(.ARM.Collect$$$$00000001)
    _main_scatterload                        0x080000c1   Thumb Code     0  entry5.o(.ARM.Collect$$$$00000004)
    __main_after_scatterload                 0x080000c5   Thumb Code     0  entry5.o(.ARM.Collect$$$$00000004)
    _main_clock                              0x080000c5   Thumb Code     0  entry7b.o(.ARM.Collect$$$$00000008)
    _main_cpp_init                           0x080000c5   Thumb Code     0  entry8b.o(.ARM.Collect$$$$0000000A)
    _main_init                               0x080000c5   Thumb Code     0  entry9a.o(.ARM.Collect$$$$0000000B)
    __rt_lib_shutdown_fini                   0x080000cd   Thumb Code     0  entry12b.o(.ARM.Collect$$$$0000000E)
    __rt_final_cpp                           0x080000d1   Thumb Code     0  entry10a.o(.ARM.Collect$$$$0000000F)
    __rt_final_exit                          0x080000d1   Thumb Code     0  entry11a.o(.ARM.Collect$$$$00000011)
    Reset_Handler                            0x080000d5   Thumb Code     8  startup_stm32f051x8.o(.text)
    CEC_IRQHandler                           0x080000e7   Thumb Code     0  startup_stm32f051x8.o(.text)
    DMA1_Channel4_5_IRQHandler               0x080000e7   Thumb Code     0  startup_stm32f051x8.o(.text)
    EXTI0_1_IRQHandler                       0x080000e7   Thumb Code     0  startup_stm32f051x8.o(.text)
    EXTI2_3_IRQHandler                       0x080000e7   Thumb Code     0  startup_stm32f051x8.o(.text)
    EXTI4_15_IRQHandler                      0x080000e7   Thumb Code     0  startup_stm32f051x8.o(.text)
    FLASH_IRQHandler                         0x080000e7   Thumb Code     0  startup_stm32f051x8.o(.text)
    I2C1_IRQHandler                          0x080000e7   Thumb Code     0  startup_stm32f051x8.o(.text)
    I2C2_IRQHandler                          0x080000e7   Thumb Code     0  startup_stm32f051x8.o(.text)
    PVD_IRQHandler                           0x080000e7   Thumb Code     0  startup_stm32f051x8.o(.text)
    RCC_IRQHandler                           0x080000e7   Thumb Code     0  startup_stm32f051x8.o(.text)
    RTC_IRQHandler                           0x080000e7   Thumb Code     0  startup_stm32f051x8.o(.text)
    SPI1_IRQHandler                          0x080000e7   Thumb Code     0  startup_stm32f051x8.o(.text)
    SPI2_IRQHandler                          0x080000e7   Thumb Code     0  startup_stm32f051x8.o(.text)
    TIM14_IRQHandler                         0x080000e7   Thumb Code     0  startup_stm32f051x8.o(.text)
    TIM15_IRQHandler                         0x080000e7   Thumb Code     0  startup_stm32f051x8.o(.text)
    TIM16_IRQHandler                         0x080000e7   Thumb Code     0  startup_stm32f051x8.o(.text)
    TIM17_IRQHandler                         0x080000e7   Thumb Code     0  startup_stm32f051x8.o(.text)
    TIM1_BRK_UP_TRG_COM_IRQHandler           0x080000e7   Thumb Code     0  startup_stm32f051x8.o(.text)
    TIM1_CC_IRQHandler                       0x080000e7   Thumb Code     0  startup_stm32f051x8.o(.text)
    TIM2_IRQHandler                          0x080000e7   Thumb Code     0  startup_stm32f051x8.o(.text)
    TIM6_DAC_IRQHandler                      0x080000e7   Thumb Code     0  startup_stm32f051x8.o(.text)
    TSC_IRQHandler                           0x080000e7   Thumb Code     0  startup_stm32f051x8.o(.text)
    USART2_IRQHandler                        0x080000e7   Thumb Code     0  startup_stm32f051x8.o(.text)
    WWDG_IRQHandler                          0x080000e7   Thumb Code     0  startup_stm32f051x8.o(.text)
    __aeabi_uidiv                            0x080000f1   Thumb Code     0  uidiv.o(.text)
    __aeabi_uidivmod                         0x080000f1   Thumb Code    44  uidiv.o(.text)
    __aeabi_idiv                             0x0800011d   Thumb Code     0  idiv.o(.text)
    __aeabi_idivmod                          0x0800011d   Thumb Code    40  idiv.o(.text)
    __aeabi_llsr                             0x08000145   Thumb Code    34  llushr.o(.text)
    _ll_ushift_r                             0x08000145   Thumb Code     0  llushr.o(.text)
    __aeabi_memcpy                           0x08000167   Thumb Code    36  memcpya.o(.text)
    __aeabi_memcpy4                          0x08000167   Thumb Code     0  memcpya.o(.text)
    __aeabi_memcpy8                          0x08000167   Thumb Code     0  memcpya.o(.text)
    __aeabi_memset                           0x0800018b   Thumb Code    14  memseta.o(.text)
    __aeabi_memset4                          0x0800018b   Thumb Code     0  memseta.o(.text)
    __aeabi_memset8                          0x0800018b   Thumb Code     0  memseta.o(.text)
    __aeabi_memclr                           0x08000199   Thumb Code     4  memseta.o(.text)
    __aeabi_memclr4                          0x08000199   Thumb Code     0  memseta.o(.text)
    __aeabi_memclr8                          0x08000199   Thumb Code     0  memseta.o(.text)
    _memset$wrapper                          0x0800019d   Thumb Code    18  memseta.o(.text)
    __aeabi_fadd                             0x080001af   Thumb Code   162  fadd.o(.text)
    __aeabi_fsub                             0x08000251   Thumb Code     8  fadd.o(.text)
    __aeabi_frsub                            0x08000259   Thumb Code     8  fadd.o(.text)
    __aeabi_fmul                             0x08000261   Thumb Code   122  fmul.o(.text)
    __aeabi_fdiv                             0x080002db   Thumb Code   124  fdiv.o(.text)
    __ARM_scalbnf                            0x08000357   Thumb Code    24  fscalb.o(.text)
    scalbnf                                  0x08000357   Thumb Code     0  fscalb.o(.text)
    __aeabi_dadd                             0x08000371   Thumb Code   330  dadd.o(.text)
    __aeabi_dsub                             0x080004bb   Thumb Code    12  dadd.o(.text)
    __aeabi_drsub                            0x080004c7   Thumb Code    12  dadd.o(.text)
    __aeabi_dmul                             0x080004d9   Thumb Code   202  dmul.o(.text)
    __aeabi_ddiv                             0x080005a9   Thumb Code   234  ddiv.o(.text)
    __aeabi_i2f                              0x08000699   Thumb Code    22  fflti.o(.text)
    __aeabi_ui2f                             0x080006af   Thumb Code    14  ffltui.o(.text)
    __aeabi_ui2d                             0x080006bd   Thumb Code    24  dfltui.o(.text)
    __aeabi_ul2d                             0x080006d9   Thumb Code    22  dfltul.o(.text)
    __aeabi_f2iz                             0x080006f5   Thumb Code    50  ffixi.o(.text)
    __aeabi_f2uiz                            0x08000727   Thumb Code    40  ffixui.o(.text)
    __aeabi_d2iz                             0x08000751   Thumb Code    62  dfixi.o(.text)
    __aeabi_d2uiz                            0x08000799   Thumb Code    50  dfixui.o(.text)
    __aeabi_f2d                              0x080007d5   Thumb Code    40  f2d.o(.text)
    __aeabi_cdcmpeq                          0x080007fd   Thumb Code     0  cdcmple.o(.text)
    __aeabi_cdcmple                          0x080007fd   Thumb Code    38  cdcmple.o(.text)
    __aeabi_cdrcmple                         0x08000825   Thumb Code    38  cdrcmple.o(.text)
    __aeabi_d2f                              0x0800084d   Thumb Code    56  d2f.o(.text)
    __aeabi_cfcmpeq                          0x08000885   Thumb Code     0  cfcmple.o(.text)
    __aeabi_cfcmple                          0x08000885   Thumb Code    20  cfcmple.o(.text)
    __aeabi_cfrcmple                         0x08000899   Thumb Code    20  cfrcmple.o(.text)
    __aeabi_llsl                             0x080008ad   Thumb Code    32  llshl.o(.text)
    _ll_shift_l                              0x080008ad   Thumb Code     0  llshl.o(.text)
    __aeabi_lasr                             0x080008cd   Thumb Code    38  llsshr.o(.text)
    _ll_sshift_r                             0x080008cd   Thumb Code     0  llsshr.o(.text)
    __I$use$fp                               0x080008f3   Thumb Code     0  iusefp.o(.text)
    _float_round                             0x080008f3   Thumb Code    16  fepilogue.o(.text)
    _float_epilogue                          0x08000903   Thumb Code   114  fepilogue.o(.text)
    _double_round                            0x08000975   Thumb Code    26  depilogue.o(.text)
    _double_epilogue                         0x0800098f   Thumb Code   164  depilogue.o(.text)
    __scatterload                            0x08000a35   Thumb Code    28  init.o(.text)
    __scatterload_rt2                        0x08000a35   Thumb Code     0  init.o(.text)
    __decompress                             0x08000a59   Thumb Code     0  __dczerorl2.o(.text)
    __decompress1                            0x08000a59   Thumb Code    86  __dczerorl2.o(.text)
    ADC1_COMP_IRQHandler                     0x08000ab1   Thumb Code    10  stm32f0xx_it.o(i.ADC1_COMP_IRQHandler)
    DISPLAY_MEASUREMENT                      0x08000bd5   Thumb Code    30  hmi_handler.o(i.DISPLAY_MEASUREMENT)
    DMA1_Channel1_IRQHandler                 0x08000bfd   Thumb Code    10  stm32f0xx_it.o(i.DMA1_Channel1_IRQHandler)
    DMA1_Channel2_3_IRQHandler               0x08000c0d   Thumb Code    16  stm32f0xx_it.o(i.DMA1_Channel2_3_IRQHandler)
    Dequeue                                  0x08000c71   Thumb Code    78  queue_dgus_rx.o(i.Dequeue)
    Duration_Counter_Process                 0x08000cc9   Thumb Code    44  time_based_table_operation.o(i.Duration_Counter_Process)
    Enqueue                                  0x08000cfd   Thumb Code    92  queue_dgus_rx.o(i.Enqueue)
    Error_Handler                            0x08000d61   Thumb Code     2  main.o(i.Error_Handler)
    FLASH_ON_HMI                             0x08000d65   Thumb Code   102  hmi_handler.o(i.FLASH_ON_HMI)
    Get_Interval_Currentstatus               0x08000dd5   Thumb Code    12  time_based_table_operation.o(i.Get_Interval_Currentstatus)
    HAL_ADCEx_Calibration_Start              0x08000de5   Thumb Code   176  stm32f0xx_hal_adc_ex.o(i.HAL_ADCEx_Calibration_Start)
    HAL_ADC_ConfigChannel                    0x08000e95   Thumb Code   284  stm32f0xx_hal_adc.o(i.HAL_ADC_ConfigChannel)
    HAL_ADC_ConvCpltCallback                 0x08000fc1   Thumb Code     8  measurement.o(i.HAL_ADC_ConvCpltCallback)
    HAL_ADC_ConvHalfCpltCallback             0x08000fc9   Thumb Code     2  stm32f0xx_hal_adc.o(i.HAL_ADC_ConvHalfCpltCallback)
    HAL_ADC_ErrorCallback                    0x08000fcb   Thumb Code     2  stm32f0xx_hal_adc.o(i.HAL_ADC_ErrorCallback)
    HAL_ADC_IRQHandler                       0x08000fcd   Thumb Code   208  stm32f0xx_hal_adc.o(i.HAL_ADC_IRQHandler)
    HAL_ADC_Init                             0x0800109d   Thumb Code   364  stm32f0xx_hal_adc.o(i.HAL_ADC_Init)
    HAL_ADC_LevelOutOfWindowCallback         0x08001211   Thumb Code     2  stm32f0xx_hal_adc.o(i.HAL_ADC_LevelOutOfWindowCallback)
    HAL_ADC_MspInit                          0x08001215   Thumb Code   138  adc.o(i.HAL_ADC_MspInit)
    HAL_ADC_Start_DMA                        0x080012b5   Thumb Code   144  stm32f0xx_hal_adc.o(i.HAL_ADC_Start_DMA)
    HAL_DMA_Abort_IT                         0x08001355   Thumb Code    72  stm32f0xx_hal_dma.o(i.HAL_DMA_Abort_IT)
    HAL_DMA_IRQHandler                       0x0800139d   Thumb Code   156  stm32f0xx_hal_dma.o(i.HAL_DMA_IRQHandler)
    HAL_DMA_Init                             0x08001439   Thumb Code    84  stm32f0xx_hal_dma.o(i.HAL_DMA_Init)
    HAL_DMA_Start_IT                         0x08001491   Thumb Code   106  stm32f0xx_hal_dma.o(i.HAL_DMA_Start_IT)
    HAL_Delay                                0x080014fb   Thumb Code    28  stm32f0xx_hal.o(i.HAL_Delay)
    HAL_GPIO_Init                            0x08001519   Thumb Code   302  stm32f0xx_hal_gpio.o(i.HAL_GPIO_Init)
    HAL_GPIO_ReadPin                         0x08001661   Thumb Code    10  stm32f0xx_hal_gpio.o(i.HAL_GPIO_ReadPin)
    HAL_GPIO_WritePin                        0x0800166b   Thumb Code    12  stm32f0xx_hal_gpio.o(i.HAL_GPIO_WritePin)
    HAL_GetTick                              0x08001679   Thumb Code     6  stm32f0xx_hal.o(i.HAL_GetTick)
    HAL_IncTick                              0x08001685   Thumb Code    10  stm32f0xx_hal.o(i.HAL_IncTick)
    HAL_Init                                 0x08001695   Thumb Code    26  stm32f0xx_hal.o(i.HAL_Init)
    HAL_InitTick                             0x080016b5   Thumb Code    34  stm32f0xx_hal.o(i.HAL_InitTick)
    HAL_MspInit                              0x080016d9   Thumb Code    34  stm32f0xx_hal_msp.o(i.HAL_MspInit)
    HAL_NVIC_EnableIRQ                       0x08001701   Thumb Code    14  stm32f0xx_hal_cortex.o(i.HAL_NVIC_EnableIRQ)
    HAL_NVIC_SetPriority                     0x08001715   Thumb Code     8  stm32f0xx_hal_cortex.o(i.HAL_NVIC_SetPriority)
    HAL_RCCEx_PeriphCLKConfig                0x0800171d   Thumb Code   236  stm32f0xx_hal_rcc_ex.o(i.HAL_RCCEx_PeriphCLKConfig)
    HAL_RCC_ClockConfig                      0x08001815   Thumb Code   280  stm32f0xx_hal_rcc.o(i.HAL_RCC_ClockConfig)
    HAL_RCC_GetHCLKFreq                      0x08001941   Thumb Code     6  stm32f0xx_hal_rcc.o(i.HAL_RCC_GetHCLKFreq)
    HAL_RCC_GetPCLK1Freq                     0x0800194d   Thumb Code    20  stm32f0xx_hal_rcc.o(i.HAL_RCC_GetPCLK1Freq)
    HAL_RCC_GetSysClockFreq                  0x0800196d   Thumb Code    76  stm32f0xx_hal_rcc.o(i.HAL_RCC_GetSysClockFreq)
    HAL_RCC_OscConfig                        0x080019e5   Thumb Code   840  stm32f0xx_hal_rcc.o(i.HAL_RCC_OscConfig)
    HAL_SYSTICK_Config                       0x08001d39   Thumb Code    38  stm32f0xx_hal_cortex.o(i.HAL_SYSTICK_Config)
    HAL_TIMEx_BreakCallback                  0x08001d69   Thumb Code     2  stm32f0xx_hal_tim_ex.o(i.HAL_TIMEx_BreakCallback)
    HAL_TIMEx_CommutationCallback            0x08001d6b   Thumb Code     2  stm32f0xx_hal_tim_ex.o(i.HAL_TIMEx_CommutationCallback)
    HAL_TIMEx_ConfigBreakDeadTime            0x08001d6d   Thumb Code    96  stm32f0xx_hal_tim_ex.o(i.HAL_TIMEx_ConfigBreakDeadTime)
    HAL_TIMEx_MasterConfigSynchronization    0x08001dcd   Thumb Code    72  stm32f0xx_hal_tim_ex.o(i.HAL_TIMEx_MasterConfigSynchronization)
    HAL_TIM_Base_Init                        0x08001e15   Thumb Code    52  stm32f0xx_hal_tim.o(i.HAL_TIM_Base_Init)
    HAL_TIM_Base_MspInit                     0x08001e49   Thumb Code    66  tim.o(i.HAL_TIM_Base_MspInit)
    HAL_TIM_Base_Start                       0x08001e99   Thumb Code    24  stm32f0xx_hal_tim.o(i.HAL_TIM_Base_Start)
    HAL_TIM_Base_Start_IT                    0x08001eb1   Thumb Code    22  stm32f0xx_hal_tim.o(i.HAL_TIM_Base_Start_IT)
    HAL_TIM_ConfigClockSource                0x08001ec7   Thumb Code   238  stm32f0xx_hal_tim.o(i.HAL_TIM_ConfigClockSource)
    HAL_TIM_IC_CaptureCallback               0x08001fb5   Thumb Code     2  stm32f0xx_hal_tim.o(i.HAL_TIM_IC_CaptureCallback)
    HAL_TIM_IRQHandler                       0x08001fb7   Thumb Code   354  stm32f0xx_hal_tim.o(i.HAL_TIM_IRQHandler)
    HAL_TIM_MspPostInit                      0x08002119   Thumb Code    70  tim.o(i.HAL_TIM_MspPostInit)
    HAL_TIM_OC_DelayElapsedCallback          0x08002169   Thumb Code     2  stm32f0xx_hal_tim.o(i.HAL_TIM_OC_DelayElapsedCallback)
    HAL_TIM_PWM_ConfigChannel                0x0800216b   Thumb Code   208  stm32f0xx_hal_tim.o(i.HAL_TIM_PWM_ConfigChannel)
    HAL_TIM_PWM_Init                         0x0800223b   Thumb Code    52  stm32f0xx_hal_tim.o(i.HAL_TIM_PWM_Init)
    HAL_TIM_PWM_MspInit                      0x0800226f   Thumb Code     2  stm32f0xx_hal_tim.o(i.HAL_TIM_PWM_MspInit)
    HAL_TIM_PWM_PulseFinishedCallback        0x08002271   Thumb Code     2  stm32f0xx_hal_tim.o(i.HAL_TIM_PWM_PulseFinishedCallback)
    HAL_TIM_PWM_Start                        0x08002275   Thumb Code    62  stm32f0xx_hal_tim.o(i.HAL_TIM_PWM_Start)
    HAL_TIM_PWM_Stop                         0x080022c5   Thumb Code    96  stm32f0xx_hal_tim.o(i.HAL_TIM_PWM_Stop)
    HAL_TIM_PeriodElapsedCallback            0x08002339   Thumb Code    92  time_handler.o(i.HAL_TIM_PeriodElapsedCallback)
    HAL_TIM_TriggerCallback                  0x080023a1   Thumb Code     2  stm32f0xx_hal_tim.o(i.HAL_TIM_TriggerCallback)
    HAL_UARTEx_WakeupCallback                0x080023a3   Thumb Code     2  stm32f0xx_hal_uart_ex.o(i.HAL_UARTEx_WakeupCallback)
    HAL_UART_ErrorCallback                   0x080023a5   Thumb Code     2  stm32f0xx_hal_uart.o(i.HAL_UART_ErrorCallback)
    HAL_UART_IRQHandler                      0x080023a9   Thumb Code   304  stm32f0xx_hal_uart.o(i.HAL_UART_IRQHandler)
    HAL_UART_Init                            0x080024dd   Thumb Code   108  stm32f0xx_hal_uart.o(i.HAL_UART_Init)
    HAL_UART_MspInit                         0x08002549   Thumb Code   186  usart.o(i.HAL_UART_MspInit)
    HAL_UART_Receive_DMA                     0x08002619   Thumb Code   150  stm32f0xx_hal_uart.o(i.HAL_UART_Receive_DMA)
    HAL_UART_RxCpltCallback                  0x080026bd   Thumb Code    96  hmi_communication.o(i.HAL_UART_RxCpltCallback)
    HAL_UART_RxHalfCpltCallback              0x08002725   Thumb Code     2  stm32f0xx_hal_uart.o(i.HAL_UART_RxHalfCpltCallback)
    HAL_UART_Transmit_DMA                    0x08002729   Thumb Code   138  stm32f0xx_hal_uart.o(i.HAL_UART_Transmit_DMA)
    HAL_UART_TxCpltCallback                  0x080027c1   Thumb Code     2  stm32f0xx_hal_uart.o(i.HAL_UART_TxCpltCallback)
    HAL_UART_TxHalfCpltCallback              0x080027c3   Thumb Code     2  stm32f0xx_hal_uart.o(i.HAL_UART_TxHalfCpltCallback)
    HMI_Addresses                            0x080027c5   Thumb Code   376  hmi_handler.o(i.HMI_Addresses)
    HardFault_Handler                        0x08002989   Thumb Code     2  stm32f0xx_it.o(i.HardFault_Handler)
    ILLUMINATE_STEPS_ON_HMI                  0x0800298d   Thumb Code    68  application.o(i.ILLUMINATE_STEPS_ON_HMI)
    Interval_Switching_Action                0x080029dd   Thumb Code    72  time_based_table_operation.o(i.Interval_Switching_Action)
    IsEmpty                                  0x08002a2d   Thumb Code    16  queue_dgus_rx.o(i.IsEmpty)
    IsFull                                   0x08002a41   Thumb Code    16  queue_dgus_rx.o(i.IsFull)
    MEASUREMENT_CALCULATION                  0x08002a55   Thumb Code   298  measurement.o(i.MEASUREMENT_CALCULATION)
    MULTI_PURPOSE_TIMER                      0x08002bad   Thumb Code   212  time_handler.o(i.MULTI_PURPOSE_TIMER)
    MX_ADC_Init                              0x08002c99   Thumb Code   136  adc.o(i.MX_ADC_Init)
    MX_DMA_Init                              0x08002d29   Thumb Code    52  dma.o(i.MX_DMA_Init)
    MX_GPIO_Init                             0x08002d61   Thumb Code   230  gpio.o(i.MX_GPIO_Init)
    MX_TIM1_Init                             0x08002e61   Thumb Code   202  tim.o(i.MX_TIM1_Init)
    MX_TIM3_Init                             0x08002f39   Thumb Code    98  tim.o(i.MX_TIM3_Init)
    MX_USART1_UART_Init                      0x08002fa5   Thumb Code    48  usart.o(i.MX_USART1_UART_Init)
    NMI_Handler                              0x08002fdd   Thumb Code     2  stm32f0xx_it.o(i.NMI_Handler)
    OFF_CURRENT                              0x08003025   Thumb Code    18  firing.o(i.OFF_CURRENT)
    PIDController_Update                     0x08003045   Thumb Code   226  pid.o(i.PIDController_Update)
    Pause_Operation                          0x08003129   Thumb Code     8  time_based_table_operation.o(i.Pause_Operation)
    PendSV_Handler                           0x08003135   Thumb Code     2  stm32f0xx_it.o(i.PendSV_Handler)
    Process_Runing                           0x08003139   Thumb Code   124  application.o(i.Process_Runing)
    RELAYS_OPERATION                         0x080031d9   Thumb Code   322  application.o(i.RELAYS_OPERATION)
    Read_All_Signals                         0x0800332d   Thumb Code    98  application.o(i.Read_All_Signals)
    Resume_Operation                         0x080033a1   Thumb Code     8  time_based_table_operation.o(i.Resume_Operation)
    SEND_TO_HMI                              0x080033ad   Thumb Code    40  hmi_communication.o(i.SEND_TO_HMI)
    SVC_Handler                              0x080033dd   Thumb Code     2  stm32f0xx_it.o(i.SVC_Handler)
    SerialEvent                              0x080033e1   Thumb Code   140  hmi_communication.o(i.SerialEvent)
    Start_Operation                          0x08003479   Thumb Code    28  time_based_table_operation.o(i.Start_Operation)
    Stop_Operation                           0x0800349d   Thumb Code    20  time_based_table_operation.o(i.Stop_Operation)
    Store_Value                              0x080034b9   Thumb Code    88  measurement_history.o(i.Store_Value)
    SysTick_Handler                          0x08003521   Thumb Code     8  stm32f0xx_it.o(i.SysTick_Handler)
    SystemClock_Config                       0x08003529   Thumb Code    92  main.o(i.SystemClock_Config)
    SystemInit                               0x08003585   Thumb Code    78  system_stm32f0xx.o(i.SystemInit)
    TIM3_IRQHandler                          0x080035e1   Thumb Code    10  stm32f0xx_it.o(i.TIM3_IRQHandler)
    TIM_Base_SetConfig                       0x080035f1   Thumb Code   124  stm32f0xx_hal_tim.o(i.TIM_Base_SetConfig)
    TIM_CCxChannelCmd                        0x08003685   Thumb Code    22  stm32f0xx_hal_tim.o(i.TIM_CCxChannelCmd)
    TIM_ETR_SetConfig                        0x0800369b   Thumb Code    22  stm32f0xx_hal_tim.o(i.TIM_ETR_SetConfig)
    TIM_OC2_SetConfig                        0x08003749   Thumb Code   110  stm32f0xx_hal_tim.o(i.TIM_OC2_SetConfig)
    UART_AdvFeatureConfig                    0x08003901   Thumb Code   202  stm32f0xx_hal_uart.o(i.UART_AdvFeatureConfig)
    UART_CheckIdleState                      0x080039cd   Thumb Code    96  stm32f0xx_hal_uart.o(i.UART_CheckIdleState)
    UART_EndTransmit_IT                      0x08003b35   Thumb Code    26  stm32f0xx_hal_uart.o(i.UART_EndTransmit_IT)
    UART_Receive_IT                          0x08003b61   Thumb Code   122  stm32f0xx_hal_uart.o(i.UART_Receive_IT)
    UART_SetConfig                           0x08003bdd   Thumb Code   280  stm32f0xx_hal_uart.o(i.UART_SetConfig)
    UART_Transmit_IT                         0x08003d0d   Thumb Code   102  stm32f0xx_hal_uart.o(i.UART_Transmit_IT)
    UART_WaitOnFlagUntilTimeout              0x08003d73   Thumb Code    98  stm32f0xx_hal_uart.o(i.UART_WaitOnFlagUntilTimeout)
    USART1_IRQHandler                        0x08003dd5   Thumb Code    10  stm32f0xx_it.o(i.USART1_IRQHandler)
    __ARM_clz                                0x08003de5   Thumb Code    46  depilogue.o(i.__ARM_clz)
    __ARM_common_switch8                     0x08003e13   Thumb Code    26  application.o(i.__ARM_common_switch8)
    __scatterload_copy                       0x08003e2d   Thumb Code    14  handlers.o(i.__scatterload_copy)
    __scatterload_null                       0x08003e3b   Thumb Code     2  handlers.o(i.__scatterload_null)
    __scatterload_zeroinit                   0x08003e3d   Thumb Code    14  handlers.o(i.__scatterload_zeroinit)
    all_contactors_updated                   0x08003e4d   Thumb Code    30  application.o(i.all_contactors_updated)
    auto_calibration                         0x08003e75   Thumb Code   298  measurement.o(i.auto_calibration)
    auto_operation                           0x08003fa1   Thumb Code    50  auto_mode.o(i.auto_operation)
    calculate_array_of_currents              0x08003fe1   Thumb Code    72  auto_mode.o(i.calculate_array_of_currents)
    calculate_average_for_display            0x08004035   Thumb Code   164  measurement.o(i.calculate_average_for_display)
    calculate_difference_array               0x080040e1   Thumb Code    32  auto_mode.o(i.calculate_difference_array)
    calculate_possible_probabilities         0x08004109   Thumb Code    64  auto_mode.o(i.calculate_possible_probabilities)
    calculate_process_begin_end              0x0800414d   Thumb Code    48  auto_mode.o(i.calculate_process_begin_end)
    check_end_voltage_limitation             0x08004181   Thumb Code    48  auto_mode.o(i.check_end_voltage_limitation)
    check_input_current_limits               0x080041bd   Thumb Code   156  auto_mode.o(i.check_input_current_limits)
    determine_pwm_value                      0x08004265   Thumb Code    74  auto_mode.o(i.determine_pwm_value)
    display_measure_history                  0x080042c1   Thumb Code    72  measurement_history.o(i.display_measure_history)
    find_best_choice                         0x0800430d   Thumb Code    76  auto_mode.o(i.find_best_choice)
    firing                                   0x08004361   Thumb Code   144  firing.o(i.firing)
    flashing_registeration                   0x08004411   Thumb Code   134  hmi_handler.o(i.flashing_registeration)
    initiate_multiset_point_mode             0x080044a1   Thumb Code    54  auto_mode.o(i.initiate_multiset_point_mode)
    main                                     0x080044e1   Thumb Code    80  main.o(i.main)
    measure_10_msec                          0x08004535   Thumb Code    66  measurement.o(i.measure_10_msec)
    measure_start_dma_adc                    0x08004581   Thumb Code    26  measurement.o(i.measure_start_dma_adc)
    measure_timer_it                         0x080045a9   Thumb Code    56  measurement.o(i.measure_timer_it)
    multi_set_point_operation                0x080045e9   Thumb Code   352  auto_mode.o(i.multi_set_point_operation)
    on_the_suitable_steps                    0x08004759   Thumb Code    40  auto_mode.o(i.on_the_suitable_steps)
    read_next_address_without_dequeue        0x08004789   Thumb Code    36  queue_dgus_rx.o(i.read_next_address_without_dequeue)
    refresh_hmi_screen_while_unpushed        0x080047b5   Thumb Code    30  hmi_handler.o(i.refresh_hmi_screen_while_unpushed)
    replace                                  0x080047d9   Thumb Code    10  auto_mode.o(i.replace)
    search_if_any_step_on                    0x080047e5   Thumb Code    24  application.o(i.search_if_any_step_on)
    search_on_queue                          0x08004801   Thumb Code   120  queue_dgus_rx.o(i.search_on_queue)
    send_tx_queue_hmi_communication          0x08004881   Thumb Code   276  hmi_communication.o(i.send_tx_queue_hmi_communication)
    set_half_sec_counter                     0x080049a5   Thumb Code     6  time_handler.o(i.set_half_sec_counter)
    start_hmi_uart                           0x080049b1   Thumb Code    14  hmi_communication.o(i.start_hmi_uart)
    update_operation                         0x080049c9   Thumb Code   204  auto_mode.o(i.update_operation)
    update_steps_and_pwm                     0x08004aa5   Thumb Code   122  application.o(i.update_steps_and_pwm)
    AHBPrescTable                            0x08004b38   Data          16  system_stm32f0xx.o(.constdata)
    APBPrescTable                            0x08004b48   Data           8  system_stm32f0xx.o(.constdata)
    Region$$Table$$Base                      0x08004b50   Number         0  anon$$obj.o(Region$$Table)
    Region$$Table$$Limit                     0x08004b70   Number         0  anon$$obj.o(Region$$Table)
    STOP_FIXED_STEPS_FLAG                    0x20000000   Data           1  application.o(.data)
    correction_value                         0x20000002   Data           2  application.o(.data)
    Input_Array                              0x20000008   Data           8  application.o(.data)
    old_inputs                               0x20000010   Data           8  application.o(.data)
    calibration_adc_array_volt               0x20000018   Data          80  arrays_calibration_firing.o(.data)
    calibration_array_in_voltage             0x20000068   Data          80  arrays_calibration_firing.o(.data)
    single_setpoint_flag                     0x200000b8   Data           1  auto_mode.o(.data)
    user_defined_process_begining            0x200000b9   Data           1  auto_mode.o(.data)
    user_defined_process_ending              0x200000ba   Data           1  auto_mode.o(.data)
    multi_set_point_status_flag              0x200000bb   Data           1  auto_mode.o(.data)
    counter_of_no_of_entered_process         0x200000bc   Data           1  auto_mode.o(.data)
    START_FINE_TUNE_OPERATION_IN_AUTO_MODE   0x200000bd   Data           1  auto_mode.o(.data)
    mode                                     0x200000be   Data           1  auto_mode.o(.data)
    process_begin                            0x200000bf   Data           1  auto_mode.o(.data)
    process_end                              0x200000c0   Data           1  auto_mode.o(.data)
    limit_of_end_voltage                     0x200000c1   Data           1  auto_mode.o(.data)
    prev_id                                  0x200000c2   Data           1  auto_mode.o(.data)
    pid_fine_tune_value                      0x200000c6   Data           2  auto_mode.o(.data)
    current_setting                          0x200000c8   Data           2  auto_mode.o(.data)
    best_index                               0x200000ca   Data           2  auto_mode.o(.data)
    I_fine_tune_total                        0x200000cc   Data           4  auto_mode.o(.data)
    yy                                       0x200000d0   Data           4  auto_mode.o(.data)
    yyy                                      0x200000d4   Data           4  auto_mode.o(.data)
    R_fine_tune_total                        0x200000d8   Data           8  auto_mode.o(.data)
    R                                        0x200000e0   Data          64  auto_mode.o(.data)
    new_firing_order_flag                    0x20000120   Data           1  firing.o(.data)
    START_FINE_TUNE_OPERATION_IN_MANUAL_MODE 0x20000121   Data           1  firing.o(.data)
    manual_fine_tune_step_value              0x20000122   Data           2  firing.o(.data)
    pwm_value                                0x20000124   Data           2  firing.o(.data)
    FRAMES_RX_FLAG                           0x20000128   Data           1  hmi_communication.o(.data)
    rx_buff                                  0x20000129   Data           1  hmi_communication.o(.data)
    read                                     0x2000012a   Data           1  hmi_communication.o(.data)
    no_of_messeges                           0x2000012b   Data           1  hmi_communication.o(.data)
    write                                    0x2000012f   Data           1  hmi_communication.o(.data)
    rx_flag                                  0x20000130   Data           1  hmi_communication.o(.data)
    Address                                  0x20000134   Data           4  hmi_communication.o(.data)
    Value                                    0x20000138   Data           4  hmi_communication.o(.data)
    text_array                               0x2000013c   Data          39  hmi_communication.o(.data)
    problem                                  0x20000163   Data           1  hmi_communication.o(.data)
    beepbeep_time                            0x20000164   Data           1  hmi_handler.o(.data)
    new_current_unpushed_flag                0x20000165   Data           1  hmi_handler.o(.data)
    counter_of_flashing_addresses            0x20000166   Data           1  hmi_handler.o(.data)
    STEP_STATE_ARRAY                         0x20000168   Data           8  hmi_handler.o(.data)
    steps_hmi_addresses_array                0x20000170   Data          32  hmi_handler.o(.data)
    start_calculating_flag                   0x20000190   Data           1  measurement.o(.data)
    complete_measure_flag_for_display        0x20000191   Data           1  measurement.o(.data)
    complete_measure_flag_for_end_voltage    0x20000192   Data           1  measurement.o(.data)
    complete_measure_flag_for_pid            0x20000193   Data           1  measurement.o(.data)
    counter_display                          0x20000194   Data           1  measurement.o(.data)
    samples_counter                          0x20000196   Data           2  measurement.o(.data)
    total_measured_ampere_for_display        0x20000198   Data           2  measurement.o(.data)
    total_measured_ampere                    0x2000019a   Data           2  measurement.o(.data)
    value_for_diplay                         0x200001a0   Data           2  measurement.o(.data)
    accumulator_total_measured_ampere_for_display 0x200001a4   Data           4  measurement.o(.data)
    R_MEASURED_FINE_TUNE                     0x200001a8   Data           4  measurement.o(.data)
    x                                        0x200001ac   Data           6  measurement.o(.data)
    AVERAGE_ADC_IN_REEL_UNIT                 0x200001b2   Data           6  measurement.o(.data)
    accumlated_samples_per_channel           0x200001b8   Data           8  measurement.o(.data)
    error_flag                               0x200001c0   Data           1  queue_dgus_rx.o(.data)
    block                                    0x200001c1   Data           1  queue_dgus_rx.o(.data)
    messeges_count                           0x200001c4   Data           4  queue_dgus_rx.o(.data)
    front                                    0x200001c8   Data           4  queue_dgus_rx.o(.data)
    rear                                     0x200001cc   Data           4  queue_dgus_rx.o(.data)
    _500miles_flag                           0x200001d0   Data           1  time_handler.o(.data)
    _1mile_flag                              0x200001d1   Data           1  time_handler.o(.data)
    _3mile_flag                              0x200001d2   Data           1  time_handler.o(.data)
    _10miles_flag                            0x200001d3   Data           1  time_handler.o(.data)
    enque_counter                            0x200001d4   Data           1  time_handler.o(.data)
    half_seconds_counter                     0x200001d6   Data           2  time_handler.o(.data)
    FAN_STOP_counter                         0x200001d8   Data           2  time_handler.o(.data)
    counter_of_50_micros_for_general_use     0x200001dc   Data           4  time_handler.o(.data)
    funcution_time_counter                   0x200001e8   Data           8  time_handler.o(.data)
    counter_next_prev                        0x200001f0   Data           1  measurement_history.o(.data)
    record_on_flag                           0x200001f1   Data           1  measurement_history.o(.data)
    variable                                 0x200001f2   Data           1  measurement_history.o(.data)
    half_sec_count_history                   0x200001f4   Data           2  measurement_history.o(.data)
    Current_Duration_Data                    0x20000200   Data           4  time_based_table_operation.o(.data)
    uwTick                                   0x20000204   Data           4  stm32f0xx_hal.o(.data)
    SystemCoreClock                          0x20000208   Data           4  system_stm32f0xx.o(.data)
    current_and_time_values_array            0x2000020c   Data         144  auto_mode.o(.bss)
    array_of_currents                        0x2000029c   Data          32  auto_mode.o(.bss)
    array_of_possible_probabilities          0x200002bc   Data         512  auto_mode.o(.bss)
    array_of_diffirence                      0x200004bc   Data        1024  auto_mode.o(.bss)
    rx_array                                 0x200008bc   Data          24  hmi_communication.o(.bss)
    displayed_hmi_values                     0x20000938   Data         294  hmi_handler.o(.bss)
    array_of_flashing_adresses               0x20000a5e   Data          64  hmi_handler.o(.bss)
    sum_sample                               0x20000aa0   Data          24  measurement.o(.bss)
    accumlated_summtion                      0x20000ab8   Data          24  measurement.o(.bss)
    AVERAGE_ADC                              0x20000ad0   Data          12  measurement.o(.bss)
    measure_accumulator_value                0x20000ae0   Data          24  measurement.o(.bss)
    accumulator_display                      0x20000af8   Data          12  measurement.o(.bss)
    fixed_steps_measured_currents            0x20000b04   Data          32  measurement.o(.bss)
    sample                                   0x20000b24   Data          12  measurement.o(.bss)
    pid                                      0x20000b30   Data          56  pid.o(.bss)
    A                                        0x20000b68   Data         808  queue_dgus_rx.o(.bss)
    array_current                            0x20000e90   Data         144  measurement_history.o(.bss)
    array_volt                               0x20000f20   Data         144  measurement_history.o(.bss)
    hadc                                     0x20000fbc   Data          76  adc.o(.bss)
    hdma_adc                                 0x20001008   Data          68  adc.o(.bss)
    htim1                                    0x2000104c   Data          64  tim.o(.bss)
    htim3                                    0x2000108c   Data          64  tim.o(.bss)
    huart1                                   0x200010cc   Data         112  usart.o(.bss)
    hdma_usart1_tx                           0x2000113c   Data          68  usart.o(.bss)
    hdma_usart1_rx                           0x20001180   Data          68  usart.o(.bss)
    __initial_sp                             0x200015c8   Data           0  startup_stm32f051x8.o(STACK)



==============================================================================

Memory Map of the image

  Image Entry point : 0x080000bd

  Load Region LR_IROM1 (Base: 0x08000000, Size: 0x00004d7c, Max: 0x00010000, ABSOLUTE, COMPRESSED[0x00004c44])

    Execution Region ER_IROM1 (Exec base: 0x08000000, Load base: 0x08000000, Size: 0x00004b70, Max: 0x00010000, ABSOLUTE)

    Exec Addr    Load Addr    Size         Type   Attr      Idx    E Section Name        Object

    0x08000000   0x08000000   0x000000bc   Data   RO            3    RESET               startup_stm32f051x8.o
    0x080000bc   0x080000bc   0x00000000   Code   RO         4146  * .ARM.Collect$$$$00000000  mc_p.l(entry.o)
    0x080000bc   0x080000bc   0x00000004   Code   RO         4203    .ARM.Collect$$$$00000001  mc_p.l(entry2.o)
    0x080000c0   0x080000c0   0x00000004   Code   RO         4206    .ARM.Collect$$$$00000004  mc_p.l(entry5.o)
    0x080000c4   0x080000c4   0x00000000   Code   RO         4208    .ARM.Collect$$$$00000008  mc_p.l(entry7b.o)
    0x080000c4   0x080000c4   0x00000000   Code   RO         4210    .ARM.Collect$$$$0000000A  mc_p.l(entry8b.o)
    0x080000c4   0x080000c4   0x00000008   Code   RO         4211    .ARM.Collect$$$$0000000B  mc_p.l(entry9a.o)
    0x080000cc   0x080000cc   0x00000004   Code   RO         4218    .ARM.Collect$$$$0000000E  mc_p.l(entry12b.o)
    0x080000d0   0x080000d0   0x00000000   Code   RO         4213    .ARM.Collect$$$$0000000F  mc_p.l(entry10a.o)
    0x080000d0   0x080000d0   0x00000000   Code   RO         4215    .ARM.Collect$$$$00000011  mc_p.l(entry11a.o)
    0x080000d0   0x080000d0   0x00000004   Code   RO         4204    .ARM.Collect$$$$00002712  mc_p.l(entry2.o)
    0x080000d4   0x080000d4   0x0000001c   Code   RO            4    .text               startup_stm32f051x8.o
    0x080000f0   0x080000f0   0x0000002c   Code   RO         4149    .text               mc_p.l(uidiv.o)
    0x0800011c   0x0800011c   0x00000028   Code   RO         4151    .text               mc_p.l(idiv.o)
    0x08000144   0x08000144   0x00000022   Code   RO         4153    .text               mc_p.l(llushr.o)
    0x08000166   0x08000166   0x00000024   Code   RO         4155    .text               mc_p.l(memcpya.o)
    0x0800018a   0x0800018a   0x00000024   Code   RO         4157    .text               mc_p.l(memseta.o)
    0x080001ae   0x080001ae   0x000000b2   Code   RO         4161    .text               mf_p.l(fadd.o)
    0x08000260   0x08000260   0x0000007a   Code   RO         4163    .text               mf_p.l(fmul.o)
    0x080002da   0x080002da   0x0000007c   Code   RO         4165    .text               mf_p.l(fdiv.o)
    0x08000356   0x08000356   0x00000018   Code   RO         4167    .text               mf_p.l(fscalb.o)
    0x0800036e   0x0800036e   0x00000002   PAD
    0x08000370   0x08000370   0x00000168   Code   RO         4169    .text               mf_p.l(dadd.o)
    0x080004d8   0x080004d8   0x000000d0   Code   RO         4171    .text               mf_p.l(dmul.o)
    0x080005a8   0x080005a8   0x000000f0   Code   RO         4173    .text               mf_p.l(ddiv.o)
    0x08000698   0x08000698   0x00000016   Code   RO         4175    .text               mf_p.l(fflti.o)
    0x080006ae   0x080006ae   0x0000000e   Code   RO         4177    .text               mf_p.l(ffltui.o)
    0x080006bc   0x080006bc   0x0000001c   Code   RO         4179    .text               mf_p.l(dfltui.o)
    0x080006d8   0x080006d8   0x0000001c   Code   RO         4181    .text               mf_p.l(dfltul.o)
    0x080006f4   0x080006f4   0x00000032   Code   RO         4183    .text               mf_p.l(ffixi.o)
    0x08000726   0x08000726   0x00000028   Code   RO         4185    .text               mf_p.l(ffixui.o)
    0x0800074e   0x0800074e   0x00000002   PAD
    0x08000750   0x08000750   0x00000048   Code   RO         4187    .text               mf_p.l(dfixi.o)
    0x08000798   0x08000798   0x0000003c   Code   RO         4189    .text               mf_p.l(dfixui.o)
    0x080007d4   0x080007d4   0x00000028   Code   RO         4191    .text               mf_p.l(f2d.o)
    0x080007fc   0x080007fc   0x00000028   Code   RO         4193    .text               mf_p.l(cdcmple.o)
    0x08000824   0x08000824   0x00000028   Code   RO         4195    .text               mf_p.l(cdrcmple.o)
    0x0800084c   0x0800084c   0x00000038   Code   RO         4197    .text               mf_p.l(d2f.o)
    0x08000884   0x08000884   0x00000014   Code   RO         4199    .text               mf_p.l(cfcmple.o)
    0x08000898   0x08000898   0x00000014   Code   RO         4201    .text               mf_p.l(cfrcmple.o)
    0x080008ac   0x080008ac   0x00000020   Code   RO         4219    .text               mc_p.l(llshl.o)
    0x080008cc   0x080008cc   0x00000026   Code   RO         4221    .text               mc_p.l(llsshr.o)
    0x080008f2   0x080008f2   0x00000000   Code   RO         4223    .text               mc_p.l(iusefp.o)
    0x080008f2   0x080008f2   0x00000082   Code   RO         4224    .text               mf_p.l(fepilogue.o)
    0x08000974   0x08000974   0x000000be   Code   RO         4226    .text               mf_p.l(depilogue.o)
    0x08000a32   0x08000a32   0x00000002   PAD
    0x08000a34   0x08000a34   0x00000024   Code   RO         4230    .text               mc_p.l(init.o)
    0x08000a58   0x08000a58   0x00000056   Code   RO         4240    .text               mc_p.l(__dczerorl2.o)
    0x08000aae   0x08000aae   0x00000002   PAD
    0x08000ab0   0x08000ab0   0x00000010   Code   RO         1138    i.ADC1_COMP_IRQHandler  stm32f0xx_it.o
    0x08000ac0   0x08000ac0   0x0000006c   Code   RO         1342    i.ADC_DMAConvCplt   stm32f0xx_hal_adc.o
    0x08000b2c   0x08000b2c   0x0000001a   Code   RO         1343    i.ADC_DMAError      stm32f0xx_hal_adc.o
    0x08000b46   0x08000b46   0x0000000a   Code   RO         1344    i.ADC_DMAHalfConvCplt  stm32f0xx_hal_adc.o
    0x08000b50   0x08000b50   0x00000084   Code   RO         1346    i.ADC_Enable        stm32f0xx_hal_adc.o
    0x08000bd4   0x08000bd4   0x00000028   Code   RO          497    i.DISPLAY_MEASUREMENT  hmi_handler.o
    0x08000bfc   0x08000bfc   0x00000010   Code   RO         1139    i.DMA1_Channel1_IRQHandler  stm32f0xx_it.o
    0x08000c0c   0x08000c0c   0x00000018   Code   RO         1140    i.DMA1_Channel2_3_IRQHandler  stm32f0xx_it.o
    0x08000c24   0x08000c24   0x00000024   Code   RO         3614    i.DMA_CalcBaseAndBitshift  stm32f0xx_hal_dma.o
    0x08000c48   0x08000c48   0x00000028   Code   RO         3615    i.DMA_SetConfig     stm32f0xx_hal_dma.o
    0x08000c70   0x08000c70   0x00000058   Code   RO          709    i.Dequeue           queue_dgus_rx.o
    0x08000cc8   0x08000cc8   0x00000034   Code   RO          862    i.Duration_Counter_Process  time_based_table_operation.o
    0x08000cfc   0x08000cfc   0x00000064   Code   RO          710    i.Enqueue           queue_dgus_rx.o
    0x08000d60   0x08000d60   0x00000002   Code   RO          928    i.Error_Handler     main.o
    0x08000d62   0x08000d62   0x00000002   PAD
    0x08000d64   0x08000d64   0x00000070   Code   RO          498    i.FLASH_ON_HMI      hmi_handler.o
    0x08000dd4   0x08000dd4   0x00000010   Code   RO          863    i.Get_Interval_Currentstatus  time_based_table_operation.o
    0x08000de4   0x08000de4   0x000000b0   Code   RO         1517    i.HAL_ADCEx_Calibration_Start  stm32f0xx_hal_adc_ex.o
    0x08000e94   0x08000e94   0x0000012c   Code   RO         1348    i.HAL_ADC_ConfigChannel  stm32f0xx_hal_adc.o
    0x08000fc0   0x08000fc0   0x00000008   Code   RO          560    i.HAL_ADC_ConvCpltCallback  measurement.o
    0x08000fc8   0x08000fc8   0x00000002   Code   RO         1350    i.HAL_ADC_ConvHalfCpltCallback  stm32f0xx_hal_adc.o
    0x08000fca   0x08000fca   0x00000002   Code   RO         1352    i.HAL_ADC_ErrorCallback  stm32f0xx_hal_adc.o
    0x08000fcc   0x08000fcc   0x000000d0   Code   RO         1356    i.HAL_ADC_IRQHandler  stm32f0xx_hal_adc.o
    0x0800109c   0x0800109c   0x00000174   Code   RO         1357    i.HAL_ADC_Init      stm32f0xx_hal_adc.o
    0x08001210   0x08001210   0x00000002   Code   RO         1358    i.HAL_ADC_LevelOutOfWindowCallback  stm32f0xx_hal_adc.o
    0x08001212   0x08001212   0x00000002   PAD
    0x08001214   0x08001214   0x000000a0   Code   RO          993    i.HAL_ADC_MspInit   adc.o
    0x080012b4   0x080012b4   0x000000a0   Code   RO         1364    i.HAL_ADC_Start_DMA  stm32f0xx_hal_adc.o
    0x08001354   0x08001354   0x00000048   Code   RO         3617    i.HAL_DMA_Abort_IT  stm32f0xx_hal_dma.o
    0x0800139c   0x0800139c   0x0000009c   Code   RO         3621    i.HAL_DMA_IRQHandler  stm32f0xx_hal_dma.o
    0x08001438   0x08001438   0x00000058   Code   RO         3622    i.HAL_DMA_Init      stm32f0xx_hal_dma.o
    0x08001490   0x08001490   0x0000006a   Code   RO         3626    i.HAL_DMA_Start_IT  stm32f0xx_hal_dma.o
    0x080014fa   0x080014fa   0x0000001c   Code   RO         2946    i.HAL_Delay         stm32f0xx_hal.o
    0x08001516   0x08001516   0x00000002   PAD
    0x08001518   0x08001518   0x00000148   Code   RO         3555    i.HAL_GPIO_Init     stm32f0xx_hal_gpio.o
    0x08001660   0x08001660   0x0000000a   Code   RO         3557    i.HAL_GPIO_ReadPin  stm32f0xx_hal_gpio.o
    0x0800166a   0x0800166a   0x0000000c   Code   RO         3559    i.HAL_GPIO_WritePin  stm32f0xx_hal_gpio.o
    0x08001676   0x08001676   0x00000002   PAD
    0x08001678   0x08001678   0x0000000c   Code   RO         2950    i.HAL_GetTick       stm32f0xx_hal.o
    0x08001684   0x08001684   0x00000010   Code   RO         2954    i.HAL_IncTick       stm32f0xx_hal.o
    0x08001694   0x08001694   0x00000020   Code   RO         2955    i.HAL_Init          stm32f0xx_hal.o
    0x080016b4   0x080016b4   0x00000022   Code   RO         2956    i.HAL_InitTick      stm32f0xx_hal.o
    0x080016d6   0x080016d6   0x00000002   PAD
    0x080016d8   0x080016d8   0x00000028   Code   RO         1216    i.HAL_MspInit       stm32f0xx_hal_msp.o
    0x08001700   0x08001700   0x00000014   Code   RO         3712    i.HAL_NVIC_EnableIRQ  stm32f0xx_hal_cortex.o
    0x08001714   0x08001714   0x00000008   Code   RO         3716    i.HAL_NVIC_SetPriority  stm32f0xx_hal_cortex.o
    0x0800171c   0x0800171c   0x000000f8   Code   RO         2911    i.HAL_RCCEx_PeriphCLKConfig  stm32f0xx_hal_rcc_ex.o
    0x08001814   0x08001814   0x0000012c   Code   RO         2818    i.HAL_RCC_ClockConfig  stm32f0xx_hal_rcc.o
    0x08001940   0x08001940   0x0000000c   Code   RO         2823    i.HAL_RCC_GetHCLKFreq  stm32f0xx_hal_rcc.o
    0x0800194c   0x0800194c   0x00000020   Code   RO         2825    i.HAL_RCC_GetPCLK1Freq  stm32f0xx_hal_rcc.o
    0x0800196c   0x0800196c   0x00000078   Code   RO         2826    i.HAL_RCC_GetSysClockFreq  stm32f0xx_hal_rcc.o
    0x080019e4   0x080019e4   0x00000354   Code   RO         2829    i.HAL_RCC_OscConfig  stm32f0xx_hal_rcc.o
    0x08001d38   0x08001d38   0x00000030   Code   RO         3720    i.HAL_SYSTICK_Config  stm32f0xx_hal_cortex.o
    0x08001d68   0x08001d68   0x00000002   Code   RO         2176    i.HAL_TIMEx_BreakCallback  stm32f0xx_hal_tim_ex.o
    0x08001d6a   0x08001d6a   0x00000002   Code   RO         2177    i.HAL_TIMEx_CommutationCallback  stm32f0xx_hal_tim_ex.o
    0x08001d6c   0x08001d6c   0x00000060   Code   RO         2178    i.HAL_TIMEx_ConfigBreakDeadTime  stm32f0xx_hal_tim_ex.o
    0x08001dcc   0x08001dcc   0x00000048   Code   RO         2193    i.HAL_TIMEx_MasterConfigSynchronization  stm32f0xx_hal_tim_ex.o
    0x08001e14   0x08001e14   0x00000034   Code   RO         1539    i.HAL_TIM_Base_Init  stm32f0xx_hal_tim.o
    0x08001e48   0x08001e48   0x00000050   Code   RO         1051    i.HAL_TIM_Base_MspInit  tim.o
    0x08001e98   0x08001e98   0x00000018   Code   RO         1542    i.HAL_TIM_Base_Start  stm32f0xx_hal_tim.o
    0x08001eb0   0x08001eb0   0x00000016   Code   RO         1544    i.HAL_TIM_Base_Start_IT  stm32f0xx_hal_tim.o
    0x08001ec6   0x08001ec6   0x000000ee   Code   RO         1548    i.HAL_TIM_ConfigClockSource  stm32f0xx_hal_tim.o
    0x08001fb4   0x08001fb4   0x00000002   Code   RO         1570    i.HAL_TIM_IC_CaptureCallback  stm32f0xx_hal_tim.o
    0x08001fb6   0x08001fb6   0x00000162   Code   RO         1583    i.HAL_TIM_IRQHandler  stm32f0xx_hal_tim.o
    0x08002118   0x08002118   0x00000050   Code   RO         1052    i.HAL_TIM_MspPostInit  tim.o
    0x08002168   0x08002168   0x00000002   Code   RO         1586    i.HAL_TIM_OC_DelayElapsedCallback  stm32f0xx_hal_tim.o
    0x0800216a   0x0800216a   0x000000d0   Code   RO         1607    i.HAL_TIM_PWM_ConfigChannel  stm32f0xx_hal_tim.o
    0x0800223a   0x0800223a   0x00000034   Code   RO         1610    i.HAL_TIM_PWM_Init  stm32f0xx_hal_tim.o
    0x0800226e   0x0800226e   0x00000002   Code   RO         1612    i.HAL_TIM_PWM_MspInit  stm32f0xx_hal_tim.o
    0x08002270   0x08002270   0x00000002   Code   RO         1613    i.HAL_TIM_PWM_PulseFinishedCallback  stm32f0xx_hal_tim.o
    0x08002272   0x08002272   0x00000002   PAD
    0x08002274   0x08002274   0x00000050   Code   RO         1614    i.HAL_TIM_PWM_Start  stm32f0xx_hal_tim.o
    0x080022c4   0x080022c4   0x00000074   Code   RO         1617    i.HAL_TIM_PWM_Stop  stm32f0xx_hal_tim.o
    0x08002338   0x08002338   0x00000068   Code   RO          762    i.HAL_TIM_PeriodElapsedCallback  time_handler.o
    0x080023a0   0x080023a0   0x00000002   Code   RO         1624    i.HAL_TIM_TriggerCallback  stm32f0xx_hal_tim.o
    0x080023a2   0x080023a2   0x00000002   Code   RO         2762    i.HAL_UARTEx_WakeupCallback  stm32f0xx_hal_uart_ex.o
    0x080023a4   0x080023a4   0x00000002   Code   RO         2437    i.HAL_UART_ErrorCallback  stm32f0xx_hal_uart.o
    0x080023a6   0x080023a6   0x00000002   PAD
    0x080023a8   0x080023a8   0x00000134   Code   RO         2440    i.HAL_UART_IRQHandler  stm32f0xx_hal_uart.o
    0x080024dc   0x080024dc   0x0000006c   Code   RO         2441    i.HAL_UART_Init     stm32f0xx_hal_uart.o
    0x08002548   0x08002548   0x000000d0   Code   RO         1101    i.HAL_UART_MspInit  usart.o
    0x08002618   0x08002618   0x000000a4   Code   RO         2445    i.HAL_UART_Receive_DMA  stm32f0xx_hal_uart.o
    0x080026bc   0x080026bc   0x00000068   Code   RO          429    i.HAL_UART_RxCpltCallback  hmi_communication.o
    0x08002724   0x08002724   0x00000002   Code   RO         2448    i.HAL_UART_RxHalfCpltCallback  stm32f0xx_hal_uart.o
    0x08002726   0x08002726   0x00000002   PAD
    0x08002728   0x08002728   0x00000098   Code   RO         2450    i.HAL_UART_Transmit_DMA  stm32f0xx_hal_uart.o
    0x080027c0   0x080027c0   0x00000002   Code   RO         2452    i.HAL_UART_TxCpltCallback  stm32f0xx_hal_uart.o
    0x080027c2   0x080027c2   0x00000002   Code   RO         2453    i.HAL_UART_TxHalfCpltCallback  stm32f0xx_hal_uart.o
    0x080027c4   0x080027c4   0x000001c4   Code   RO          499    i.HMI_Addresses     hmi_handler.o
    0x08002988   0x08002988   0x00000002   Code   RO         1141    i.HardFault_Handler  stm32f0xx_it.o
    0x0800298a   0x0800298a   0x00000002   PAD
    0x0800298c   0x0800298c   0x00000050   Code   RO           13    i.ILLUMINATE_STEPS_ON_HMI  application.o
    0x080029dc   0x080029dc   0x00000050   Code   RO          864    i.Interval_Switching_Action  time_based_table_operation.o
    0x08002a2c   0x08002a2c   0x00000014   Code   RO          711    i.IsEmpty           queue_dgus_rx.o
    0x08002a40   0x08002a40   0x00000014   Code   RO          712    i.IsFull            queue_dgus_rx.o
    0x08002a54   0x08002a54   0x00000158   Code   RO          561    i.MEASUREMENT_CALCULATION  measurement.o
    0x08002bac   0x08002bac   0x000000ec   Code   RO          763    i.MULTI_PURPOSE_TIMER  time_handler.o
    0x08002c98   0x08002c98   0x00000090   Code   RO          994    i.MX_ADC_Init       adc.o
    0x08002d28   0x08002d28   0x00000038   Code   RO         1030    i.MX_DMA_Init       dma.o
    0x08002d60   0x08002d60   0x00000100   Code   RO          972    i.MX_GPIO_Init      gpio.o
    0x08002e60   0x08002e60   0x000000d8   Code   RO         1053    i.MX_TIM1_Init      tim.o
    0x08002f38   0x08002f38   0x0000006c   Code   RO         1054    i.MX_TIM3_Init      tim.o
    0x08002fa4   0x08002fa4   0x00000038   Code   RO         1102    i.MX_USART1_UART_Init  usart.o
    0x08002fdc   0x08002fdc   0x00000002   Code   RO         1142    i.NMI_Handler       stm32f0xx_it.o
    0x08002fde   0x08002fde   0x00000002   PAD
    0x08002fe0   0x08002fe0   0x00000044   Code   RO         3722    i.NVIC_SetPriority  stm32f0xx_hal_cortex.o
    0x08003024   0x08003024   0x00000020   Code   RO          384    i.OFF_CURRENT       firing.o
    0x08003044   0x08003044   0x000000e2   Code   RO          648    i.PIDController_Update  pid.o
    0x08003126   0x08003126   0x00000002   PAD
    0x08003128   0x08003128   0x0000000c   Code   RO          866    i.Pause_Operation   time_based_table_operation.o
    0x08003134   0x08003134   0x00000002   Code   RO         1143    i.PendSV_Handler    stm32f0xx_it.o
    0x08003136   0x08003136   0x00000002   PAD
    0x08003138   0x08003138   0x000000a0   Code   RO           14    i.Process_Runing    application.o
    0x080031d8   0x080031d8   0x00000154   Code   RO           15    i.RELAYS_OPERATION  application.o
    0x0800332c   0x0800332c   0x00000074   Code   RO           16    i.Read_All_Signals  application.o
    0x080033a0   0x080033a0   0x0000000c   Code   RO          867    i.Resume_Operation  time_based_table_operation.o
    0x080033ac   0x080033ac   0x00000030   Code   RO          430    i.SEND_TO_HMI       hmi_communication.o
    0x080033dc   0x080033dc   0x00000002   Code   RO         1144    i.SVC_Handler       stm32f0xx_it.o
    0x080033de   0x080033de   0x00000002   PAD
    0x080033e0   0x080033e0   0x00000098   Code   RO          431    i.SerialEvent       hmi_communication.o
    0x08003478   0x08003478   0x00000024   Code   RO          868    i.Start_Operation   time_based_table_operation.o
    0x0800349c   0x0800349c   0x0000001c   Code   RO          869    i.Stop_Operation    time_based_table_operation.o
    0x080034b8   0x080034b8   0x00000068   Code   RO          805    i.Store_Value       measurement_history.o
    0x08003520   0x08003520   0x00000008   Code   RO         1145    i.SysTick_Handler   stm32f0xx_it.o
    0x08003528   0x08003528   0x0000005c   Code   RO          929    i.SystemClock_Config  main.o
    0x08003584   0x08003584   0x0000005c   Code   RO         4115    i.SystemInit        system_stm32f0xx.o
    0x080035e0   0x080035e0   0x00000010   Code   RO         1146    i.TIM3_IRQHandler   stm32f0xx_it.o
    0x080035f0   0x080035f0   0x00000094   Code   RO         1625    i.TIM_Base_SetConfig  stm32f0xx_hal_tim.o
    0x08003684   0x08003684   0x00000016   Code   RO         1626    i.TIM_CCxChannelCmd  stm32f0xx_hal_tim.o
    0x0800369a   0x0800369a   0x00000016   Code   RO         1632    i.TIM_ETR_SetConfig  stm32f0xx_hal_tim.o
    0x080036b0   0x080036b0   0x00000010   Code   RO         1633    i.TIM_ITRx_SetConfig  stm32f0xx_hal_tim.o
    0x080036c0   0x080036c0   0x00000088   Code   RO         1634    i.TIM_OC1_SetConfig  stm32f0xx_hal_tim.o
    0x08003748   0x08003748   0x00000080   Code   RO         1635    i.TIM_OC2_SetConfig  stm32f0xx_hal_tim.o
    0x080037c8   0x080037c8   0x00000084   Code   RO         1636    i.TIM_OC3_SetConfig  stm32f0xx_hal_tim.o
    0x0800384c   0x0800384c   0x0000006c   Code   RO         1637    i.TIM_OC4_SetConfig  stm32f0xx_hal_tim.o
    0x080038b8   0x080038b8   0x00000022   Code   RO         1639    i.TIM_TI1_ConfigInputStage  stm32f0xx_hal_tim.o
    0x080038da   0x080038da   0x00000026   Code   RO         1641    i.TIM_TI2_ConfigInputStage  stm32f0xx_hal_tim.o
    0x08003900   0x08003900   0x000000ca   Code   RO         2454    i.UART_AdvFeatureConfig  stm32f0xx_hal_uart.o
    0x080039ca   0x080039ca   0x00000002   PAD
    0x080039cc   0x080039cc   0x00000068   Code   RO         2455    i.UART_CheckIdleState  stm32f0xx_hal_uart.o
    0x08003a34   0x08003a34   0x00000014   Code   RO         2456    i.UART_DMAAbortOnError  stm32f0xx_hal_uart.o
    0x08003a48   0x08003a48   0x0000004a   Code   RO         2457    i.UART_DMAError     stm32f0xx_hal_uart.o
    0x08003a92   0x08003a92   0x00000040   Code   RO         2458    i.UART_DMAReceiveCplt  stm32f0xx_hal_uart.o
    0x08003ad2   0x08003ad2   0x0000000a   Code   RO         2460    i.UART_DMARxHalfCplt  stm32f0xx_hal_uart.o
    0x08003adc   0x08003adc   0x00000030   Code   RO         2462    i.UART_DMATransmitCplt  stm32f0xx_hal_uart.o
    0x08003b0c   0x08003b0c   0x0000000a   Code   RO         2464    i.UART_DMATxHalfCplt  stm32f0xx_hal_uart.o
    0x08003b16   0x08003b16   0x0000001e   Code   RO         2466    i.UART_EndRxTransfer  stm32f0xx_hal_uart.o
    0x08003b34   0x08003b34   0x0000001a   Code   RO         2467    i.UART_EndTransmit_IT  stm32f0xx_hal_uart.o
    0x08003b4e   0x08003b4e   0x00000012   Code   RO         2468    i.UART_EndTxTransfer  stm32f0xx_hal_uart.o
    0x08003b60   0x08003b60   0x0000007a   Code   RO         2469    i.UART_Receive_IT   stm32f0xx_hal_uart.o
    0x08003bda   0x08003bda   0x00000002   PAD
    0x08003bdc   0x08003bdc   0x00000130   Code   RO         2470    i.UART_SetConfig    stm32f0xx_hal_uart.o
    0x08003d0c   0x08003d0c   0x00000066   Code   RO         2471    i.UART_Transmit_IT  stm32f0xx_hal_uart.o
    0x08003d72   0x08003d72   0x00000062   Code   RO         2472    i.UART_WaitOnFlagUntilTimeout  stm32f0xx_hal_uart.o
    0x08003dd4   0x08003dd4   0x00000010   Code   RO         1147    i.USART1_IRQHandler  stm32f0xx_it.o
    0x08003de4   0x08003de4   0x0000002e   Code   RO         4228    i.__ARM_clz         mf_p.l(depilogue.o)
    0x08003e12   0x08003e12   0x0000001a   Code   RO           74    i.__ARM_common_switch8  application.o
    0x08003e2c   0x08003e2c   0x0000000e   Code   RO         4234    i.__scatterload_copy  mc_p.l(handlers.o)
    0x08003e3a   0x08003e3a   0x00000002   Code   RO         4235    i.__scatterload_null  mc_p.l(handlers.o)
    0x08003e3c   0x08003e3c   0x0000000e   Code   RO         4236    i.__scatterload_zeroinit  mc_p.l(handlers.o)
    0x08003e4a   0x08003e4a   0x00000002   PAD
    0x08003e4c   0x08003e4c   0x00000028   Code   RO           17    i.all_contactors_updated  application.o
    0x08003e74   0x08003e74   0x0000012a   Code   RO          562    i.auto_calibration  measurement.o
    0x08003f9e   0x08003f9e   0x00000002   PAD
    0x08003fa0   0x08003fa0   0x00000040   Code   RO          247    i.auto_operation    auto_mode.o
    0x08003fe0   0x08003fe0   0x00000054   Code   RO          248    i.calculate_array_of_currents  auto_mode.o
    0x08004034   0x08004034   0x000000ac   Code   RO          563    i.calculate_average_for_display  measurement.o
    0x080040e0   0x080040e0   0x00000028   Code   RO          249    i.calculate_difference_array  auto_mode.o
    0x08004108   0x08004108   0x00000044   Code   RO          250    i.calculate_possible_probabilities  auto_mode.o
    0x0800414c   0x0800414c   0x00000034   Code   RO          251    i.calculate_process_begin_end  auto_mode.o
    0x08004180   0x08004180   0x0000003c   Code   RO          252    i.check_end_voltage_limitation  auto_mode.o
    0x080041bc   0x080041bc   0x000000a8   Code   RO          253    i.check_input_current_limits  auto_mode.o
    0x08004264   0x08004264   0x0000005c   Code   RO          254    i.determine_pwm_value  auto_mode.o
    0x080042c0   0x080042c0   0x0000004c   Code   RO          808    i.display_measure_history  measurement_history.o
    0x0800430c   0x0800430c   0x00000054   Code   RO          255    i.find_best_choice  auto_mode.o
    0x08004360   0x08004360   0x000000b0   Code   RO          385    i.firing            firing.o
    0x08004410   0x08004410   0x00000090   Code   RO          501    i.flashing_registeration  hmi_handler.o
    0x080044a0   0x080044a0   0x00000040   Code   RO          256    i.initiate_multiset_point_mode  auto_mode.o
    0x080044e0   0x080044e0   0x00000054   Code   RO          931    i.main              main.o
    0x08004534   0x08004534   0x0000004c   Code   RO          564    i.measure_10_msec   measurement.o
    0x08004580   0x08004580   0x00000028   Code   RO          565    i.measure_start_dma_adc  measurement.o
    0x080045a8   0x080045a8   0x00000040   Code   RO          566    i.measure_timer_it  measurement.o
    0x080045e8   0x080045e8   0x00000170   Code   RO          257    i.multi_set_point_operation  auto_mode.o
    0x08004758   0x08004758   0x00000030   Code   RO          258    i.on_the_suitable_steps  auto_mode.o
    0x08004788   0x08004788   0x0000002c   Code   RO          713    i.read_next_address_without_dequeue  queue_dgus_rx.o
    0x080047b4   0x080047b4   0x00000024   Code   RO          502    i.refresh_hmi_screen_while_unpushed  hmi_handler.o
    0x080047d8   0x080047d8   0x0000000a   Code   RO          259    i.replace           auto_mode.o
    0x080047e2   0x080047e2   0x00000002   PAD
    0x080047e4   0x080047e4   0x0000001c   Code   RO           18    i.search_if_any_step_on  application.o
    0x08004800   0x08004800   0x00000080   Code   RO          714    i.search_on_queue   queue_dgus_rx.o
    0x08004880   0x08004880   0x00000124   Code   RO          432    i.send_tx_queue_hmi_communication  hmi_communication.o
    0x080049a4   0x080049a4   0x0000000c   Code   RO          764    i.set_half_sec_counter  time_handler.o
    0x080049b0   0x080049b0   0x00000018   Code   RO          433    i.start_hmi_uart    hmi_communication.o
    0x080049c8   0x080049c8   0x000000dc   Code   RO          261    i.update_operation  auto_mode.o
    0x08004aa4   0x08004aa4   0x00000094   Code   RO           19    i.update_steps_and_pwm  application.o
    0x08004b38   0x08004b38   0x00000010   Data   RO         4116    .constdata          system_stm32f0xx.o
    0x08004b48   0x08004b48   0x00000008   Data   RO         4117    .constdata          system_stm32f0xx.o
    0x08004b50   0x08004b50   0x00000020   Data   RO         4232    Region$$Table       anon$$obj.o


    Execution Region RW_IRAM1 (Exec base: 0x20000000, Load base: 0x08004b70, Size: 0x000015c8, Max: 0x00002000, ABSOLUTE, COMPRESSED[0x000000d4])

    Exec Addr    Load Addr    Size         Type   Attr      Idx    E Section Name        Object

    0x20000000   COMPRESSED   0x00000018   Data   RW           20    .data               application.o
    0x20000018   COMPRESSED   0x00000050   Data   RW          223    .data               arrays_calibration_firing.o
    0x20000068   COMPRESSED   0x00000050   Data   RW          224    .data               arrays_calibration_firing.o
    0x200000b8   COMPRESSED   0x00000068   Data   RW          263    .data               auto_mode.o
    0x20000120   COMPRESSED   0x00000006   Data   RW          386    .data               firing.o
    0x20000126   COMPRESSED   0x00000002   PAD
    0x20000128   COMPRESSED   0x0000003b   Data   RW          436    .data               hmi_communication.o
    0x20000163   COMPRESSED   0x00000001   Data   RW          439    .data               hmi_communication.o
    0x20000164   COMPRESSED   0x0000002c   Data   RW          505    .data               hmi_handler.o
    0x20000190   COMPRESSED   0x00000030   Data   RW          571    .data               measurement.o
    0x200001c0   COMPRESSED   0x00000010   Data   RW          716    .data               queue_dgus_rx.o
    0x200001d0   COMPRESSED   0x00000020   Data   RW          765    .data               time_handler.o
    0x200001f0   COMPRESSED   0x00000006   Data   RW          810    .data               measurement_history.o
    0x200001f6   COMPRESSED   0x00000002   PAD
    0x200001f8   COMPRESSED   0x0000000c   Data   RW          871    .data               time_based_table_operation.o
    0x20000204   COMPRESSED   0x00000004   Data   RW         2961    .data               stm32f0xx_hal.o
    0x20000208   COMPRESSED   0x00000004   Data   RW         4118    .data               system_stm32f0xx.o
    0x2000020c        -       0x000006b0   Zero   RW          262    .bss                auto_mode.o
    0x200008bc        -       0x0000007c   Zero   RW          434    .bss                hmi_communication.o
    0x20000938        -       0x00000126   Zero   RW          503    .bss                hmi_handler.o
    0x20000a5e        -       0x00000040   Zero   RW          504    .bss                hmi_handler.o
    0x20000a9e   COMPRESSED   0x00000002   PAD
    0x20000aa0        -       0x00000090   Zero   RW          569    .bss                measurement.o
    0x20000b30        -       0x00000038   Zero   RW          649    .bss                pid.o
    0x20000b68        -       0x00000328   Zero   RW          715    .bss                queue_dgus_rx.o
    0x20000e90        -       0x00000120   Zero   RW          809    .bss                measurement_history.o
    0x20000fb0        -       0x0000000a   Zero   RW          870    .bss                time_based_table_operation.o
    0x20000fba   COMPRESSED   0x00000002   PAD
    0x20000fbc        -       0x00000090   Zero   RW          995    .bss                adc.o
    0x2000104c        -       0x00000080   Zero   RW         1055    .bss                tim.o
    0x200010cc        -       0x000000f8   Zero   RW         1103    .bss                usart.o
    0x200011c4   COMPRESSED   0x00000004   PAD
    0x200011c8        -       0x00000400   Zero   RW            1    STACK               startup_stm32f051x8.o


==============================================================================

Image component sizes


      Code (inc. data)   RO Data    RW Data    ZI Data      Debug   Object Name

       304         30          0          0        144       1680   adc.o
       938        164          0         24          0     331083   application.o
         0          0          0        160          0        975   arrays_calibration_firing.o
      1422        142          0        104       1712      11875   auto_mode.o
        56          4          0          0          0        694   dma.o
       208         46          0          6          0       2679   firing.o
       256         26          0          0          0        947   gpio.o
       620         54          0         60        124       5663   hmi_communication.o
       784        112          0         44        358       5393   hmi_handler.o
       178          4          0          0          0       2074   main.o
      1002         86          0         48        144       7619   measurement.o
       180         20          0          6        288       3001   measurement_history.o
       226          0          0          0         56       1861   pid.o
       400         42          0         16        808       4466   queue_dgus_rx.o
        28          8        188          0       1024        616   startup_stm32f051x8.o
       122         18          0          4          0       3531   stm32f0xx_hal.o
      1322         52          0          0          0       8182   stm32f0xx_hal_adc.o
       176          0          0          0          0       1358   stm32f0xx_hal_adc_ex.o
       144         24          0          0          0       8825   stm32f0xx_hal_cortex.o
       498         14          0          0          0       4726   stm32f0xx_hal_dma.o
       350         26          0          0          0       2811   stm32f0xx_hal_gpio.o
        40          6          0          0          0        774   stm32f0xx_hal_msp.o
      1316         94          0          0          0       4925   stm32f0xx_hal_rcc.o
       248         12          0          0          0       1352   stm32f0xx_hal_rcc_ex.o
      1940        132          0          0          0      16398   stm32f0xx_hal_tim.o
       172          0          0          0          0       3046   stm32f0xx_hal_tim_ex.o
      1972         64          0          0          0      15612   stm32f0xx_hal_uart.o
         2          0          0          0          0        952   stm32f0xx_hal_uart_ex.o
       104         32          0          0          0       4232   stm32f0xx_it.o
        92         14         24          4          0       1099   system_stm32f0xx.o
       484         48          0          0        128       2929   tim.o
       236         44          0         12         10       4732   time_based_table_operation.o
       352         42          0         32          0       3491   time_handler.o
       264         30          0          0        248       1712   usart.o

    ----------------------------------------------------------------------
     16470       1390        244        524       5052     471313   Object Totals
         0          0         32          0          0          0   (incl. Generated)
        34          0          0          4          8          0   (incl. Padding)

    ----------------------------------------------------------------------

      Code (inc. data)   RO Data    RW Data    ZI Data      Debug   Library Member Name

        86          0          0          0          0          0   __dczerorl2.o
         0          0          0          0          0          0   entry.o
         0          0          0          0          0          0   entry10a.o
         0          0          0          0          0          0   entry11a.o
         4          0          0          0          0          0   entry12b.o
         8          4          0          0          0          0   entry2.o
         4          0          0          0          0          0   entry5.o
         0          0          0          0          0          0   entry7b.o
         0          0          0          0          0          0   entry8b.o
         8          4          0          0          0          0   entry9a.o
        30          0          0          0          0          0   handlers.o
        40          0          0          0          0         72   idiv.o
        36          8          0          0          0         68   init.o
         0          0          0          0          0          0   iusefp.o
        32          0          0          0          0         68   llshl.o
        38          0          0          0          0         68   llsshr.o
        34          0          0          0          0         68   llushr.o
        36          0          0          0          0         60   memcpya.o
        36          0          0          0          0        100   memseta.o
        44          0          0          0          0         72   uidiv.o
        40          2          0          0          0         68   cdcmple.o
        40          2          0          0          0         68   cdrcmple.o
        20          0          0          0          0         68   cfcmple.o
        20          0          0          0          0         68   cfrcmple.o
        56          0          0          0          0         68   d2f.o
       360          6          0          0          0        140   dadd.o
       240          6          0          0          0         84   ddiv.o
       236          0          0          0          0        216   depilogue.o
        72         10          0          0          0         72   dfixi.o
        60         10          0          0          0         68   dfixui.o
        28          4          0          0          0         68   dfltui.o
        28          6          0          0          0         68   dfltul.o
       208          6          0          0          0         88   dmul.o
        40          0          0          0          0         60   f2d.o
       178          0          0          0          0        108   fadd.o
       124          0          0          0          0         72   fdiv.o
       130          0          0          0          0        144   fepilogue.o
        50          0          0          0          0         60   ffixi.o
        40          0          0          0          0         60   ffixui.o
        22          0          0          0          0         68   fflti.o
        14          0          0          0          0         68   ffltui.o
       122          0          0          0          0         72   fmul.o
        24          0          0          0          0         60   fscalb.o

    ----------------------------------------------------------------------
      2598         68          0          0          0       2492   Library Totals
        10          0          0          0          0          0   (incl. Padding)

    ----------------------------------------------------------------------

      Code (inc. data)   RO Data    RW Data    ZI Data      Debug   Library Name

       436         16          0          0          0        576   mc_p.l
      2152         52          0          0          0       1916   mf_p.l

    ----------------------------------------------------------------------
      2598         68          0          0          0       2492   Library Totals

    ----------------------------------------------------------------------

==============================================================================


      Code (inc. data)   RO Data    RW Data    ZI Data      Debug   

     19068       1458        244        524       5052     465197   Grand Totals
     19068       1458        244        212       5052     465197   ELF Image Totals (compressed)
     19068       1458        244        212          0          0   ROM Totals

==============================================================================

    Total RO  Size (Code + RO Data)                19312 (  18.86kB)
    Total RW  Size (RW Data + ZI Data)              5576 (   5.45kB)
    Total ROM Size (Code + RO Data + RW Data)      19524 (  19.07kB)

==============================================================================

